06-04 22:52:01.687 2193-6661/? I/BroadcastQueue: am_broadcast_enqueue: [background,0,Intent { act=X.1tn.NETWORKING_ACTIVE flg=0x10 (has extras) },1]
06-04 22:52:01.714 2193-2225/? I/BroadcastQueue: am_broadcast_finished: [background,0,Intent { act=X.1tn.NETWORKING_ACTIVE flg=0x10 (has extras) }]
06-04 22:52:03.757 2193-2713/? I/BroadcastQueue: am_broadcast_enqueue: [background,0,Intent { act=X.1tn.NETWORKING_INACTIVE flg=0x10 (has extras) },1]
06-04 22:52:03.760 2193-2225/? I/BroadcastQueue: am_broadcast_finished: [background,0,Intent { act=X.1tn.NETWORKING_INACTIVE flg=0x10 (has extras) }]
06-04 22:52:04.536 3167-3167/? W/GCM-DMM: Force release of GOOGLE_C2DM lock
06-04 22:52:04.577 12226-12226/? W/qcom-system-dae: type=1400 audit(0.0:37684): avc: denied { read write } for name="diag" dev="tmpfs" ino=1969 scontext=u:r:qcomsysd:s0 tcontext=u:object_r:diag_device:s0 tclass=chr_file permissive=0 ppid=1 pcomm="init" pgid=1 pgcomm="init"
06-04 22:52:04.581 12226-12226/? I/libmdmdetect: ESOC framework not supported
06-04 22:52:04.581 12226-12226/? I/libmdmdetect: Found internal modem: modem
06-04 22:52:04.581 12226-12226/? E/QCOMSysDaemon: Can't find/open bootselect node: (No such file or directory)
06-04 22:52:04.581 12226-12226/? I/QCOMSysDaemon: Starting qcom system daemon
06-04 22:52:04.582 12226-12226/? E/Diag_Lib:  Diag_LSM_Init: Failed to open handle to diag driver, error = 13
06-04 22:52:04.582 12226-12226/? E/QCOMSysDaemon:  Diag_LSM_Init failed : 0
06-04 22:52:05.569 8357-8357/? D/GlimrSDK: #Reschedule Glimr
06-04 22:52:05.573 8357-8357/? D/GlimrSDK: #Next in 30
06-04 22:52:05.576 8357-8357/? D/GlimrSDK: #Shutting Glimr
06-04 22:52:05.578 2193-2579/? I/BroadcastQueue: am_broadcast_finished: [background,1,Intent { flg=0x14 (has extras) }]
06-04 22:52:05.592 2193-2579/? I/BroadcastQueue: am_broadcast_finished: [background,1,Intent { act=android.net.conn.DATA_ACTIVITY_CHANGE flg=0x10 (has extras) }]
06-04 22:52:14.098 1003-1003/? I/chatty: uid=3005(net_admin) /system/bin/ipacm expire 10 lines
06-04 22:52:14.120 973-973/? I/MSM-irqbalance: Decided to move IRQ215 from CPU0 to CPU2
06-04 22:52:14.137 2193-6679/? I/BroadcastQueue: am_broadcast_finished: [background,1,Intent { act=com.google.android.c2dm.intent.RECEIVE cat=[com.google.android.gsf.subscribedfeeds] flg=0x10 (has extras) }]
06-04 22:52:14.140 25151-12227/? I/SubscribedFeeds: Received message
06-04 22:52:14.142 2193-6679/? I/BroadcastQueue: am_broadcast_finished: [background,1,Intent { act=android.net.conn.DATA_ACTIVITY_CHANGE flg=0x10 (has extras) }]
06-04 22:52:14.212 2193-2224/? I/ActivityManager: Start proc 12228:com.google.process.gapps/u0a290 for service com.google.android.syncadapters.contacts/.ContactsSyncAdapterService
06-04 22:52:14.287 12228-12228/? W/System: ClassLoader referenced unknown path: /system/app/GoogleContactsSyncAdapter/lib/arm64
06-04 22:52:14.326 12228-12228/? I/LoadedApk: No resource references to update in package alias:android.res.overlay_310_2
06-04 22:52:14.326 12228-12228/? I/LoadedApk: No resource references to update in package alias:com.sonymobile.dummy
06-04 22:52:14.404 12228-12228/? I/GoogleHttpClient: GMS http client unavailable, use old client
06-04 22:52:14.502 12228-12243/? I/SyncAdapterProxy: Delagator disabled, using the (deprecated) GData sync adapter
06-04 22:52:14.507 12228-12243/? I/GoogleHttpClient: GMS http client unavailable, use old client
06-04 22:52:14.739 2193-2225/? E/KernelCpuSpeedReader: Failed to read cpu-freq: /sys/devices/system/cpu/cpu4/cpufreq/stats/time_in_state (No such file or directory)
06-04 22:52:14.837 12228-12246/? D/NetworkSecurityConfig: No Network Security Config specified, using platform default
06-04 22:52:15.941 8324-8336/? W/aCalendar: CONTACTS changed 0
06-04 22:52:15.941 8324-8336/? W/aCalendar: CONTACTS changed 0
06-04 22:52:15.975 8324-8335/? W/aCalendar: CONTACTS changed 1
06-04 22:52:15.975 8324-8335/? W/aCalendar: CONTACTS changed 1
06-04 22:52:16.520 2193-2193/? I/ActivityManager: Start proc 12249:com.sonyericsson.conversations/u0a28 for service com.sonyericsson.conversations/.jobs.ContactLookupJobService
06-04 22:52:16.668 12249-12249/? W/System: ClassLoader referenced unknown path: /system/priv-app/Conversations/lib/arm64
06-04 22:52:16.745 12249-12249/? I/LoadedApk: No resource references to update in package alias:com.sonymobile.overlay.conversations
06-04 22:52:16.746 12249-12249/? I/LoadedApk: No resource references to update in package alias:com.sonyericsson.conversations.res.overlay_305
06-04 22:52:16.746 12249-12249/? I/LoadedApk: No resource references to update in package alias:android.res.overlay_310_2
06-04 22:52:16.747 12249-12249/? I/LoadedApk: No resource references to update in package alias:com.sonymobile.dummy
06-04 22:52:17.061 2193-6679/? D/MmsServiceBroker: getCarrierConfigValues() by com.sonyericsson.conversations
06-04 22:52:17.064 2622-10072/? D/MmsService: getCarrierConfigValues
06-04 22:52:17.064 2622-10072/? I/MmsService: mms config for sub 3: Bundle[{httpSocketTimeout=60000, aliasMinChars=2, smsToMmsTextThreshold=20, enableSMSDeliveryReports=false, maxMessageTextSize=-1, supportMmsContentDisposition=true, enabledTransID=false, aliasEnabled=false, supportHttpCharsetHeader=false, allowAttachAudio=true, smsToMmsTextLengthThreshold=-1, recipientLimit=50, uaProfTagName=x-wap-profile, aliasMaxChars=48, maxImageHeight=1944, enableMMSDeliveryReports=false, userAgent=, config_cellBroadcastAppLinks=true, maxSubjectLength=40, httpParams=, enableGroupMms=false, emailGatewayNumber=, maxMessageSize=2048000, naiSuffix=, enableMMSReadReports=false, maxImageWidth=2592, uaProfUrl=, enabledMMS=true, enabledNotifyWapMMSC=false, sendMultipartSmsAsSeparateMessages=false, enableMultipartSMS=true}]
06-04 22:52:17.083 12249-12249/? E/Conversations: ConversationsApp: getSkinSequence(280): Could not access skinPackageSeq
06-04 22:52:17.092 2193-6669/? I/BroadcastQueue: am_broadcast_enqueue: [background,0,Intent { act=android.telephony.action.CARRIER_CONFIG_CHANGED flg=0x4000010 (has extras) },1]
06-04 22:52:17.093 2193-2225/? I/BroadcastQueue: am_broadcast_finished: [background,0,Intent { act=android.telephony.action.CARRIER_CONFIG_CHANGED flg=0x4000010 (has extras) }]
06-04 22:52:17.116 12249-12249/? W/JMS: ImApiHolder.init(96): ImApiHolder was not initialized since stack is not installed or enabled!
06-04 22:52:17.228 12249-12276/? I/Adreno: QUALCOMM build                   : b6da14b, I47548ba842
                                           Build Date                       : 11/14/16
                                           OpenGL ES Shader Compiler Version: XE031.09.00.03
                                           Local Branch                     : 
                                           Remote Branch                    : quic/LA.BF64.1.2.3_rb1.6
                                           Remote Branch                    : NONE
                                           Reconstruct Branch               : NOTHING
06-04 22:52:17.274 8672-8683/? D/Configuration: mLastEightDiditsMatching: false
06-04 22:52:17.279 2193-6488/? D/MmsServiceBroker: getCarrierConfigValues() by com.sonyericsson.conversations
06-04 22:52:17.279 2622-5595/? D/MmsService: getCarrierConfigValues
06-04 22:52:17.279 2622-5595/? I/MmsService: mms config for sub 3: Bundle[{httpSocketTimeout=60000, aliasMinChars=2, smsToMmsTextThreshold=20, enableSMSDeliveryReports=false, maxMessageTextSize=-1, supportMmsContentDisposition=true, enabledTransID=false, aliasEnabled=false, supportHttpCharsetHeader=false, allowAttachAudio=true, smsToMmsTextLengthThreshold=-1, recipientLimit=50, uaProfTagName=x-wap-profile, aliasMaxChars=48, maxImageHeight=1944, enableMMSDeliveryReports=false, userAgent=, config_cellBroadcastAppLinks=true, maxSubjectLength=40, httpParams=, enableGroupMms=false, emailGatewayNumber=, maxMessageSize=2048000, naiSuffix=, enableMMSReadReports=false, maxImageWidth=2592, uaProfUrl=, enabledMMS=true, enabledNotifyWapMMSC=false, sendMultipartSmsAsSeparateMessages=false, enableMultipartSMS=true}]
06-04 22:52:17.282 12249-12279/? I/GAv4: Google Analytics 8.4.87 is starting up. To enable debug logging on a device run:
                                           adb shell setprop log.tag.GAv4 DEBUG
                                           adb logcat -s GAv4
06-04 22:52:17.339 12249-12260/? W/art: Suspending all threads took: 7.455ms
06-04 22:52:17.346 12249-12279/? W/GAv4: AnalyticsReceiver is not registered or is disabled. Register the receiver for reliable dispatching on non-Google Play devices. See http://goo.gl/8Rd3yj for instructions.
06-04 22:52:17.348 12249-12279/? W/GAv4: CampaignTrackingReceiver is not registered, not exported or is disabled. Installation campaign tracking is not possible. See http://goo.gl/8Rd3yj for instructions.
06-04 22:52:17.355 12249-12286/? W/GAv4: AnalyticsService not registered in the app manifest. Hits might not be delivered reliably. See http://goo.gl/8Rd3yj for instructions.
06-04 22:52:17.730 2193-6661/? D/MmsServiceBroker: getCarrierConfigValues() by com.sonyericsson.conversations
06-04 22:52:17.730 2622-2650/? D/MmsService: getCarrierConfigValues
06-04 22:52:17.730 2622-2650/? I/MmsService: mms config for sub 3: Bundle[{httpSocketTimeout=60000, aliasMinChars=2, smsToMmsTextThreshold=20, enableSMSDeliveryReports=false, maxMessageTextSize=-1, supportMmsContentDisposition=true, enabledTransID=false, aliasEnabled=false, supportHttpCharsetHeader=false, allowAttachAudio=true, smsToMmsTextLengthThreshold=-1, recipientLimit=50, uaProfTagName=x-wap-profile, aliasMaxChars=48, maxImageHeight=1944, enableMMSDeliveryReports=false, userAgent=, config_cellBroadcastAppLinks=true, maxSubjectLength=40, httpParams=, enableGroupMms=false, emailGatewayNumber=, maxMessageSize=2048000, naiSuffix=, enableMMSReadReports=false, maxImageWidth=2592, uaProfUrl=, enabledMMS=true, enabledNotifyWapMMSC=false, sendMultipartSmsAsSeparateMessages=false, enableMultipartSMS=true}]
06-04 22:52:22.372 973-973/? I/MSM-irqbalance: Decided to move IRQ304 from CPU0 to CPU2
06-04 22:52:22.385 2193-2472/? I/BroadcastQueue: am_broadcast_enqueue: [foreground,1,Intent { act=android.intent.action.TIME_TICK flg=0x50000014 (has extras) },16]
06-04 22:52:22.386 2193-2472/? I/BroadcastQueue: am_broadcast_enqueue: [background,1,Intent { act=com.google.android.location.ALARM_WAKEUP_ACTIVITY_DETECTION flg=0x14 (has extras) },1]
06-04 22:52:22.388 2193-2472/? I/BroadcastQueue: am_broadcast_enqueue: [background,1,Intent { act=com.google.android.gms.location.fused.SEND_LOCATION_IN_SMD_MODE flg=0x14 pkg=com.google.android.gms (has extras) },1]
06-04 22:52:22.388 2193-2472/? I/BroadcastQueue: am_broadcast_enqueue: [background,1,Intent { act=com.tencent.mm.TrafficStatsReceiver flg=0x14 (has extras) },1]
06-04 22:52:22.395 2605-2605/? D/KeyguardUpdateMonitor: received broadcast android.intent.action.TIME_TICK
06-04 22:52:22.396 2605-2605/? D/KeyguardUpdateMonitor: handleTimeUpdate
06-04 22:52:22.415 2193-3315/? I/BroadcastQueue: am_broadcast_finished: [background,1,Intent { act=com.google.android.location.ALARM_WAKEUP_ACTIVITY_DETECTION flg=0x14 (has extras) }]
06-04 22:52:22.432 2193-6665/? I/BroadcastQueue: am_broadcast_enqueue: [background,1,Intent { act=com.facebook.intent.action.prod.BACKGROUND_LOCATION_REPORTING_ACTION_LOCATION_UPDATE flg=0x10 pkg=com.facebook.katana (has extras) },1]
06-04 22:52:22.438 2193-8766/? I/BroadcastQueue: am_broadcast_finished: [background,1,Intent { act=com.google.android.gms.location.fused.SEND_LOCATION_IN_SMD_MODE flg=0x14 pkg=com.google.android.gms (has extras) }]
06-04 22:52:22.442 3167-9155/? W/ctxmgr: [AclManager]No 2 for (accnt=account#850801081#, com.google.android.gms(10038):UserLocationProducer, vrsn=10298000, 0, 3pPkg = null ,  3pMdlId = null). Was: 2 for 1, account#850801081#
06-04 22:52:22.463 2193-5318/? I/BroadcastQueue: am_broadcast_finished: [background,1,Intent { act=com.tencent.mm.TrafficStatsReceiver flg=0x14 (has extras) }]
06-04 22:52:22.486 2193-2207/? I/BroadcastQueue: am_broadcast_finished: [background,1,Intent { act=com.facebook.intent.action.prod.BACKGROUND_LOCATION_REPORTING_ACTION_LOCATION_UPDATE flg=0x10 pkg=com.facebook.katana (has extras) }]
06-04 22:52:22.528 2193-6488/? I/BroadcastQueue: am_broadcast_enqueue: [background,1,Intent { act=com.google.android.gms.gcm.ACTION_SCHEDULE flg=0x10 pkg=com.google.android.gms (has extras) },1]
06-04 22:52:22.536 2193-6679/? I/BroadcastQueue: am_broadcast_finished: [background,1,Intent { act=com.google.android.gms.gcm.ACTION_SCHEDULE flg=0x10 pkg=com.google.android.gms (has extras) }]
06-04 22:52:22.551 2193-6679/? I/BroadcastQueue: am_broadcast_finished: [foreground,1,Intent { act=android.intent.action.TIME_TICK flg=0x50000014 (has extras) }]
06-04 22:52:26.703 2193-2225/? E/KernelCpuSpeedReader: Failed to read cpu-freq: /sys/devices/system/cpu/cpu4/cpufreq/stats/time_in_state (No such file or directory)
06-04 22:52:26.714 9700-9825/? I/tnet-jni: 2053 - [spdyPingRecvCallback] - 
06-04 22:52:26.715 9700-9825/? I/tnet-jni: 2053 - [SpdySessionCallBack.spdyPingRecvCallback] - org.android.spdy.SpdySession@957ac65
06-04 22:52:26.684 1003-1003/? I/chatty: uid=3005(net_admin) /system/bin/ipacm expire 12 lines
06-04 22:52:36.379 2193-2472/? I/BroadcastQueue: am_broadcast_enqueue: [background,1,Intent { flg=0x14 cmp=com.tvnu.app/io.glimr.sdk.beacon.service.KATBeaconReceiver (has extras) },1]
06-04 22:52:36.383 8357-8357/? D/GlimrSDK: #Starting Glimr
06-04 22:52:36.390 8357-8357/? D/GlimrSDK: #Beacon bind
06-04 22:52:36.398 8357-8357/? W/IBeaconService: exiting
06-04 22:52:36.399 8357-8357/? W/IBeaconService: exiting
06-04 22:52:37.208 973-973/? I/MSM-irqbalance: Decided to move IRQ215 from CPU0 to CPU2
06-04 22:52:38.221 8357-8357/? D/GlimrSDK: #Stopping Glimr
06-04 22:52:38.227 8357-8357/? D/GlimrSDK: #Beacon unbind
06-04 22:52:38.233 8357-8357/? W/IBeaconService: exiting
06-04 22:52:41.391 2193-2225/? E/KernelCpuSpeedReader: Failed to read cpu-freq: /sys/devices/system/cpu/cpu4/cpufreq/stats/time_in_state (No such file or directory)
06-04 22:52:41.432 12297-12297/? W/qcom-system-dae: type=1400 audit(0.0:37705): avc: denied { read write } for name="diag" dev="tmpfs" ino=1969 scontext=u:r:qcomsysd:s0 tcontext=u:object_r:diag_device:s0 tclass=chr_file permissive=0 ppid=1 pcomm="init" pgid=1 pgcomm="init"
06-04 22:52:41.444 12297-12297/? I/libmdmdetect: ESOC framework not supported
06-04 22:52:41.444 12297-12297/? I/libmdmdetect: Found internal modem: modem
06-04 22:52:41.444 12297-12297/? E/QCOMSysDaemon: Can't find/open bootselect node: (No such file or directory)
06-04 22:52:41.444 12297-12297/? I/QCOMSysDaemon: Starting qcom system daemon
06-04 22:52:41.445 12297-12297/? E/Diag_Lib:  Diag_LSM_Init: Failed to open handle to diag driver, error = 13
06-04 22:52:41.445 12297-12297/? E/QCOMSysDaemon:  Diag_LSM_Init failed : 0
06-04 22:52:41.496 2193-2225/? W/ProcessCpuTracker: Skipping unknown process pid 12297
06-04 22:52:41.544 2193-2256/? I/BroadcastQueue: am_broadcast_enqueue: [background,1,Intent { act=android.net.conn.DATA_ACTIVITY_CHANGE flg=0x10 (has extras) },1]
06-04 22:52:41.547 2193-2230/? E/BatteryStatsService: no controller energy info supplied
06-04 22:52:41.550 2193-2230/? E/KernelCpuSpeedReader: Failed to read cpu-freq: /sys/devices/system/cpu/cpu4/cpufreq/stats/time_in_state (No such file or directory)
06-04 22:52:42.379 973-973/? I/MSM-irqbalance: Decided to move IRQ304 from CPU0 to CPU2
06-04 22:52:42.436 8357-8357/? D/GlimrSDK: #Reschedule Glimr
06-04 22:52:42.440 8357-8357/? D/GlimrSDK: #Next in 30
06-04 22:52:42.443 8357-8357/? D/GlimrSDK: #Shutting Glimr
06-04 22:52:42.444 2193-6679/? I/BroadcastQueue: am_broadcast_finished: [background,1,Intent { flg=0x14 (has extras) }]
06-04 22:52:42.457 2193-6679/? I/BroadcastQueue: am_broadcast_finished: [background,1,Intent { act=android.net.conn.DATA_ACTIVITY_CHANGE flg=0x10 (has extras) }]
06-04 22:53:05.334 2193-2256/? I/BroadcastQueue: am_broadcast_enqueue: [background,1,Intent { act=android.net.conn.DATA_ACTIVITY_CHANGE flg=0x10 (has extras) },1]
06-04 22:53:05.337 2193-6666/? I/BroadcastQueue: am_broadcast_finished: [background,1,Intent { act=android.net.conn.DATA_ACTIVITY_CHANGE flg=0x10 (has extras) }]
06-04 22:53:05.337 2193-2230/? E/BatteryStatsService: no controller energy info supplied
06-04 22:53:05.340 2193-2230/? E/KernelCpuSpeedReader: Failed to read cpu-freq: /sys/devices/system/cpu/cpu4/cpufreq/stats/time_in_state (No such file or directory)
06-04 22:53:05.371 2193-2256/? I/BroadcastQueue: am_broadcast_enqueue: [background,1,Intent { act=android.net.conn.DATA_ACTIVITY_CHANGE flg=0x10 (has extras) },1]
06-04 22:53:05.373 2193-3312/? I/BroadcastQueue: am_broadcast_finished: [background,1,Intent { act=android.net.conn.DATA_ACTIVITY_CHANGE flg=0x10 (has extras) }]
06-04 22:53:05.375 2193-2230/? E/BatteryStatsService: no controller energy info supplied
06-04 22:53:05.376 2193-2230/? E/KernelCpuSpeedReader: Failed to read cpu-freq: /sys/devices/system/cpu/cpu4/cpufreq/stats/time_in_state (No such file or directory)
06-04 22:53:05.377 2193-2256/? I/BroadcastQueue: am_broadcast_enqueue: [background,1,Intent { act=android.net.conn.DATA_ACTIVITY_CHANGE flg=0x10 (has extras) },1]
06-04 22:53:05.380 2193-3312/? I/BroadcastQueue: am_broadcast_finished: [background,1,Intent { act=android.net.conn.DATA_ACTIVITY_CHANGE flg=0x10 (has extras) }]
06-04 22:53:05.404 2193-2230/? E/BatteryStatsService: no controller energy info supplied
06-04 22:53:05.406 2193-2230/? E/KernelCpuSpeedReader: Failed to read cpu-freq: /sys/devices/system/cpu/cpu4/cpufreq/stats/time_in_state (No such file or directory)
06-04 22:53:13.376 2193-2472/? I/BroadcastQueue: am_broadcast_enqueue: [foreground,1,Intent { act=android.intent.action.TIME_TICK flg=0x50000014 (has extras) },16]
06-04 22:53:13.377 2193-2472/? I/BroadcastQueue: am_broadcast_enqueue: [background,1,Intent { flg=0x14 cmp=com.tvnu.app/io.glimr.sdk.beacon.service.KATBeaconReceiver (has extras) },1]
06-04 22:53:13.381 8357-8357/? D/GlimrSDK: #Starting Glimr
06-04 22:53:13.382 2605-2605/? D/KeyguardUpdateMonitor: received broadcast android.intent.action.TIME_TICK
06-04 22:53:13.383 2605-2605/? D/KeyguardUpdateMonitor: handleTimeUpdate
06-04 22:53:13.394 8357-8357/? D/GlimrSDK: #Beacon bind
06-04 22:53:13.402 8357-8357/? W/IBeaconService: exiting
06-04 22:53:13.402 8357-8357/? W/IBeaconService: exiting
06-04 22:53:13.541 2193-5318/? I/BroadcastQueue: am_broadcast_finished: [foreground,1,Intent { act=android.intent.action.TIME_TICK flg=0x50000014 (has extras) }]
06-04 22:53:15.236 8357-8357/? D/GlimrSDK: #Stopping Glimr
06-04 22:53:15.242 8357-8357/? D/GlimrSDK: #Beacon unbind
06-04 22:53:15.251 973-973/? I/MSM-irqbalance: Decided to move IRQ170 from CPU0 to CPU2
06-04 22:53:15.258 8357-8357/? W/IBeaconService: exiting
06-04 22:53:15.315 2193-2225/? E/KernelCpuSpeedReader: Failed to read cpu-freq: /sys/devices/system/cpu/cpu4/cpufreq/stats/time_in_state (No such file or directory)
06-04 22:53:18.442 12298-12298/? W/qcom-system-dae: type=1400 audit(0.0:37716): avc: denied { read write } for name="diag" dev="tmpfs" ino=1969 scontext=u:r:qcomsysd:s0 tcontext=u:object_r:diag_device:s0 tclass=chr_file permissive=0 ppid=1 pcomm="init" pgid=1 pgcomm="init"
06-04 22:53:18.457 12298-12298/? I/libmdmdetect: ESOC framework not supported
06-04 22:53:18.457 12298-12298/? I/libmdmdetect: Found internal modem: modem
06-04 22:53:18.458 12298-12298/? E/QCOMSysDaemon: Can't find/open bootselect node: (No such file or directory)
06-04 22:53:18.458 12298-12298/? I/QCOMSysDaemon: Starting qcom system daemon
06-04 22:53:18.458 12298-12298/? E/Diag_Lib:  Diag_LSM_Init: Failed to open handle to diag driver, error = 13
06-04 22:53:18.458 12298-12298/? E/QCOMSysDaemon:  Diag_LSM_Init failed : 0
06-04 22:53:19.432 8357-8357/? D/GlimrSDK: #Reschedule Glimr
06-04 22:53:19.435 8357-8357/? D/GlimrSDK: #Next in 30
06-04 22:53:19.439 8357-8357/? D/GlimrSDK: #Shutting Glimr
06-04 22:53:19.442 2193-5318/? I/BroadcastQueue: am_broadcast_finished: [background,1,Intent { flg=0x14 (has extras) }]
06-04 22:53:19.447 2193-5318/? I/ActivityManager: Killing 11387:com.android.providers.calendar/u0a25 (adj 906): empty #17
06-04 22:53:56.363 1003-1003/? I/chatty: uid=3005(net_admin) /system/bin/ipacm expire 16 lines
06-04 22:53:56.375 2193-3278/? D/ActivityManager: cleanUpApplicationRecord -- 11387
06-04 22:53:56.383 2193-2472/? I/BroadcastQueue: am_broadcast_enqueue: [background,1,Intent { flg=0x14 cmp=com.microsoft.skydrive/.streamcache.service.AlarmReceiverForUpdateSyncRootService (has extras) },1]
06-04 22:53:56.387 2193-2472/? I/BroadcastQueue: am_broadcast_enqueue: [background,1,Intent { flg=0x14 cmp=com.tvnu.app/io.glimr.sdk.beacon.service.KATBeaconReceiver (has extras) },1]
06-04 22:53:56.387 2193-2256/? I/BroadcastQueue: am_broadcast_enqueue: [background,1,Intent { act=android.net.conn.DATA_ACTIVITY_CHANGE flg=0x10 (has extras) },1]
06-04 22:53:56.388 2193-2472/? I/BroadcastQueue: am_broadcast_enqueue: [background,1,Intent { act=com.google.android.location.ALARM_WAKEUP_LOCATOR flg=0x14 (has extras) },1]
06-04 22:53:56.388 2193-2230/? E/BatteryStatsService: no controller energy info supplied
06-04 22:53:56.390 2193-2230/? E/KernelCpuSpeedReader: Failed to read cpu-freq: /sys/devices/system/cpu/cpu4/cpufreq/stats/time_in_state (No such file or directory)
06-04 22:53:56.413 2193-15333/? I/BroadcastQueue: am_broadcast_finished: [background,1,Intent { flg=0x14 (has extras) }]
06-04 22:53:56.416 8357-8357/? D/GlimrSDK: #Starting Glimr
06-04 22:53:56.423 8357-8357/? D/GlimrSDK: #Beacon bind
06-04 22:53:56.431 8357-8357/? W/IBeaconService: exiting
06-04 22:53:56.431 8357-8357/? W/IBeaconService: exiting
06-04 22:53:56.603 9700-9825/? I/tnet-jni: 2053 - [spdySessionCloseCallback] - errorCode = -2032
06-04 22:53:56.604 9700-9825/? I/tnet-jni: 2053 - [SpdySessionCallBack.spdySessionCloseCallback] - org.android.spdy.SpdySession@957ac65
06-04 22:53:56.608 759-759/? I/Netd: Destroyed 5 sockets for UidRanges{ 10000-2147483647 } skip={1001 1027 10032 10038 10076 10078 10079 10199 10271 10279 10285 1010032 1010038 1010078 1010271} in 7.8 ms
06-04 22:53:56.608 2193-2230/? E/BatteryStatsService: no controller energy info supplied
06-04 22:53:56.609 2193-2230/? E/KernelCpuSpeedReader: Failed to read cpu-freq: /sys/devices/system/cpu/cpu4/cpufreq/stats/time_in_state (No such file or directory)
06-04 22:53:56.610 2193-2256/? I/BroadcastQueue: am_broadcast_enqueue: [background,1,Intent { act=android.net.conn.DATA_ACTIVITY_CHANGE flg=0x10 (has extras) },1]
06-04 22:53:56.611 9273-9369/? W/msgr.WhistleClientCore: onError=errType=READ_ERRORerrMsg=READ_ERROR Software caused connection abort
06-04 22:53:56.612 9700-9825/? D/tnet-jni: 2053 - [SpdySession.cleanUp] - 
06-04 22:53:56.620 973-973/? I/MSM-irqbalance: Decided to move IRQ215 from CPU0 to CPU3
06-04 22:53:56.730 2193-2224/? D/NetworkPolicy: setRestrictBackgroundLocked(): false
06-04 22:53:56.774 2193-2224/? I/BroadcastQueue: am_broadcast_enqueue: [foreground,0,Intent { act=android.os.action.LIGHT_DEVICE_IDLE_MODE_CHANGED flg=0x50000010 },1]
06-04 22:53:56.776 2193-2225/? I/BroadcastQueue: am_broadcast_finished: [foreground,0,Intent { act=android.os.action.LIGHT_DEVICE_IDLE_MODE_CHANGED flg=0x50000010 }]
06-04 22:53:56.797 2193-6681/? D/ConnectivityService: Returning blocked NetworkInfo to uid=10130
06-04 22:53:56.808 9700-9825/? D/tnet-jni: 2053 - [SpdySession.cleanUp] - 
06-04 22:53:58.250 8357-8357/? D/GlimrSDK: #Stopping Glimr
06-04 22:53:58.254 8357-8357/? D/GlimrSDK: #Beacon unbind
06-04 22:53:58.257 8357-8357/? W/IBeaconService: exiting
06-04 22:54:00.824 2193-2225/? E/KernelCpuSpeedReader: Failed to read cpu-freq: /sys/devices/system/cpu/cpu4/cpufreq/stats/time_in_state (No such file or directory)
06-04 22:54:01.443 12312-12312/? W/qcom-system-dae: type=1400 audit(0.0:37719): avc: denied { read write } for name="diag" dev="tmpfs" ino=1969 scontext=u:r:qcomsysd:s0 tcontext=u:object_r:diag_device:s0 tclass=chr_file permissive=0 ppid=1 pcomm="init" pgid=1 pgcomm="init"
06-04 22:54:01.451 12312-12312/? I/libmdmdetect: ESOC framework not supported
06-04 22:54:01.452 12312-12312/? I/libmdmdetect: Found internal modem: modem
06-04 22:54:01.452 12312-12312/? E/QCOMSysDaemon: Can't find/open bootselect node: (No such file or directory)
06-04 22:54:01.452 12312-12312/? I/QCOMSysDaemon: Starting qcom system daemon
06-04 22:54:01.452 12312-12312/? E/Diag_Lib:  Diag_LSM_Init: Failed to open handle to diag driver, error = 13
06-04 22:54:01.452 12312-12312/? E/QCOMSysDaemon:  Diag_LSM_Init failed : 0
06-04 22:54:01.628 973-973/? I/MSM-irqbalance: Decided to move IRQ304 from CPU0 to CPU3
06-04 22:54:01.803 1001-1001/? I/chatty: uid=3005(net_admin) /system/bin/ipacm expire 12 lines
06-04 22:54:01.803 1000-1000/? I/chatty: uid=3005(net_admin) /system/bin/ipacm expire 10 lines
06-04 22:54:02.471 8357-8357/? D/GlimrSDK: #Reschedule Glimr
06-04 22:54:02.475 8357-8357/? D/GlimrSDK: #Next in 30
06-04 22:54:02.480 8357-8357/? D/GlimrSDK: #Shutting Glimr
06-04 22:54:02.482 2193-3278/? I/BroadcastQueue: am_broadcast_finished: [background,1,Intent { flg=0x14 (has extras) }]
06-04 22:54:02.494 2193-3278/? I/ActivityManager: Killing 11334:com.linkedin.android/u0a267 (adj 906): empty #17
06-04 22:54:02.501 2193-3278/? I/BroadcastQueue: am_broadcast_finished: [background,1,Intent { act=android.net.conn.DATA_ACTIVITY_CHANGE flg=0x10 (has extras) }]
06-04 22:54:02.507 2193-2514/? D/WifiService: acquireWifiLockLocked: WifiLock{NlpWifiLock type=2 uid=10038}
06-04 22:54:02.511 2193-8766/? I/BroadcastQueue: am_broadcast_finished: [background,1,Intent { act=com.google.android.location.ALARM_WAKEUP_LOCATOR flg=0x14 (has extras) }]
06-04 22:54:02.515 2193-8766/? I/BroadcastQueue: am_broadcast_finished: [background,1,Intent { act=android.net.conn.DATA_ACTIVITY_CHANGE flg=0x10 (has extras) }]
06-04 22:54:02.560 2193-6681/? D/ConnectivityService: ConnectivityService NetworkRequestInfo binderDied(NetworkRequest [ id=353, legacyType=-1, [ Capabilities: INTERNET&NOT_RESTRICTED&TRUSTED] ], android.os.BinderProxy@64c6e36)
06-04 22:54:02.560 2193-6679/? D/ActivityManager: cleanUpApplicationRecord -- 11334
06-04 22:54:02.566 2193-2505/? E/ConnectivityService: RemoteException caught trying to send a callback msg for NetworkRequest [ id=353, legacyType=-1, [ Capabilities: INTERNET&NOT_RESTRICTED&TRUSTED] ]
06-04 22:54:03.470 2193-15334/? D/ConnectivityService: Returning blocked NetworkInfo to uid=10121
06-04 22:54:03.886 3452-12316/? W/IcingInternalCorpora: getNumBytesRead when not calculated.
06-04 22:54:03.973 2193-15293/? I/BroadcastQueue: am_broadcast_enqueue: [background,1,Intent { act=com.google.android.gms.icing.action.CONTACT_CHANGED flg=0x10 pkg=com.google.android.gms (has extras) },1]
06-04 22:54:03.994 2193-7110/? I/BroadcastQueue: am_broadcast_finished: [background,1,Intent { act=com.google.android.gms.icing.action.CONTACT_CHANGED flg=0x10 pkg=com.google.android.gms (has extras) }]
06-04 22:54:04.140 1112-2539/? E/LOWI-7.7.2.5.a: [LOWIUtils] channelBandToFreq: Invalid band,channel = 1,0
06-04 22:54:04.141 1112-2539/? E/LOWI-7.7.2.5.a: [LOWIUtils] channelBandToFreq: Invalid band,channel = 1,0
06-04 22:54:04.189 2193-2503/? I/chatty: uid=1000(system) WifiScanningSer expire 16 lines
06-04 22:54:04.230 2193-6681/? D/WifiService: releaseWifiLockLocked: WifiLock{NlpWifiLock type=2 uid=10038}
06-04 22:54:04.246 2193-6700/? I/BroadcastQueue: am_broadcast_enqueue: [background,1,Intent { act=com.facebook.intent.action.prod.BACKGROUND_LOCATION_REPORTING_ACTION_LOCATION_UPDATE flg=0x10 pkg=com.facebook.katana (has extras) },1]
06-04 22:54:04.250 3167-8892/? W/ctxmgr: [AclManager]No 2 for (accnt=account#850801081#, com.google.android.gms(10038):UserLocationProducer, vrsn=10298000, 0, 3pPkg = null ,  3pMdlId = null). Was: 2 for 1, account#850801081#
06-04 22:54:04.267 2193-6675/? I/BroadcastQueue: am_broadcast_finished: [background,1,Intent { act=com.facebook.intent.action.prod.BACKGROUND_LOCATION_REPORTING_ACTION_LOCATION_UPDATE flg=0x10 pkg=com.facebook.katana (has extras) }]
06-04 22:54:04.300 2193-6665/? I/BroadcastQueue: am_broadcast_enqueue: [background,1,Intent { act=com.google.android.gms.gcm.ACTION_SCHEDULE flg=0x10 pkg=com.google.android.gms (has extras) },1]
06-04 22:54:04.305 2193-15294/? I/BroadcastQueue: am_broadcast_finished: [background,1,Intent { act=com.google.android.gms.gcm.ACTION_SCHEDULE flg=0x10 pkg=com.google.android.gms (has extras) }]
06-04 22:54:06.675 2541-2541/? I/wpa_supplicant: wlan0: WPA: Group rekeying completed with c6:ea:1d:48:70:4b [GTK=CCMP]
06-04 22:54:06.682 2193-2498/? I/BroadcastQueue: am_broadcast_enqueue: [background,0,Intent { act=android.net.wifi.supplicant.STATE_CHANGE flg=0x24000010 (has extras) },1]
06-04 22:54:06.683 2193-2225/? I/BroadcastQueue: am_broadcast_finished: [background,0,Intent { act=android.net.wifi.supplicant.STATE_CHANGE flg=0x24000010 (has extras) }]
06-04 22:54:06.683 2193-2498/? I/BroadcastQueue: am_broadcast_enqueue: [background,0,Intent { act=android.net.wifi.supplicant.STATE_CHANGE flg=0x24000010 (has extras) },1]
06-04 22:54:06.684 2193-2225/? I/BroadcastQueue: am_broadcast_finished: [background,0,Intent { act=android.net.wifi.supplicant.STATE_CHANGE flg=0x24000010 (has extras) }]
06-04 22:54:07.017 2193-6489/? D/ConnectivityService: Returning blocked NetworkInfo to uid=10140
06-04 22:54:08.160 973-973/? I/MSM-irqbalance: Decided to move IRQ215 from CPU0 to CPU3
06-04 22:54:08.965 2193-2225/? E/KernelCpuSpeedReader: Failed to read cpu-freq: /sys/devices/system/cpu/cpu4/cpufreq/stats/time_in_state (No such file or directory)
06-04 22:54:29.510 2193-2230/? E/BatteryStatsService: no controller energy info supplied
06-04 22:54:29.511 2193-2256/? I/BroadcastQueue: am_broadcast_enqueue: [background,1,Intent { act=android.net.conn.DATA_ACTIVITY_CHANGE flg=0x10 (has extras) },1]
06-04 22:54:29.511 2193-2230/? E/KernelCpuSpeedReader: Failed to read cpu-freq: /sys/devices/system/cpu/cpu4/cpufreq/stats/time_in_state (No such file or directory)
06-04 22:54:29.514 2193-11539/? I/BroadcastQueue: am_broadcast_finished: [background,1,Intent { act=android.net.conn.DATA_ACTIVITY_CHANGE flg=0x10 (has extras) }]
06-04 22:54:33.389 973-973/? I/MSM-irqbalance: Decided to move IRQ188 from CPU0 to CPU2
06-04 22:54:33.398 2193-2472/? I/BroadcastQueue: am_broadcast_enqueue: [foreground,1,Intent { act=android.intent.action.TIME_TICK flg=0x50000014 (has extras) },16]
06-04 22:54:33.399 2193-2472/? I/BroadcastQueue: am_broadcast_enqueue: [background,1,Intent { flg=0x14 cmp=com.tvnu.app/io.glimr.sdk.beacon.service.KATBeaconReceiver (has extras) },1]
06-04 22:54:33.403 8357-8357/? D/GlimrSDK: #Starting Glimr
06-04 22:54:33.407 2605-2605/? D/KeyguardUpdateMonitor: received broadcast android.intent.action.TIME_TICK
06-04 22:54:33.407 2605-2605/? D/KeyguardUpdateMonitor: handleTimeUpdate
06-04 22:54:33.420 8357-8357/? D/GlimrSDK: #Beacon bind
06-04 22:54:33.428 8357-8357/? W/IBeaconService: exiting
06-04 22:54:33.428 8357-8357/? W/IBeaconService: exiting
06-04 22:54:33.588 2193-6675/? I/BroadcastQueue: am_broadcast_finished: [foreground,1,Intent { act=android.intent.action.TIME_TICK flg=0x50000014 (has extras) }]
06-04 22:54:35.144 2193-2225/? E/KernelCpuSpeedReader: Failed to read cpu-freq: /sys/devices/system/cpu/cpu4/cpufreq/stats/time_in_state (No such file or directory)
06-04 22:54:35.261 8357-8357/? D/GlimrSDK: #Stopping Glimr
06-04 22:54:35.263 8357-8357/? D/GlimrSDK: #Beacon unbind
06-04 22:54:35.264 8357-8357/? W/IBeaconService: exiting
06-04 22:54:36.713 2193-2256/? I/BroadcastQueue: am_broadcast_enqueue: [background,1,Intent { act=android.net.conn.DATA_ACTIVITY_CHANGE flg=0x10 (has extras) },1]
06-04 22:54:36.718 2193-2230/? E/BatteryStatsService: no controller energy info supplied
06-04 22:54:36.722 2193-2230/? E/KernelCpuSpeedReader: Failed to read cpu-freq: /sys/devices/system/cpu/cpu4/cpufreq/stats/time_in_state (No such file or directory)
06-04 22:54:38.151 973-973/? I/MSM-irqbalance: Decided to move IRQ304 from CPU0 to CPU3
06-04 22:54:38.459 12320-12320/? I/libmdmdetect: ESOC framework not supported
06-04 22:54:38.459 12320-12320/? I/libmdmdetect: Found internal modem: modem
06-04 22:54:38.460 12320-12320/? E/QCOMSysDaemon: Can't find/open bootselect node: (No such file or directory)
06-04 22:54:38.460 12320-12320/? I/QCOMSysDaemon: Starting qcom system daemon
06-04 22:54:38.460 12320-12320/? E/Diag_Lib:  Diag_LSM_Init: Failed to open handle to diag driver, error = 13
06-04 22:54:38.461 12320-12320/? E/QCOMSysDaemon:  Diag_LSM_Init failed : 0
06-04 22:54:38.443 12320-12320/? W/qcom-system-dae: type=1400 audit(0.0:37732): avc: denied { read write } for name="diag" dev="tmpfs" ino=1969 scontext=u:r:qcomsysd:s0 tcontext=u:object_r:diag_device:s0 tclass=chr_file permissive=0 ppid=1 pcomm="init" pgid=1 pgcomm="init"
06-04 22:54:39.466 8357-8357/? D/GlimrSDK: #Reschedule Glimr
06-04 22:54:39.469 8357-8357/? D/GlimrSDK: #Next in 30
06-04 22:54:39.473 8357-8357/? D/GlimrSDK: #Shutting Glimr
06-04 22:54:39.474 2193-6666/? I/BroadcastQueue: am_broadcast_finished: [background,1,Intent { flg=0x14 (has extras) }]
06-04 22:54:39.488 2193-6666/? I/BroadcastQueue: am_broadcast_finished: [background,1,Intent { act=android.net.conn.DATA_ACTIVITY_CHANGE flg=0x10 (has extras) }]
06-04 22:54:55.968 2193-2256/? I/BroadcastQueue: am_broadcast_enqueue: [background,1,Intent { act=android.net.conn.DATA_ACTIVITY_CHANGE flg=0x10 (has extras) },1]
06-04 22:54:55.970 2193-2230/? E/BatteryStatsService: no controller energy info supplied
06-04 22:54:55.970 2193-2514/? I/BroadcastQueue: am_broadcast_finished: [background,1,Intent { act=android.net.conn.DATA_ACTIVITY_CHANGE flg=0x10 (has extras) }]
06-04 22:54:55.971 2193-2230/? E/KernelCpuSpeedReader: Failed to read cpu-freq: /sys/devices/system/cpu/cpu4/cpufreq/stats/time_in_state (No such file or directory)
06-04 22:55:08.398 973-973/? I/MSM-irqbalance: Decided to move IRQ170 from CPU0 to CPU3
06-04 22:55:12.716 1003-1003/? I/chatty: uid=3005(net_admin) /system/bin/ipacm expire 16 lines
06-04 22:55:12.921 2193-2225/? E/KernelCpuSpeedReader: Failed to read cpu-freq: /sys/devices/system/cpu/cpu4/cpufreq/stats/time_in_state (No such file or directory)
06-04 22:55:24.380 2193-2472/? I/BroadcastQueue: am_broadcast_enqueue: [foreground,1,Intent { act=android.intent.action.TIME_TICK flg=0x50000014 (has extras) },16]
06-04 22:55:24.383 2193-2472/? I/BroadcastQueue: am_broadcast_enqueue: [background,1,Intent { flg=0x14 cmp=com.tvnu.app/io.glimr.sdk.beacon.service.KATBeaconReceiver (has extras) },1]
06-04 22:55:24.389 2193-2472/? I/BroadcastQueue: am_broadcast_enqueue: [background,1,Intent { act=com.google.android.location.ALARM_WAKEUP_ACTIVITY_DETECTION flg=0x14 (has extras) },1]
06-04 22:55:24.391 8357-8357/? D/GlimrSDK: #Starting Glimr
06-04 22:55:24.391 2605-2605/? D/KeyguardUpdateMonitor: received broadcast android.intent.action.TIME_TICK
06-04 22:55:24.391 2605-2605/? D/KeyguardUpdateMonitor: handleTimeUpdate
06-04 22:55:24.400 8357-8357/? D/GlimrSDK: #Beacon bind
06-04 22:55:24.407 8357-8357/? W/IBeaconService: exiting
06-04 22:55:24.407 8357-8357/? W/IBeaconService: exiting
06-04 22:55:24.585 2193-6488/? I/BroadcastQueue: am_broadcast_finished: [foreground,1,Intent { act=android.intent.action.TIME_TICK flg=0x50000014 (has extras) }]
06-04 22:55:26.246 8357-8357/? D/GlimrSDK: #Stopping Glimr
06-04 22:55:26.250 8357-8357/? D/GlimrSDK: #Beacon unbind
06-04 22:55:26.254 8357-8357/? W/IBeaconService: exiting
06-04 22:55:26.553 973-973/? I/MSM-irqbalance: Decided to move IRQ188 from CPU0 to CPU3
06-04 22:55:29.387 2193-2225/? E/KernelCpuSpeedReader: Failed to read cpu-freq: /sys/devices/system/cpu/cpu4/cpufreq/stats/time_in_state (No such file or directory)
06-04 22:55:29.443 12322-12322/? W/qcom-system-dae: type=1400 audit(0.0:37754): avc: denied { read write } for name="diag" dev="tmpfs" ino=1969 scontext=u:r:qcomsysd:s0 tcontext=u:object_r:diag_device:s0 tclass=chr_file permissive=0 ppid=1 pcomm="init" pgid=1 pgcomm="init"
06-04 22:55:29.453 12322-12322/? I/libmdmdetect: ESOC framework not supported
06-04 22:55:29.453 12322-12322/? I/libmdmdetect: Found internal modem: modem
06-04 22:55:29.454 12322-12322/? E/QCOMSysDaemon: Can't find/open bootselect node: (No such file or directory)
06-04 22:55:29.454 12322-12322/? I/QCOMSysDaemon: Starting qcom system daemon
06-04 22:55:29.454 12322-12322/? E/Diag_Lib:  Diag_LSM_Init: Failed to open handle to diag driver, error = 13
06-04 22:55:29.454 12322-12322/? E/QCOMSysDaemon:  Diag_LSM_Init failed : 0
06-04 22:55:29.502 2193-2225/? W/ProcessCpuTracker: Skipping unknown process pid 12322
06-04 22:55:30.130 2193-2256/? I/BroadcastQueue: am_broadcast_enqueue: [background,1,Intent { act=android.net.conn.DATA_ACTIVITY_CHANGE flg=0x10 (has extras) },1]
06-04 22:55:30.131 2193-2230/? E/BatteryStatsService: no controller energy info supplied
06-04 22:55:30.135 2193-2230/? E/KernelCpuSpeedReader: Failed to read cpu-freq: /sys/devices/system/cpu/cpu4/cpufreq/stats/time_in_state (No such file or directory)
06-04 22:55:30.445 8357-8357/? D/GlimrSDK: #Reschedule Glimr
06-04 22:55:30.449 8357-8357/? D/GlimrSDK: #Next in 30
06-04 22:55:30.453 8357-8357/? D/GlimrSDK: #Shutting Glimr
06-04 22:55:30.455 2193-3306/? I/BroadcastQueue: am_broadcast_finished: [background,1,Intent { flg=0x14 (has extras) }]
06-04 22:55:30.490 2193-6675/? I/BroadcastQueue: am_broadcast_finished: [background,1,Intent { act=com.google.android.location.ALARM_WAKEUP_ACTIVITY_DETECTION flg=0x14 (has extras) }]
06-04 22:55:30.495 2193-6675/? I/BroadcastQueue: am_broadcast_finished: [background,1,Intent { act=android.net.conn.DATA_ACTIVITY_CHANGE flg=0x10 (has extras) }]
06-04 22:55:32.855 973-973/? I/MSM-irqbalance: Decided to move IRQ304 from CPU0 to CPU3
06-04 22:55:44.855 2193-2225/? E/KernelCpuSpeedReader: Failed to read cpu-freq: /sys/devices/system/cpu/cpu4/cpufreq/stats/time_in_state (No such file or directory)
06-04 22:55:50.386 973-973/? I/MSM-irqbalance: Decided to move IRQ170 from CPU0 to CPU3
06-04 22:55:50.389 2193-2472/? I/BroadcastQueue: am_broadcast_enqueue: [background,1,Intent { act=X.08q.ACTION_ALARM.FBNS.com.facebook.katana flg=0x14 pkg=com.facebook.katana (has extras) },1]
06-04 22:55:50.503 2193-6489/? D/ConnectivityService: Returning blocked NetworkInfo to uid=10379
06-04 22:55:50.504 2193-15333/? D/ConnectivityService: Returning unblocked NetworkInfo to uid=10379
06-04 22:55:50.506 2193-2207/? I/BroadcastQueue: am_broadcast_finished: [background,1,Intent { act=X.08q.ACTION_ALARM.FBNS.com.facebook.katana flg=0x14 pkg=com.facebook.katana (has extras) }]
06-04 22:55:57.672 1003-1003/? I/chatty: uid=3005(net_admin) /system/bin/ipacm expire 10 lines
06-04 22:56:00.452 2193-2472/? I/BroadcastQueue: am_broadcast_enqueue: [foreground,1,Intent { act=android.intent.action.TIME_TICK flg=0x50000014 (has extras) },16]
06-04 22:56:00.455 2193-2472/? I/BroadcastQueue: am_broadcast_enqueue: [background,1,Intent { flg=0x14 cmp=com.tvnu.app/io.glimr.sdk.beacon.service.KATBeaconReceiver (has extras) },1]
06-04 22:56:00.475 2605-2605/? D/KeyguardUpdateMonitor: received broadcast android.intent.action.TIME_TICK
06-04 22:56:00.476 2605-2605/? D/KeyguardUpdateMonitor: handleTimeUpdate
06-04 22:56:00.482 8357-8357/? D/GlimrSDK: #Starting Glimr
06-04 22:56:00.493 8357-8357/? D/GlimrSDK: #Beacon bind
06-04 22:56:00.509 8357-8357/? W/IBeaconService: exiting
06-04 22:56:00.509 8357-8357/? W/IBeaconService: exiting
06-04 22:56:00.660 2193-8765/? I/BroadcastQueue: am_broadcast_finished: [foreground,1,Intent { act=android.intent.action.TIME_TICK flg=0x50000014 (has extras) }]
06-04 22:56:01.522 2193-2225/? E/KernelCpuSpeedReader: Failed to read cpu-freq: /sys/devices/system/cpu/cpu4/cpufreq/stats/time_in_state (No such file or directory)
06-04 22:56:01.541 973-973/? I/MSM-irqbalance: Decided to move IRQ188 from CPU0 to CPU3
06-04 22:56:02.340 8357-8357/? D/GlimrSDK: #Stopping Glimr
06-04 22:56:02.347 8357-8357/? D/GlimrSDK: #Beacon unbind
06-04 22:56:02.351 8357-8357/? W/IBeaconService: exiting
06-04 22:56:02.756 12330-12330/? I/libmdmdetect: ESOC framework not supported
06-04 22:56:02.742 12330-12330/? W/qcom-system-dae: type=1400 audit(0.0:37772): avc: denied { read write } for name="diag" dev="tmpfs" ino=1969 scontext=u:r:qcomsysd:s0 tcontext=u:object_r:diag_device:s0 tclass=chr_file permissive=0 ppid=1 pcomm="init" pgid=1 pgcomm="init"
06-04 22:56:02.756 12330-12330/? I/libmdmdetect: Found internal modem: modem
06-04 22:56:02.756 12330-12330/? E/QCOMSysDaemon: Can't find/open bootselect node: (No such file or directory)
06-04 22:56:02.756 12330-12330/? I/QCOMSysDaemon: Starting qcom system daemon
06-04 22:56:02.757 12330-12330/? E/Diag_Lib:  Diag_LSM_Init: Failed to open handle to diag driver, error = 13
06-04 22:56:02.758 12330-12330/? E/QCOMSysDaemon:  Diag_LSM_Init failed : 0
06-04 22:56:05.041 2193-2256/? I/BroadcastQueue: am_broadcast_enqueue: [background,1,Intent { act=android.net.conn.DATA_ACTIVITY_CHANGE flg=0x10 (has extras) },1]
06-04 22:56:05.043 2193-2230/? E/BatteryStatsService: no controller energy info supplied
06-04 22:56:05.051 2193-2230/? E/KernelCpuSpeedReader: Failed to read cpu-freq: /sys/devices/system/cpu/cpu4/cpufreq/stats/time_in_state (No such file or directory)
06-04 22:56:06.526 8357-8357/? D/GlimrSDK: #Reschedule Glimr
06-04 22:56:06.530 8357-8357/? D/GlimrSDK: #Next in 30
06-04 22:56:06.534 8357-8357/? D/GlimrSDK: #Shutting Glimr
06-04 22:56:06.535 2193-2514/? I/BroadcastQueue: am_broadcast_finished: [background,1,Intent { flg=0x14 (has extras) }]
06-04 22:56:06.536 973-973/? I/MSM-irqbalance: Decided to move IRQ215 from CPU0 to CPU3
06-04 22:56:06.546 2193-2514/? I/BroadcastQueue: am_broadcast_finished: [background,1,Intent { act=android.net.conn.DATA_ACTIVITY_CHANGE flg=0x10 (has extras) }]
06-04 22:56:14.961 2193-2230/? E/BatteryStatsService: no controller energy info supplied
06-04 22:56:14.963 2193-2256/? I/BroadcastQueue: am_broadcast_enqueue: [background,1,Intent { act=android.net.conn.DATA_ACTIVITY_CHANGE flg=0x10 (has extras) },1]
06-04 22:56:14.969 2193-2230/? E/KernelCpuSpeedReader: Failed to read cpu-freq: /sys/devices/system/cpu/cpu4/cpufreq/stats/time_in_state (No such file or directory)
06-04 22:56:14.973 2193-7110/? I/BroadcastQueue: am_broadcast_finished: [background,1,Intent { act=android.net.conn.DATA_ACTIVITY_CHANGE flg=0x10 (has extras) }]
06-04 22:56:15.024 2193-2224/? E/NetdConnector: NDC Command {1719 firewall set_uid_rule dozable 10379 deny} took too long (8460ms)
06-04 22:56:28.387 2193-2472/? I/BroadcastQueue: am_broadcast_enqueue: [background,1,Intent { act=X.06V.ACTION_ALARM.MqttLite.com.facebook.orca flg=0x14 pkg=com.facebook.orca (has extras) },1]
06-04 22:56:28.391 2193-2472/? I/BroadcastQueue: am_broadcast_enqueue: [background,1,Intent { act=com.google.android.gms.location.fused.SEND_LOCATION_IN_SMD_MODE flg=0x14 pkg=com.google.android.gms (has extras) },1]
06-04 22:56:28.399 2193-2256/? I/BroadcastQueue: am_broadcast_enqueue: [background,1,Intent { act=android.net.conn.DATA_ACTIVITY_CHANGE flg=0x10 (has extras) },1]
06-04 22:56:28.401 2193-2230/? E/BatteryStatsService: no controller energy info supplied
06-04 22:56:28.403 2193-2230/? E/KernelCpuSpeedReader: Failed to read cpu-freq: /sys/devices/system/cpu/cpu4/cpufreq/stats/time_in_state (No such file or directory)
06-04 22:56:28.493 2193-3304/? D/ConnectivityService: Returning unblocked NetworkInfo to uid=10130
06-04 22:56:28.495 2193-6679/? I/BroadcastQueue: am_broadcast_finished: [background,1,Intent { act=X.06V.ACTION_ALARM.MqttLite.com.facebook.orca flg=0x14 pkg=com.facebook.orca (has extras) }]
06-04 22:56:28.512 2193-6661/? I/BroadcastQueue: am_broadcast_enqueue: [background,1,Intent { act=com.facebook.intent.action.prod.BACKGROUND_LOCATION_REPORTING_ACTION_LOCATION_UPDATE flg=0x10 pkg=com.facebook.katana (has extras) },1]
06-04 22:56:28.513 3167-8737/? W/ctxmgr: [AclManager]No 2 for (accnt=account#850801081#, com.google.android.gms(10038):UserLocationProducer, vrsn=10298000, 0, 3pPkg = null ,  3pMdlId = null). Was: 2 for 1, account#850801081#
06-04 22:56:28.518 2193-2208/? I/BroadcastQueue: am_broadcast_finished: [background,1,Intent { act=com.google.android.gms.location.fused.SEND_LOCATION_IN_SMD_MODE flg=0x14 pkg=com.google.android.gms (has extras) }]
06-04 22:56:28.522 2193-6669/? I/BroadcastQueue: am_broadcast_finished: [background,1,Intent { act=android.net.conn.DATA_ACTIVITY_CHANGE flg=0x10 (has extras) }]
06-04 22:56:28.532 2193-15334/? I/BroadcastQueue: am_broadcast_finished: [background,1,Intent { act=com.facebook.intent.action.prod.BACKGROUND_LOCATION_REPORTING_ACTION_LOCATION_UPDATE flg=0x10 pkg=com.facebook.katana (has extras) }]
06-04 22:56:28.596 2193-2579/? I/BroadcastQueue: am_broadcast_enqueue: [background,1,Intent { act=com.google.android.gms.gcm.ACTION_SCHEDULE flg=0x10 pkg=com.google.android.gms (has extras) },1]
06-04 22:56:28.602 2193-2208/? I/BroadcastQueue: am_broadcast_finished: [background,1,Intent { act=com.google.android.gms.gcm.ACTION_SCHEDULE flg=0x10 pkg=com.google.android.gms (has extras) }]
06-04 22:56:35.864 2193-2256/? I/BroadcastQueue: am_broadcast_enqueue: [background,1,Intent { act=android.net.conn.DATA_ACTIVITY_CHANGE flg=0x10 (has extras) },1]
06-04 22:56:35.870 2193-7110/? I/BroadcastQueue: am_broadcast_finished: [background,1,Intent { act=android.net.conn.DATA_ACTIVITY_CHANGE flg=0x10 (has extras) }]
06-04 22:56:35.873 2193-2230/? E/BatteryStatsService: no controller energy info supplied
06-04 22:56:35.875 2193-2230/? E/KernelCpuSpeedReader: Failed to read cpu-freq: /sys/devices/system/cpu/cpu4/cpufreq/stats/time_in_state (No such file or directory)
06-04 22:56:35.916 2193-15294/? I/BroadcastQueue: am_broadcast_enqueue: [background,1,Intent { act=com.google.android.c2dm.intent.RECEIVE flg=0x10 pkg=com.linkedin.android (has extras) },1]
06-04 22:56:35.930 2193-2225/? I/ActivityManager: Start proc 12339:com.linkedin.android/u0a267 for broadcast com.linkedin.android/.l2m.notification.FlagshipGcmReceiver
06-04 22:56:36.043 12339-12339/? I/art: Starting a blocking GC AddRemoveAppImageSpace
06-04 22:56:36.075 12339-12339/? I/MultiDex: VM with version 2.1.0 has multidex support
06-04 22:56:36.075 12339-12339/? I/MultiDex: install
06-04 22:56:36.075 12339-12339/? I/MultiDex: VM has multidex support, MultiDex support library is disabled.
06-04 22:56:36.083 12339-12339/? D/FirebaseApp: com.google.firebase.auth.FirebaseAuth is not linked. Skipping initialization.
06-04 22:56:36.084 12339-12339/? D/FirebaseApp: com.google.firebase.iid.FirebaseInstanceId is not linked. Skipping initialization.
06-04 22:56:36.085 12339-12339/? D/FirebaseApp: com.google.firebase.crash.FirebaseCrash is not linked. Skipping initialization.
06-04 22:56:36.086 12339-12339/? D/FirebaseApp: com.google.android.gms.measurement.AppMeasurement is not linked. Skipping initialization.
06-04 22:56:36.086 12339-12339/? I/FirebaseInitProvider: FirebaseApp initialization successful
06-04 22:56:36.134 12339-12339/? E/FlagshipApplication: [main] FlagshipApplication#onCreate() called for process id 12339
06-04 22:56:36.225 12339-12339/? D/CrashReporter: [main] Read crash treatment from preferencesekg
06-04 22:56:36.225 12339-12339/? D/CrashReporter: [main] Is EKG enabled true
06-04 22:56:36.225 12339-12339/? D/CrashReporter: [main] Is Crashlytics enabled false
06-04 22:56:36.226 12339-12339/? D/CrashReporter: [main] Is Logging memberId enabled false
06-04 22:56:36.252 12339-12370/? D/ExceptionHandler: Uploading pending java crashes
06-04 22:56:36.253 12339-12370/? D/ExceptionHandler: Uploading native crashes
06-04 22:56:36.265 12339-12369/? I/cr_CronetLibraryLoader: Cronet version: 60.0.3082.0, arch: aarch64
06-04 22:56:36.371 12339-12339/? D/AppLaunchRateLimiter: [main] shouldLimitAppLaunchNetworkCalls: S600
06-04 22:56:36.373 12339-12339/? D/FlagshipApplication: [main] onAuthenticatedAppProcessStarted(): shouldLimitNetworkCalls=false
06-04 22:56:36.405 12339-12339/? D/LixManagerImpl: [main] Triggering sync for lix lixType 0
06-04 22:56:36.406 12339-12339/? D/LixNetworkManager: [main] Batch Fetch Lix url:/lix/treatments
06-04 22:56:36.428 12339-12339/? D/ShortcutBadger: Finding badger
06-04 22:56:36.431 12339-12339/? D/ShortcutBadger: Current badger:me.leolin.shortcutbadger.impl.SonyHomeBadger
06-04 22:56:36.473 12339-12373/? I/LMDBLRUCache: Entry init duration: 194ms
06-04 22:56:36.491 12339-12339/? D/EventBus: No subscribers registered for event class com.linkedin.android.infra.events.MeUpdatedEvent
06-04 22:56:36.491 12339-12339/? D/EventBus: No subscribers registered for event class org.greenrobot.eventbus.NoSubscriberEvent
06-04 22:56:36.494 12339-12339/? D/EventBus: No subscribers registered for event class com.linkedin.android.publishing.video.events.VideoAutoPlaySettingChangedEvent
06-04 22:56:36.494 12339-12339/? D/EventBus: No subscribers registered for event class org.greenrobot.eventbus.NoSubscriberEvent
06-04 22:56:36.495 12339-12359/? I/System.out: [INFO] xmessage.logger.init: XMessage is using xmessage logger implementation
06-04 22:56:36.516 2193-6675/? I/ActivityManager: Start proc 12396:com.android.providers.calendar/u0a25 for content provider com.android.providers.calendar/.CalendarProvider2
06-04 22:56:36.572 12396-12396/? W/System: ClassLoader referenced unknown path: /system/priv-app/CalendarProvider/lib/arm64
06-04 22:56:36.595 12396-12396/? I/LoadedApk: No resource references to update in package alias:android.res.overlay_310_2
06-04 22:56:36.596 12396-12396/? I/LoadedApk: No resource references to update in package alias:com.sonymobile.dummy
06-04 22:56:36.614 12396-12396/? I/CalendarProvider2: Created com.android.providers.calendar.CalendarAlarmManager@f7bdb4(com.android.providers.calendar.CalendarProvider2@280cddd)
