06-04 22:48:42.497 12107-12107/? E/QCOMSysDaemon: Can't find/open bootselect node: (No such file or directory)
06-04 22:48:42.497 12107-12107/? I/QCOMSysDaemon: Starting qcom system daemon
06-04 22:48:42.497 12107-12107/? E/Diag_Lib:  Diag_LSM_Init: Failed to open handle to diag driver, error = 13
06-04 22:48:42.497 12107-12107/? E/QCOMSysDaemon:  Diag_LSM_Init failed : 0
06-04 22:48:44.423 677-677/? D/illumination-service: 'backlight': Color ffa3a3a3, BrMode 0, OnMS 0, OffMS 0, Mode 0
06-04 22:48:44.445 677-677/? D/illumination-service: 'backlight': Color ff9f9f9f, BrMode 0, OnMS 0, OffMS 0, Mode 0
06-04 22:48:44.461 677-677/? D/illumination-service: 'backlight': Color ff9b9b9b, BrMode 0, OnMS 0, OffMS 0, Mode 0
06-04 22:48:44.477 677-677/? D/illumination-service: 'backlight': Color ff989898, BrMode 0, OnMS 0, OffMS 0, Mode 0
06-04 22:48:44.495 677-677/? D/illumination-service: 'backlight': Color ff959595, BrMode 0, OnMS 0, OffMS 0, Mode 0
06-04 22:48:44.511 677-677/? D/illumination-service: 'backlight': Color ff919191, BrMode 0, OnMS 0, OffMS 0, Mode 0
06-04 22:48:44.527 677-677/? D/illumination-service: 'backlight': Color ff8e8e8e, BrMode 0, OnMS 0, OffMS 0, Mode 0
06-04 22:48:44.544 677-677/? D/illumination-service: 'backlight': Color ff8b8b8b, BrMode 0, OnMS 0, OffMS 0, Mode 0
06-04 22:48:44.559 677-677/? D/illumination-service: 'backlight': Color ff878787, BrMode 0, OnMS 0, OffMS 0, Mode 0
06-04 22:48:44.576 677-677/? D/illumination-service: 'backlight': Color ff848484, BrMode 0, OnMS 0, OffMS 0, Mode 0
06-04 22:48:44.591 677-677/? D/illumination-service: 'backlight': Color ff818181, BrMode 0, OnMS 0, OffMS 0, Mode 0
06-04 22:48:44.608 677-677/? D/illumination-service: 'backlight': Color ff7e7e7e, BrMode 0, OnMS 0, OffMS 0, Mode 0
06-04 22:48:44.624 677-677/? D/illumination-service: 'backlight': Color ff7a7a7a, BrMode 0, OnMS 0, OffMS 0, Mode 0
06-04 22:48:44.641 677-677/? D/illumination-service: 'backlight': Color ff777777, BrMode 0, OnMS 0, OffMS 0, Mode 0
06-04 22:48:44.659 677-677/? D/illumination-service: 'backlight': Color ff747474, BrMode 0, OnMS 0, OffMS 0, Mode 0
06-04 22:48:44.675 677-677/? D/illumination-service: 'backlight': Color ff707070, BrMode 0, OnMS 0, OffMS 0, Mode 0
06-04 22:48:44.692 677-677/? D/illumination-service: 'backlight': Color ff6d6d6d, BrMode 0, OnMS 0, OffMS 0, Mode 0
06-04 22:48:44.709 677-677/? D/illumination-service: 'backlight': Color ff6a6a6a, BrMode 0, OnMS 0, OffMS 0, Mode 0
06-04 22:48:44.724 677-677/? D/illumination-service: 'backlight': Color ff676767, BrMode 0, OnMS 0, OffMS 0, Mode 0
06-04 22:48:44.741 677-677/? D/illumination-service: 'backlight': Color ff636363, BrMode 0, OnMS 0, OffMS 0, Mode 0
06-04 22:48:44.757 677-677/? D/illumination-service: 'backlight': Color ff606060, BrMode 0, OnMS 0, OffMS 0, Mode 0
06-04 22:48:44.774 677-677/? D/illumination-service: 'backlight': Color ff5d5d5d, BrMode 0, OnMS 0, OffMS 0, Mode 0
06-04 22:48:44.791 677-677/? D/illumination-service: 'backlight': Color ff595959, BrMode 0, OnMS 0, OffMS 0, Mode 0
06-04 22:48:44.808 677-677/? D/illumination-service: 'backlight': Color ff565656, BrMode 0, OnMS 0, OffMS 0, Mode 0
06-04 22:48:44.825 677-677/? D/illumination-service: 'backlight': Color ff535353, BrMode 0, OnMS 0, OffMS 0, Mode 0
06-04 22:48:44.842 677-677/? D/illumination-service: 'backlight': Color ff4f4f4f, BrMode 0, OnMS 0, OffMS 0, Mode 0
06-04 22:48:44.857 677-677/? D/illumination-service: 'backlight': Color ff4c4c4c, BrMode 0, OnMS 0, OffMS 0, Mode 0
06-04 22:48:44.874 677-677/? D/illumination-service: 'backlight': Color ff494949, BrMode 0, OnMS 0, OffMS 0, Mode 0
06-04 22:48:44.891 677-677/? D/illumination-service: 'backlight': Color ff464646, BrMode 0, OnMS 0, OffMS 0, Mode 0
06-04 22:48:44.907 677-677/? D/illumination-service: 'backlight': Color ff424242, BrMode 0, OnMS 0, OffMS 0, Mode 0
06-04 22:48:44.923 677-677/? D/illumination-service: 'backlight': Color ff3f3f3f, BrMode 0, OnMS 0, OffMS 0, Mode 0
06-04 22:48:44.940 677-677/? D/illumination-service: 'backlight': Color ff3c3c3c, BrMode 0, OnMS 0, OffMS 0, Mode 0
06-04 22:48:44.957 677-677/? D/illumination-service: 'backlight': Color ff383838, BrMode 0, OnMS 0, OffMS 0, Mode 0
06-04 22:48:44.973 677-677/? D/illumination-service: 'backlight': Color ff353535, BrMode 0, OnMS 0, OffMS 0, Mode 0
06-04 22:48:44.988 677-677/? D/illumination-service: 'backlight': Color ff323232, BrMode 0, OnMS 0, OffMS 0, Mode 0
06-04 22:48:45.005 677-677/? D/illumination-service: 'backlight': Color ff2e2e2e, BrMode 0, OnMS 0, OffMS 0, Mode 0
06-04 22:48:45.023 677-677/? D/illumination-service: 'backlight': Color ff2b2b2b, BrMode 0, OnMS 0, OffMS 0, Mode 0
06-04 22:48:45.038 677-677/? D/illumination-service: 'backlight': Color ff282828, BrMode 0, OnMS 0, OffMS 0, Mode 0
06-04 22:48:45.055 677-677/? D/illumination-service: 'backlight': Color ff252525, BrMode 0, OnMS 0, OffMS 0, Mode 0
06-04 22:48:45.072 677-677/? D/illumination-service: 'backlight': Color ff212121, BrMode 0, OnMS 0, OffMS 0, Mode 0
06-04 22:48:45.088 677-677/? D/illumination-service: 'backlight': Color ff1e1e1e, BrMode 0, OnMS 0, OffMS 0, Mode 0
06-04 22:48:45.105 677-677/? D/illumination-service: 'backlight': Color ff1b1b1b, BrMode 0, OnMS 0, OffMS 0, Mode 0
06-04 22:48:45.122 677-677/? D/illumination-service: 'backlight': Color ff171717, BrMode 0, OnMS 0, OffMS 0, Mode 0
06-04 22:48:45.138 677-677/? D/illumination-service: 'backlight': Color ff141414, BrMode 0, OnMS 0, OffMS 0, Mode 0
06-04 22:48:45.154 677-677/? D/illumination-service: 'backlight': Color ff111111, BrMode 0, OnMS 0, OffMS 0, Mode 0
06-04 22:48:45.170 677-677/? D/illumination-service: 'backlight': Color ff0d0d0d, BrMode 0, OnMS 0, OffMS 0, Mode 0
06-04 22:48:45.186 677-677/? D/illumination-service: 'backlight': Color ff0a0a0a, BrMode 0, OnMS 0, OffMS 0, Mode 0
06-04 22:48:47.576 12129-12129/? W/qcom-system-dae: type=1400 audit(0.0:37594): avc: denied { read write } for name="diag" dev="tmpfs" ino=1969 scontext=u:r:qcomsysd:s0 tcontext=u:object_r:diag_device:s0 tclass=chr_file permissive=0 ppid=1 pcomm="init" pgid=1 pgcomm="init"
06-04 22:48:47.584 12129-12129/? I/libmdmdetect: ESOC framework not supported
06-04 22:48:47.585 12129-12129/? I/libmdmdetect: Found internal modem: modem
06-04 22:48:47.585 12129-12129/? E/QCOMSysDaemon: Can't find/open bootselect node: (No such file or directory)
06-04 22:48:47.585 12129-12129/? I/QCOMSysDaemon: Starting qcom system daemon
06-04 22:48:47.585 12129-12129/? E/Diag_Lib:  Diag_LSM_Init: Failed to open handle to diag driver, error = 13
06-04 22:48:47.585 12129-12129/? E/QCOMSysDaemon:  Diag_LSM_Init failed : 0
06-04 22:48:48.095 2193-2498/? I/BroadcastQueue: am_broadcast_enqueue: [background,0,Intent { act=android.net.wifi.RSSI_CHANGED flg=0x4000010 (has extras) },3]
06-04 22:48:48.099 2193-2225/? I/BroadcastQueue: am_broadcast_finished: [background,0,Intent { act=android.net.wifi.RSSI_CHANGED flg=0x4000010 (has extras) }]
06-04 22:48:49.268 2193-2472/? I/BroadcastQueue: am_broadcast_enqueue: [background,1,Intent { act=com.google.android.gms.location.fused.SEND_LOCATION_IN_SMD_MODE flg=0x14 pkg=com.google.android.gms (has extras) },1]
06-04 22:48:49.296 2193-8765/? I/BroadcastQueue: am_broadcast_enqueue: [background,1,Intent { act=com.facebook.intent.action.prod.BACKGROUND_LOCATION_REPORTING_ACTION_LOCATION_UPDATE flg=0x10 pkg=com.facebook.katana (has extras) },1]
06-04 22:48:49.303 3167-9155/? W/ctxmgr: [AclManager]No 2 for (accnt=account#850801081#, com.google.android.gms(10038):UserLocationProducer, vrsn=10298000, 0, 3pPkg = null ,  3pMdlId = null). Was: 2 for 1, account#850801081#
06-04 22:48:49.303 2193-3315/? I/BroadcastQueue: am_broadcast_finished: [background,1,Intent { act=com.google.android.gms.location.fused.SEND_LOCATION_IN_SMD_MODE flg=0x14 pkg=com.google.android.gms (has extras) }]
06-04 22:48:49.324 2193-6669/? I/BroadcastQueue: am_broadcast_finished: [background,1,Intent { act=com.facebook.intent.action.prod.BACKGROUND_LOCATION_REPORTING_ACTION_LOCATION_UPDATE flg=0x10 pkg=com.facebook.katana (has extras) }]
06-04 22:48:49.353 2193-15333/? I/BroadcastQueue: am_broadcast_enqueue: [background,0,Intent { act=com.google.android.location.activity.DEEP_STILL_MODE_DISABLED flg=0x10 },1]
06-04 22:48:49.354 2193-2225/? I/BroadcastQueue: am_broadcast_finished: [background,0,Intent { act=com.google.android.location.activity.DEEP_STILL_MODE_DISABLED flg=0x10 }]
06-04 22:48:49.384 2193-3306/? I/BroadcastQueue: am_broadcast_enqueue: [background,1,Intent { act=com.google.android.gms.gcm.ACTION_SCHEDULE flg=0x10 pkg=com.google.android.gms (has extras) },1]
06-04 22:48:49.389 2193-6488/? I/BroadcastQueue: am_broadcast_finished: [background,1,Intent { act=com.google.android.gms.gcm.ACTION_SCHEDULE flg=0x10 pkg=com.google.android.gms (has extras) }]
06-04 22:48:51.180 2193-2498/? I/BroadcastQueue: am_broadcast_enqueue: [background,0,Intent { act=android.net.wifi.RSSI_CHANGED flg=0x4000010 (has extras) },3]
06-04 22:48:51.183 2193-2225/? I/BroadcastQueue: am_broadcast_finished: [background,0,Intent { act=android.net.wifi.RSSI_CHANGED flg=0x4000010 (has extras) }]
06-04 22:48:51.979 2193-2261/? I/PowerManagerService: Going to sleep due to screen timeout (uid 1000)...
06-04 22:48:51.983 2605-2630/? D/KeyguardViewMediator: onStartedGoingToSleep(3)
06-04 22:48:52.009 2605-2630/? D/KeyguardViewMediator: setting alarm to turn off keyguard, seq = 60
06-04 22:48:52.014 2605-2630/? D/KeyguardViewMediator: notifyStartedGoingToSleep
06-04 22:48:52.019 2605-2605/? V/KeyguardUpdateMonitor: startListeningForFingerprint()
06-04 22:48:52.020 2605-2605/? W/FingerprintManager: isFingerprintHardwareDetected(): Service not connected!
06-04 22:48:52.020 2605-2605/? D/KeyguardViewMediator: handleNotifyStartedGoingToSleep
06-04 22:48:52.085 677-677/? D/illumination-service: 'backlight': Color ff000000, BrMode 0, OnMS 0, OffMS 0, Mode 0
06-04 22:48:52.086 2061-2089/? D/fast-dormancy: [FDM]: Send status SCREEN_STATUS_OFF
06-04 22:48:52.086 1011-1031/? I/touchscreend: illum_cb - screen off
06-04 22:48:52.087 2061-2061/? D/fast-dormancy: [FDM]: received fdmsg.type: 4, fdmsg.buf[0]: 2
06-04 22:48:52.472 973-973/? I/MSM-irqbalance: Decided to move IRQ224 from CPU3 to CPU2
06-04 22:48:52.544 2193-2261/? I/PowerManagerService: Sleeping (uid 1000)...
06-04 22:48:52.549 2193-2193/? I/chatty: uid=1000 system_server expire 2 lines
06-04 22:48:52.709 2605-2635/? D/KeyguardViewMediator: onFinishedGoingToSleep(3)
06-04 22:48:52.709 2605-2635/? D/KeyguardViewMediator: notifyFinishedGoingToSleep
06-04 22:48:52.709 2193-2193/? I/BroadcastQueue: am_broadcast_enqueue: [foreground,1,Intent { act=android.intent.action.SCREEN_OFF flg=0x50000010 },48]
06-04 22:48:52.710 2605-2605/? D/KeyguardViewMediator: handleNotifyFinishedGoingToSleep
06-04 22:48:52.710 2605-2605/? V/KeyguardStatusView: Disable transport text marquee
06-04 22:48:52.759 2605-2605/? V/KeyguardUpdateMonitor: startListeningForFingerprint()
06-04 22:48:52.760 2605-2605/? W/FingerprintManager: isFingerprintHardwareDetected(): Service not connected!
06-04 22:48:52.765 727-13593/? D/audio_hw_primary: adev_set_parameters: enter: screen_state=off
06-04 22:48:52.765 727-13593/? D/audio_hw_extn: audio_extn_set_anc_parameters: anc_enabled:0
06-04 22:48:52.765 727-13593/? D/audio_hw_extn: audio_extn_get_anc_enabled: anc_enabled:0
06-04 22:48:53.146 12141-12141/? W/qcom-system-dae: type=1400 audit(0.0:37595): avc: denied { read write } for name="diag" dev="tmpfs" ino=1969 scontext=u:r:qcomsysd:s0 tcontext=u:object_r:diag_device:s0 tclass=chr_file permissive=0 ppid=1 pcomm="init" pgid=1 pgcomm="init"
06-04 22:48:53.159 12141-12141/? I/libmdmdetect: ESOC framework not supported
06-04 22:48:53.159 12141-12141/? I/libmdmdetect: Found internal modem: modem
06-04 22:48:53.159 12141-12141/? E/QCOMSysDaemon: Can't find/open bootselect node: (No such file or directory)
06-04 22:48:53.159 12141-12141/? I/QCOMSysDaemon: Starting qcom system daemon
06-04 22:48:53.159 12141-12141/? E/Diag_Lib:  Diag_LSM_Init: Failed to open handle to diag driver, error = 13
06-04 22:48:53.159 12141-12141/? E/QCOMSysDaemon:  Diag_LSM_Init failed : 0
06-04 22:48:54.309 2193-2261/? E/KernelCpuSpeedReader: Failed to read cpu-freq: /sys/devices/system/cpu/cpu4/cpufreq/stats/time_in_state (No such file or directory)
06-04 22:48:54.339 2193-2261/? I/chatty: uid=1000(system) PowerManagerSer expire 3 lines
06-04 22:48:54.340 2605-2630/? D/KeyguardViewMediator: notifyScreenTurnedOff
06-04 22:48:54.340 2605-2605/? D/KeyguardViewMediator: handleNotifyScreenTurnedOff
06-04 22:48:54.340 2193-2258/? I/DisplayManagerService: Display device changed state: "Inbyggd skrm", OFF
06-04 22:48:54.344 643-643/? D/SurfaceFlinger: Set power mode=0, type=0 flinger=0x7f93449880
06-04 22:48:54.344 643-643/? D/qdhwcomposer: hwc_setPowerMode: Setting mode 0 on display: 0
06-04 22:48:54.538 643-643/? D/qdhwcomposer: hwc_setPowerMode: Done setting mode 0 on display 0
06-04 22:48:54.540 2193-2522/? I/chatty: uid=1000(system) PhotonicModulat expire 1 line
06-04 22:48:55.466 2193-2472/? I/BroadcastQueue: am_broadcast_enqueue: [background,1,Intent { act=com.google.android.location.ALARM_WAKEUP_LOCATOR flg=0x14 (has extras) },1]
06-04 22:48:55.470 2193-2472/? I/BroadcastQueue: am_broadcast_enqueue: [background,1,Intent { flg=0x14 cmp=com.tvnu.app/io.glimr.sdk.beacon.service.KATBeaconReceiver (has extras) },1]
06-04 22:48:55.470 2193-2472/? I/BroadcastQueue: am_broadcast_enqueue: [background,1,Intent { flg=0x14 cmp=com.oryanmat.trellowidget/com.github.oryanmat.trellowidget.widget.AlarmReceiver (has extras) },1]
06-04 22:48:55.472 2193-2472/? D/ActivityManager: SystemUid, not FirstBoot, not Upgrade, use SERVICE_TIMEOUT
06-04 22:48:55.491 2193-2713/? I/BroadcastQueue: am_broadcast_enqueue: [background,1,Intent { act=com.sonymobile.crashmonitor.CRASH_STATUS flg=0x10 (has extras) },1]
06-04 22:48:55.502 2193-6666/? D/WifiService: acquireWifiLockLocked: WifiLock{NlpWifiLock type=2 uid=10038}
06-04 22:48:55.505 2193-7110/? I/BroadcastQueue: am_broadcast_finished: [background,1,Intent { act=com.google.android.location.ALARM_WAKEUP_LOCATOR flg=0x14 (has extras) }]
06-04 22:48:55.509 8357-8357/? D/GlimrSDK: #Starting Glimr
06-04 22:48:55.521 8357-8357/? D/GlimrSDK: #Beacon bind
06-04 22:48:55.528 8357-8357/? W/IBeaconService: exiting
06-04 22:48:55.528 8357-8357/? W/IBeaconService: exiting
06-04 22:48:55.637 3258-12154/? I/chatty: uid=1027(nfc) com.android.nfc expire 43 lines
06-04 22:48:55.694 3452-3452/? I/DeviceScanner: [MDNS] Screen is OFF
06-04 22:48:55.699 3258-3511/? I/chatty: uid=1027(nfc) AsyncTask #1 expire 244 lines
06-04 22:48:55.701 3452-3452/? I/DeviceScanner: [CastNearby] Screen is OFF
06-04 22:48:55.702 3452-7127/? W/MdnsClient_Cast: Multicast lock held. Releasing. Subtypes:"%9E5E7C8F47989526C9BCD95D24084F6F0B27C5ED,805741C9"
06-04 22:48:55.704 3452-7127/? W/MdnsClient: unicast receiver thread is already dead.
06-04 22:48:55.708 2193-2713/? D/ActivityManager: SystemUid, not FirstBoot, not Upgrade, use SERVICE_TIMEOUT
06-04 22:48:55.713 3258-3519/? I/chatty: uid=1027(nfc) AsyncTask #1 expire 12 lines
06-04 22:48:55.812 3452-3452/? I/CastMediaRouteProvider: in onDiscoveryRequestChanged: request=DiscoveryRequest{ selector=MediaRouteSelector{ controlCategories=[com.google.android.gms.cast.CATEGORY_CAST/805741C9] }, activeScan=false, isValid=true }
06-04 22:48:55.826 2193-15334/? I/BroadcastQueue: am_broadcast_enqueue: [background,1,Intent { act=mobi.infolife.taskmanager.SCREEN_OFF flg=0x10 },1]
06-04 22:48:55.827 3452-7127/? I/DeviceScanner: [MDNS] Filter criteria: 805741C9
06-04 22:48:55.827 3452-7127/? I/DeviceScanner: [MDNS] updateScannerState: No filter criteria was added.
06-04 22:48:55.827 3452-7127/? I/DeviceScanner: [MDNS] updateScannerState: No filter criteria was removed.
06-04 22:48:55.830 3452-7127/? I/DeviceScanner: [CastNearby] Filter criteria: 805741C9
06-04 22:48:55.830 3452-7127/? I/DeviceScanner: [CastNearby] updateScannerState: No filter criteria was added.
06-04 22:48:55.830 3452-7127/? I/DeviceScanner: [CastNearby] updateScannerState: No filter criteria was removed.
06-04 22:48:55.873 2193-6489/? I/BroadcastQueue: am_broadcast_finished: [foreground,1,Intent { act=android.intent.action.SCREEN_OFF flg=0x50000010 }]
06-04 22:48:55.968 9700-9825/? I/tnet-jni: 2053 - [spdyPingRecvCallback] - 
06-04 22:48:55.969 9700-9825/? I/tnet-jni: 2053 - [SpdySessionCallBack.spdyPingRecvCallback] - org.android.spdy.SpdySession@957ac65
06-04 22:48:57.367 8357-8357/? D/GlimrSDK: #Stopping Glimr
06-04 22:48:57.372 8357-8357/? D/GlimrSDK: #Beacon unbind
06-04 22:48:57.375 8357-8357/? W/IBeaconService: exiting
06-04 22:48:57.522 973-973/? I/MSM-irqbalance: Decided to move IRQ240 from CPU0 to CPU2
06-04 22:48:57.746 1000-1000/? I/chatty: uid=3005(net_admin) /system/bin/ipacm expire 14 lines
06-04 22:48:58.220 12156-12156/? I/libmdmdetect: ESOC framework not supported
06-04 22:48:58.220 12156-12156/? I/libmdmdetect: Found internal modem: modem
06-04 22:48:58.221 12156-12156/? E/QCOMSysDaemon: Can't find/open bootselect node: (No such file or directory)
06-04 22:48:58.221 12156-12156/? I/QCOMSysDaemon: Starting qcom system daemon
06-04 22:48:58.221 12156-12156/? E/Diag_Lib:  Diag_LSM_Init: Failed to open handle to diag driver, error = 13
06-04 22:48:58.206 12156-12156/? W/qcom-system-dae: type=1400 audit(0.0:37601): avc: denied { read write } for name="diag" dev="tmpfs" ino=1969 scontext=u:r:qcomsysd:s0 tcontext=u:object_r:diag_device:s0 tclass=chr_file permissive=0 ppid=1 pcomm="init" pgid=1 pgcomm="init"
06-04 22:48:58.221 12156-12156/? E/QCOMSysDaemon:  Diag_LSM_Init failed : 0
06-04 22:48:59.357 2193-2225/? E/KernelCpuSpeedReader: Failed to read cpu-freq: /sys/devices/system/cpu/cpu4/cpufreq/stats/time_in_state (No such file or directory)
06-04 22:49:00.506 2193-2472/? I/BroadcastQueue: am_broadcast_enqueue: [foreground,1,Intent { act=android.intent.action.TIME_TICK flg=0x50000014 (has extras) },17]
06-04 22:49:00.509 2193-2472/? I/BroadcastQueue: am_broadcast_enqueue: [background,1,Intent { act=com.google.android.location.ALARM_WAKEUP_LOCATOR flg=0x14 (has extras) },1]
06-04 22:49:00.518 2605-2605/? D/KeyguardUpdateMonitor: received broadcast android.intent.action.TIME_TICK
06-04 22:49:00.519 2605-2605/? D/KeyguardUpdateMonitor: handleTimeUpdate
06-04 22:49:00.697 2193-2208/? I/BroadcastQueue: am_broadcast_finished: [foreground,1,Intent { act=android.intent.action.TIME_TICK flg=0x50000014 (has extras) }]
06-04 22:49:01.567 8357-8357/? D/GlimrSDK: #Reschedule Glimr
06-04 22:49:01.570 8357-8357/? D/GlimrSDK: #Next in 30
06-04 22:49:01.574 8357-8357/? D/GlimrSDK: #Shutting Glimr
06-04 22:49:01.576 2193-7110/? I/BroadcastQueue: am_broadcast_finished: [background,1,Intent { flg=0x14 (has extras) }]
06-04 22:49:01.604 2193-3278/? I/BroadcastQueue: am_broadcast_enqueue: [background,1,Intent { act=android.appwidget.action.APPWIDGET_UPDATE flg=0x10 cmp=com.oryanmat.trellowidget/com.github.oryanmat.trellowidget.widget.TrelloWidgetProvider (has extras) },1]
06-04 22:49:01.606 2193-2207/? I/BroadcastQueue: am_broadcast_finished: [background,1,Intent { flg=0x14 (has extras) }]
06-04 22:49:01.624 2193-15293/? I/BroadcastQueue: am_broadcast_finished: [background,1,Intent { act=com.sonymobile.crashmonitor.CRASH_STATUS flg=0x10 (has extras) }]
06-04 22:49:01.643 2193-6665/? I/BroadcastQueue: am_broadcast_finished: [background,1,Intent { act=mobi.infolife.taskmanager.SCREEN_OFF flg=0x10 }]
06-04 22:49:01.705 3167-9155/? W/ctxmgr: [AclManager]No 2 for (accnt=account#850801081#, com.google.android.gms(10038):UserLocationProducer, vrsn=10298000, 0, 3pPkg = null ,  3pMdlId = null). Was: 2 for 1, account#850801081#
06-04 22:49:01.709 2193-6700/? D/WifiService: releaseWifiLockLocked: WifiLock{NlpWifiLock type=2 uid=10038}
06-04 22:49:01.731 2193-15293/? I/BroadcastQueue: am_broadcast_finished: [background,1,Intent { act=com.google.android.location.ALARM_WAKEUP_LOCATOR flg=0x14 (has extras) }]
06-04 22:49:01.737 2193-2514/? I/BroadcastQueue: am_broadcast_finished: [background,1,Intent { act=android.appwidget.action.APPWIDGET_UPDATE flg=0x10 (has extras) }]
06-04 22:49:02.563 973-973/? I/MSM-irqbalance: Decided to move IRQ304 from CPU0 to CPU2
06-04 22:49:03.316 12159-12159/? W/qcom-system-dae: type=1400 audit(0.0:37602): avc: denied { read write } for name="diag" dev="tmpfs" ino=1969 scontext=u:r:qcomsysd:s0 tcontext=u:object_r:diag_device:s0 tclass=chr_file permissive=0 ppid=1 pcomm="init" pgid=1 pgcomm="init"
06-04 22:49:03.324 12159-12159/? I/libmdmdetect: ESOC framework not supported
06-04 22:49:03.324 12159-12159/? I/libmdmdetect: Found internal modem: modem
06-04 22:49:03.325 12159-12159/? E/QCOMSysDaemon: Can't find/open bootselect node: (No such file or directory)
06-04 22:49:03.325 12159-12159/? I/QCOMSysDaemon: Starting qcom system daemon
06-04 22:49:03.325 12159-12159/? E/Diag_Lib:  Diag_LSM_Init: Failed to open handle to diag driver, error = 13
06-04 22:49:03.325 12159-12159/? E/QCOMSysDaemon:  Diag_LSM_Init failed : 0
06-04 22:49:05.296 1003-1003/? I/chatty: uid=3005(net_admin) /system/bin/ipacm expire 10 lines
06-04 22:49:10.308 2193-2225/? E/KernelCpuSpeedReader: Failed to read cpu-freq: /sys/devices/system/cpu/cpu4/cpufreq/stats/time_in_state (No such file or directory)
06-04 22:49:11.395 973-973/? I/MSM-irqbalance: Decided to move IRQ188 from CPU0 to CPU2
06-04 22:49:20.096 2193-2256/? I/BroadcastQueue: am_broadcast_enqueue: [background,1,Intent { act=android.net.conn.DATA_ACTIVITY_CHANGE flg=0x10 (has extras) },1]
06-04 22:49:20.098 2193-2230/? E/BatteryStatsService: no controller energy info supplied
06-04 22:49:20.098 2193-15333/? I/BroadcastQueue: am_broadcast_finished: [background,1,Intent { act=android.net.conn.DATA_ACTIVITY_CHANGE flg=0x10 (has extras) }]
06-04 22:49:20.100 2193-2230/? E/KernelCpuSpeedReader: Failed to read cpu-freq: /sys/devices/system/cpu/cpu4/cpufreq/stats/time_in_state (No such file or directory)
06-04 22:49:21.994 2193-2472/? I/BroadcastQueue: am_broadcast_enqueue: [foreground,1,Intent { act=com.android.internal.policy.impl.PhoneWindowManager.DELAYED_KEYGUARD flg=0x10000014 (has extras) },1]
06-04 22:49:21.998 2605-2605/? D/KeyguardViewMediator: received DELAYED_KEYGUARD_ACTION with seq = 60, mDelayedShowingSequence = 60
06-04 22:49:22.018 2605-2605/? D/KeyguardViewMediator: doKeyguard: showing the lock screen
06-04 22:49:22.018 2605-2605/? D/KeyguardViewMediator: showLocked
06-04 22:49:22.020 2193-6661/? I/BroadcastQueue: am_broadcast_finished: [foreground,1,Intent { act=com.android.internal.policy.impl.PhoneWindowManager.DELAYED_KEYGUARD flg=0x10000014 (has extras) }]
06-04 22:49:22.021 2605-2605/? D/KeyguardViewMediator: handleShow
06-04 22:49:22.027 2605-2605/? V/KeyguardUpdateMonitor: *** register callback for com.android.keyguard.KeyguardHostView$1@f88269
06-04 22:49:22.027 2605-2605/? V/KeyguardUpdateMonitor: *** unregister callback for null
06-04 22:49:22.031 2605-2605/? V/KeyguardSecurityView: showPrimarySecurityScreen(turningOff=false)
06-04 22:49:22.031 2605-2605/? D/KeyguardSecurityView: showSecurityScreen(PIN)
06-04 22:49:22.031 2605-2605/? V/KeyguardSecurityView: inflating id = 2130968640
06-04 22:49:22.034 2605-2605/? V/KeyguardUpdateMonitor: *** register callback for com.android.keyguard.KeyguardPINView$1@c0ddc25
06-04 22:49:22.034 2605-2605/? V/KeyguardUpdateMonitor: *** unregister callback for null
06-04 22:49:22.036 2605-2605/? V/KeyguardUpdateMonitor: *** register callback for com.android.keyguard.KeyguardMessageArea$2@563a3ab
06-04 22:49:22.036 2605-2605/? V/KeyguardUpdateMonitor: *** unregister callback for null
06-04 22:49:22.120 2605-2605/? V/KeyguardUpdateMonitor: *** register callback for com.android.keyguard.CarrierText$1@a8ca877
06-04 22:49:22.120 2605-2605/? V/KeyguardUpdateMonitor: *** unregister callback for null
06-04 22:49:22.120 2605-2605/? D/CarrierText: updateCarrierText(): 1
06-04 22:49:22.161 2605-2605/? D/CarrierText: Handling (subId=3): READY Telia
06-04 22:49:22.162 2605-2605/? D/CarrierText: SIM ready and in service: subId=3, ss=0 0 voice home data home Telia Telia 24001 Telia Telia 24001  LTE LTE CSS not supported -1 -1 RoamInd=-1 DefRoamInd=-1 EmergOnly=false IsDataRoamingFromRegistration=false mRilImsRadioTechnology=0
06-04 22:49:22.162 2605-2605/? D/CarrierText: onSimStateChanged: Normal
06-04 22:49:22.163 2605-2605/? V/KeyguardUpdateMonitor: *** register callback for com.android.keyguard.EmergencyButton$1@c422ce4
06-04 22:49:22.163 2605-2605/? V/KeyguardUpdateMonitor: *** unregister callback for null
06-04 22:49:22.209 2605-2605/? D/PhoneStatusBar: disable: < expand ICONS* alerts SYSTEM_INFO* back home recent clock search quick_settings >
06-04 22:49:22.226 2605-2605/? D/KeyguardViewBase: show()
06-04 22:49:22.229 2605-2605/? V/KeyguardSecurityView: showPrimarySecurityScreen(turningOff=false)
06-04 22:49:22.229 2605-2605/? D/KeyguardSecurityView: showSecurityScreen(PIN)
06-04 22:49:22.230 2605-2605/? W/FingerprintManager: isFingerprintHardwareDetected(): Service not connected!
06-04 22:49:22.230 2605-2605/? D/KeyguardUpdateMonitor: onKeyguardVisibilityChanged(true)
06-04 22:49:22.231 2605-2605/? V/KeyguardStatusView: refresh statusview showing:true
06-04 22:49:22.237 2605-2605/? V/KeyguardUpdateMonitor: startListeningForFingerprint()
06-04 22:49:22.237 2605-2605/? W/FingerprintManager: isFingerprintHardwareDetected(): Service not connected!
06-04 22:49:22.238 2605-2605/? D/KeyguardViewMediator: adjustStatusBarLocked: mShowing=true mOccluded=false isSecure=true --> flags=0x3200000
06-04 22:49:22.240 2605-2605/? V/KeyguardDisplayManager: show
06-04 22:49:22.260 2193-6661/? I/ActivityManager: Config changes=480 {1.0 240mcc1mnc [sv_SE,en_SE] ldltr sw360dp w360dp h568dp 480dpi nrml port finger -keyb/v/h -nav/h as.1 s.29}
06-04 22:49:22.300 2193-6661/? I/BroadcastQueue: am_broadcast_enqueue: [foreground,0,Intent { act=android.intent.action.CONFIGURATION_CHANGED flg=0x70000010 },12]
06-04 22:49:22.322 2193-2225/? I/BroadcastQueue: am_broadcast_finished: [foreground,0,Intent { act=android.intent.action.CONFIGURATION_CHANGED flg=0x70000010 }]
06-04 22:49:22.347 2193-3304/? I/WindowManager: Destroying surface Surface(name=NavigationBar) called by com.android.server.wm.WindowStateAnimator.destroySurface:2022 com.android.server.wm.WindowStateAnimator.destroySurfaceLocked:889 com.android.server.wm.WindowState.destroyOrSaveSurface:2117 com.android.server.wm.WindowManagerService.tryStartExitingAnimation:3115 com.android.server.wm.WindowManagerService.relayoutWindow:2995 com.android.server.wm.Session.relayout:215 android.view.IWindowSession$Stub.onTransact:286 com.android.server.wm.Session.onTransact:136 
06-04 22:49:22.378 2605-2605/? D/KeyguardUpdateMonitor: handleKeyguardReset
06-04 22:49:22.379 2605-2605/? V/KeyguardUpdateMonitor: startListeningForFingerprint()
06-04 22:49:22.379 2605-2605/? W/FingerprintManager: isFingerprintHardwareDetected(): Service not connected!
06-04 22:49:22.379 2605-2605/? D/PhoneStatusBar: disable: < expand ICONS alerts SYSTEM_INFO back HOME* RECENT* clock SEARCH* quick_settings >
06-04 22:49:22.380 3345-3345/? I/MainView: onSizeChanged: 1080x1920, orientation=portrait
06-04 22:49:22.384 3345-3345/? I/Desktop: updateConfiguration(): Grid{rows=5, cols=4, cellWidth=264, cellHeight=282}
06-04 22:49:22.424 9026-12189/? D/OkHttp: --> GET http://unibailproxyaws.cardicloud.com/rest/v1/center/mallofscandinavia/languages?v=1&app_version=4.18.6&lang=sv-SE http/1.1
06-04 22:49:22.425 9026-12189/? D/OkHttp: Cache-Control: no-cache
06-04 22:49:22.425 9026-12189/? D/OkHttp: User-Agent: Dalvik/2.1.0 (Linux; U; Android 7.0; E6553 Build/32.3.A.2.33)
06-04 22:49:22.425 9026-12189/? D/OkHttp: charset: utf-8
06-04 22:49:22.425 9026-12189/? D/OkHttp: --> END GET
06-04 22:49:22.432 2193-2256/? I/BroadcastQueue: am_broadcast_enqueue: [background,1,Intent { act=android.net.conn.DATA_ACTIVITY_CHANGE flg=0x10 (has extras) },1]
06-04 22:49:22.434 2193-3315/? I/BroadcastQueue: am_broadcast_finished: [background,1,Intent { act=android.net.conn.DATA_ACTIVITY_CHANGE flg=0x10 (has extras) }]
06-04 22:49:22.434 2193-2230/? E/BatteryStatsService: no controller energy info supplied
06-04 22:49:22.435 2193-2230/? E/KernelCpuSpeedReader: Failed to read cpu-freq: /sys/devices/system/cpu/cpu4/cpufreq/stats/time_in_state (No such file or directory)
06-04 22:49:22.595 3345-3345/? E/RecyclerView: No adapter attached; skipping layout
06-04 22:49:23.016 3345-3345/? I/Choreographer: Skipped 36 frames!  The application may be doing too much work on its main thread.
06-04 22:49:23.207 973-973/? I/MSM-irqbalance: Decided to move IRQ304 from CPU0 to CPU2
06-04 22:49:31.846 1003-1003/? I/chatty: uid=3005(net_admin) /system/bin/ipacm expire 12 lines
06-04 22:49:31.860 2193-2472/? I/BroadcastQueue: am_broadcast_enqueue: [background,1,Intent { flg=0x14 cmp=com.tvnu.app/io.glimr.sdk.beacon.service.KATBeaconReceiver (has extras) },1]
06-04 22:49:31.871 8357-8357/? D/GlimrSDK: #Starting Glimr
06-04 22:49:31.881 8357-8357/? D/GlimrSDK: #Beacon bind
06-04 22:49:31.888 8357-8357/? W/IBeaconService: exiting
06-04 22:49:31.888 8357-8357/? W/IBeaconService: exiting
06-04 22:49:33.727 8357-8357/? D/GlimrSDK: #Stopping Glimr
06-04 22:49:33.731 8357-8357/? D/GlimrSDK: #Beacon unbind
06-04 22:49:33.735 8357-8357/? W/IBeaconService: exiting
06-04 22:49:35.162 2193-2225/? E/KernelCpuSpeedReader: Failed to read cpu-freq: /sys/devices/system/cpu/cpu4/cpufreq/stats/time_in_state (No such file or directory)
06-04 22:49:35.966 12200-12200/? W/qcom-system-dae: type=1400 audit(0.0:37624): avc: denied { read write } for name="diag" dev="tmpfs" ino=1969 scontext=u:r:qcomsysd:s0 tcontext=u:object_r:diag_device:s0 tclass=chr_file permissive=0 ppid=1 pcomm="init" pgid=1 pgcomm="init"
06-04 22:49:35.978 12200-12200/? I/libmdmdetect: ESOC framework not supported
06-04 22:49:35.978 12200-12200/? I/libmdmdetect: Found internal modem: modem
06-04 22:49:35.979 12200-12200/? E/QCOMSysDaemon: Can't find/open bootselect node: (No such file or directory)
06-04 22:49:35.979 12200-12200/? I/QCOMSysDaemon: Starting qcom system daemon
06-04 22:49:35.979 12200-12200/? E/Diag_Lib:  Diag_LSM_Init: Failed to open handle to diag driver, error = 13
06-04 22:49:35.979 12200-12200/? E/QCOMSysDaemon:  Diag_LSM_Init failed : 0
06-04 22:49:36.365 973-973/? I/MSM-irqbalance: Decided to move IRQ188 from CPU0 to CPU2
06-04 22:49:37.927 8357-8357/? D/GlimrSDK: #Reschedule Glimr
06-04 22:49:37.932 8357-8357/? D/GlimrSDK: #Next in 30
06-04 22:49:37.935 8357-8357/? D/GlimrSDK: #Shutting Glimr
06-04 22:49:37.937 2193-2207/? I/BroadcastQueue: am_broadcast_finished: [background,1,Intent { flg=0x14 (has extras) }]
06-04 22:49:41.384 2193-2472/? I/BroadcastQueue: am_broadcast_enqueue: [background,1,Intent { act=X.2h7.ACTION_ALARM.com.facebook.katana.Mqtt_Wakeup flg=0x14 pkg=com.facebook.katana (has extras) },1]
06-04 22:49:41.397 2193-3312/? I/BroadcastQueue: am_broadcast_finished: [background,1,Intent { act=X.2h7.ACTION_ALARM.com.facebook.katana.Mqtt_Wakeup flg=0x14 pkg=com.facebook.katana (has extras) }]
06-04 22:49:59.649 973-973/? I/MSM-irqbalance: Decided to move IRQ304 from CPU0 to CPU2
06-04 22:50:08.376 2193-2225/? E/KernelCpuSpeedReader: Failed to read cpu-freq: /sys/devices/system/cpu/cpu4/cpufreq/stats/time_in_state (No such file or directory)
06-04 22:50:08.361 1003-1003/? I/chatty: uid=3005(net_admin) /system/bin/ipacm expire 14 lines
06-04 22:50:08.408 2193-2472/? I/BroadcastQueue: am_broadcast_enqueue: [foreground,1,Intent { act=android.intent.action.TIME_TICK flg=0x50000014 (has extras) },16]
06-04 22:50:08.408 2193-2256/? I/BroadcastQueue: am_broadcast_enqueue: [background,1,Intent { act=android.net.conn.DATA_ACTIVITY_CHANGE flg=0x10 (has extras) },1]
06-04 22:50:08.410 2193-2230/? E/BatteryStatsService: no controller energy info supplied
06-04 22:50:08.412 2193-2230/? E/KernelCpuSpeedReader: Failed to read cpu-freq: /sys/devices/system/cpu/cpu4/cpufreq/stats/time_in_state (No such file or directory)
06-04 22:50:08.435 2193-2472/? I/BroadcastQueue: am_broadcast_enqueue: [background,1,Intent { flg=0x14 cmp=com.tvnu.app/io.glimr.sdk.beacon.service.KATBeaconReceiver (has extras) },1]
06-04 22:50:08.436 2193-2472/? I/BroadcastQueue: am_broadcast_enqueue: [background,1,Intent { act=com.google.android.gms.location.fused.SEND_LOCATION_IN_SMD_MODE flg=0x14 pkg=com.google.android.gms (has extras) },1]
06-04 22:50:08.504 2193-6679/? I/BroadcastQueue: am_broadcast_finished: [background,1,Intent { act=android.net.conn.DATA_ACTIVITY_CHANGE flg=0x10 (has extras) }]
06-04 22:50:08.511 2605-2605/? D/KeyguardUpdateMonitor: received broadcast android.intent.action.TIME_TICK
06-04 22:50:08.512 2605-2605/? D/KeyguardUpdateMonitor: handleTimeUpdate
06-04 22:50:08.517 8357-8357/? D/GlimrSDK: #Starting Glimr
06-04 22:50:08.525 8357-8357/? D/GlimrSDK: #Beacon bind
06-04 22:50:08.532 8357-8357/? W/IBeaconService: exiting
06-04 22:50:08.532 8357-8357/? W/IBeaconService: exiting
06-04 22:50:08.689 2193-5318/? I/BroadcastQueue: am_broadcast_finished: [foreground,1,Intent { act=android.intent.action.TIME_TICK flg=0x50000014 (has extras) }]
06-04 22:50:08.724 2193-2256/? I/BroadcastQueue: am_broadcast_enqueue: [background,1,Intent { act=android.net.conn.DATA_ACTIVITY_CHANGE flg=0x10 (has extras) },1]
06-04 22:50:08.726 2193-2230/? E/BatteryStatsService: no controller energy info supplied
06-04 22:50:08.727 2193-2230/? E/KernelCpuSpeedReader: Failed to read cpu-freq: /sys/devices/system/cpu/cpu4/cpufreq/stats/time_in_state (No such file or directory)
06-04 22:50:10.371 8357-8357/? D/GlimrSDK: #Stopping Glimr
06-04 22:50:10.377 8357-8357/? D/GlimrSDK: #Beacon unbind
06-04 22:50:10.380 8357-8357/? W/IBeaconService: exiting
06-04 22:50:11.603 973-973/? I/MSM-irqbalance: Decided to move IRQ215 from CPU0 to CPU2
06-04 22:50:12.451 12202-12202/? W/qcom-system-dae: type=1400 audit(0.0:37642): avc: denied { read write } for name="diag" dev="tmpfs" ino=1969 scontext=u:r:qcomsysd:s0 tcontext=u:object_r:diag_device:s0 tclass=chr_file permissive=0 ppid=1 pcomm="init" pgid=1 pgcomm="init"
06-04 22:50:12.460 12202-12202/? I/libmdmdetect: ESOC framework not supported
06-04 22:50:12.460 12202-12202/? I/libmdmdetect: Found internal modem: modem
06-04 22:50:12.461 12202-12202/? E/QCOMSysDaemon: Can't find/open bootselect node: (No such file or directory)
06-04 22:50:12.461 12202-12202/? I/QCOMSysDaemon: Starting qcom system daemon
06-04 22:50:12.461 12202-12202/? E/Diag_Lib:  Diag_LSM_Init: Failed to open handle to diag driver, error = 13
06-04 22:50:12.461 12202-12202/? E/QCOMSysDaemon:  Diag_LSM_Init failed : 0
06-04 22:50:13.700 2193-2225/? E/KernelCpuSpeedReader: Failed to read cpu-freq: /sys/devices/system/cpu/cpu4/cpufreq/stats/time_in_state (No such file or directory)
06-04 22:50:14.571 8357-8357/? D/GlimrSDK: #Reschedule Glimr
06-04 22:50:14.574 8357-8357/? D/GlimrSDK: #Next in 30
06-04 22:50:14.578 8357-8357/? D/GlimrSDK: #Shutting Glimr
06-04 22:50:14.580 2193-6681/? I/BroadcastQueue: am_broadcast_finished: [background,1,Intent { flg=0x14 (has extras) }]
06-04 22:50:14.607 2193-8766/? I/BroadcastQueue: am_broadcast_enqueue: [background,1,Intent { act=com.facebook.intent.action.prod.BACKGROUND_LOCATION_REPORTING_ACTION_LOCATION_UPDATE flg=0x10 pkg=com.facebook.katana (has extras) },1]
06-04 22:50:14.614 2193-15334/? I/BroadcastQueue: am_broadcast_finished: [background,1,Intent { act=com.google.android.gms.location.fused.SEND_LOCATION_IN_SMD_MODE flg=0x14 pkg=com.google.android.gms (has extras) }]
06-04 22:50:14.618 3167-9155/? W/ctxmgr: [AclManager]No 2 for (accnt=account#850801081#, com.google.android.gms(10038):UserLocationProducer, vrsn=10298000, 0, 3pPkg = null ,  3pMdlId = null). Was: 2 for 1, account#850801081#
06-04 22:50:14.618 2193-15334/? I/BroadcastQueue: am_broadcast_finished: [background,1,Intent { act=android.net.conn.DATA_ACTIVITY_CHANGE flg=0x10 (has extras) }]
06-04 22:50:14.630 2193-6669/? I/BroadcastQueue: am_broadcast_finished: [background,1,Intent { act=com.facebook.intent.action.prod.BACKGROUND_LOCATION_REPORTING_ACTION_LOCATION_UPDATE flg=0x10 pkg=com.facebook.katana (has extras) }]
06-04 22:50:14.704 2193-3315/? I/BroadcastQueue: am_broadcast_enqueue: [background,1,Intent { act=com.google.android.gms.gcm.ACTION_SCHEDULE flg=0x10 pkg=com.google.android.gms (has extras) },1]
06-04 22:50:14.710 2193-15334/? I/BroadcastQueue: am_broadcast_finished: [background,1,Intent { act=com.google.android.gms.gcm.ACTION_SCHEDULE flg=0x10 pkg=com.google.android.gms (has extras) }]
06-04 22:50:22.818 9026-12189/? D/OkHttp: <-- HTTP FAILED: java.net.SocketTimeoutException: connect timed out
06-04 22:50:22.809 1001-1001/? I/chatty: uid=3005(net_admin) /system/bin/ipacm expire 15 lines
06-04 22:50:23.174 973-973/? I/MSM-irqbalance: Decided to move IRQ304 from CPU0 to CPU2
06-04 22:50:40.382 2193-2256/? I/BroadcastQueue: am_broadcast_enqueue: [background,1,Intent { act=android.net.conn.DATA_ACTIVITY_CHANGE flg=0x10 (has extras) },1]
06-04 22:50:40.385 2193-7110/? I/BroadcastQueue: am_broadcast_finished: [background,1,Intent { act=android.net.conn.DATA_ACTIVITY_CHANGE flg=0x10 (has extras) }]
06-04 22:50:40.620 2193-2230/? E/BatteryStatsService: no controller energy info supplied
06-04 22:50:40.623 2193-2230/? E/KernelCpuSpeedReader: Failed to read cpu-freq: /sys/devices/system/cpu/cpu4/cpufreq/stats/time_in_state (No such file or directory)
06-04 22:50:40.674 2193-2256/? I/BroadcastQueue: am_broadcast_enqueue: [background,1,Intent { act=android.net.conn.DATA_ACTIVITY_CHANGE flg=0x10 (has extras) },1]
06-04 22:50:40.676 2193-6666/? I/BroadcastQueue: am_broadcast_finished: [background,1,Intent { act=android.net.conn.DATA_ACTIVITY_CHANGE flg=0x10 (has extras) }]
06-04 22:50:40.717 2193-2498/? I/BroadcastQueue: am_broadcast_enqueue: [background,0,Intent { act=android.net.wifi.RSSI_CHANGED flg=0x4000010 (has extras) },3]
06-04 22:50:40.720 2193-2498/? I/BroadcastQueue: am_broadcast_enqueue: [background,0,Intent { act=android.net.wifi.STATE_CHANGE flg=0x4000010 (has extras) },12]
06-04 22:50:40.720 2193-2498/? I/BroadcastQueue: am_broadcast_enqueue: [background,1,Intent { act=android.net.wifi.STATE_CHANGE flg=0x4000010 (has extras) },4]
06-04 22:50:40.721 2193-2225/? I/BroadcastQueue: am_broadcast_finished: [background,0,Intent { act=android.net.wifi.RSSI_CHANGED flg=0x4000010 (has extras) }]
06-04 22:50:40.727 2193-2225/? I/BroadcastQueue: am_broadcast_finished: [background,0,Intent { act=android.net.wifi.STATE_CHANGE flg=0x4000010 (has extras) }]
06-04 22:50:40.737 2193-2498/? I/BroadcastQueue: am_broadcast_enqueue: [background,0,Intent { act=android.net.wifi.LINK_CONFIGURATION_CHANGED flg=0x4000010 (has extras) },1]
06-04 22:50:40.739 2193-2225/? I/BroadcastQueue: am_broadcast_finished: [background,0,Intent { act=android.net.wifi.LINK_CONFIGURATION_CHANGED flg=0x4000010 (has extras) }]
06-04 22:50:40.740 2193-2230/? E/BatteryStatsService: no controller energy info supplied
06-04 22:50:40.742 2193-2230/? E/KernelCpuSpeedReader: Failed to read cpu-freq: /sys/devices/system/cpu/cpu4/cpufreq/stats/time_in_state (No such file or directory)
06-04 22:50:40.745 2193-2193/? W/ContextImpl: Calling a method in the system process without a qualified user: android.app.ContextImpl.startService:1358 android.content.ContextWrapper.startService:613 android.content.ContextWrapper.startService:613 com.sonymobile.wifi.idd.IddUtils.startIddService:16 com.sonymobile.wifi.idd.IddReceiver.onReceive:27 
06-04 22:50:40.769 2193-2193/? D/ActivityManager: SystemUid, not FirstBoot, not Upgrade, use SERVICE_TIMEOUT
06-04 22:50:40.787 10031-10031/? E/WifiStateBroadcast: android.net.wifi.STATE_CHANGE : CONNECTED
06-04 22:50:40.787 2193-3312/? I/BroadcastQueue: am_broadcast_finished: [background,1,Intent { act=android.net.wifi.STATE_CHANGE flg=0x4000010 (has extras) }]
06-04 22:50:41.982 2193-2225/? E/KernelCpuSpeedReader: Failed to read cpu-freq: /sys/devices/system/cpu/cpu4/cpufreq/stats/time_in_state (No such file or directory)
06-04 22:50:46.384 2193-2472/? I/BroadcastQueue: am_broadcast_enqueue: [background,1,Intent { flg=0x14 cmp=com.tvnu.app/io.glimr.sdk.beacon.service.KATBeaconReceiver (has extras) },1]
06-04 22:50:46.395 8357-8357/? D/GlimrSDK: #Starting Glimr
06-04 22:50:46.404 8357-8357/? D/GlimrSDK: #Beacon bind
06-04 22:50:46.412 8357-8357/? W/IBeaconService: exiting
06-04 22:50:46.412 8357-8357/? W/IBeaconService: exiting
06-04 22:50:47.692 973-973/? I/MSM-irqbalance: Decided to move IRQ188 from CPU0 to CPU2
06-04 22:50:48.245 8357-8357/? D/GlimrSDK: #Stopping Glimr
06-04 22:50:48.252 8357-8357/? D/GlimrSDK: #Beacon unbind
06-04 22:50:48.256 8357-8357/? W/IBeaconService: exiting
06-04 22:50:51.393 2193-2225/? E/KernelCpuSpeedReader: Failed to read cpu-freq: /sys/devices/system/cpu/cpu4/cpufreq/stats/time_in_state (No such file or directory)
06-04 22:50:51.451 12210-12210/? W/qcom-system-dae: type=1400 audit(0.0:37664): avc: denied { read write } for name="diag" dev="tmpfs" ino=1969 scontext=u:r:qcomsysd:s0 tcontext=u:object_r:diag_device:s0 tclass=chr_file permissive=0 ppid=1 pcomm="init" pgid=1 pgcomm="init"
06-04 22:50:51.461 12210-12210/? I/libmdmdetect: ESOC framework not supported
06-04 22:50:51.461 12210-12210/? I/libmdmdetect: Found internal modem: modem
06-04 22:50:51.462 12210-12210/? E/QCOMSysDaemon: Can't find/open bootselect node: (No such file or directory)
06-04 22:50:51.462 12210-12210/? I/QCOMSysDaemon: Starting qcom system daemon
06-04 22:50:51.462 12210-12210/? E/Diag_Lib:  Diag_LSM_Init: Failed to open handle to diag driver, error = 13
06-04 22:50:51.462 12210-12210/? E/QCOMSysDaemon:  Diag_LSM_Init failed : 0
06-04 22:50:51.489 2193-2225/? W/ProcessCpuTracker: Skipping unknown process pid 12210
06-04 22:50:52.449 8357-8357/? D/GlimrSDK: #Reschedule Glimr
06-04 22:50:52.452 8357-8357/? D/GlimrSDK: #Next in 30
06-04 22:50:52.454 8357-8357/? D/GlimrSDK: #Shutting Glimr
06-04 22:50:52.455 2193-6669/? I/BroadcastQueue: am_broadcast_finished: [background,1,Intent { flg=0x14 (has extras) }]
06-04 22:50:52.742 2193-2472/? I/BroadcastQueue: am_broadcast_enqueue: [background,1,Intent { act=X.2h7.ACTION_ALARM.com.facebook.katana.Mqtt_Wakeup flg=0x14 pkg=com.facebook.katana (has extras) },1]
06-04 22:50:52.745 973-973/? I/MSM-irqbalance: Decided to move IRQ215 from CPU0 to CPU2
06-04 22:50:52.753 2193-2472/? I/BroadcastQueue: am_broadcast_enqueue: [background,1,Intent { act=X.1Sa.ACTION_ALARM.com.facebook.orca.Mqtt_Wakeup flg=0x14 pkg=com.facebook.orca (has extras) },1]
06-04 22:50:52.769 2193-8766/? I/BroadcastQueue: am_broadcast_finished: [background,1,Intent { act=X.2h7.ACTION_ALARM.com.facebook.katana.Mqtt_Wakeup flg=0x14 pkg=com.facebook.katana (has extras) }]
06-04 22:50:52.781 2193-5318/? I/BroadcastQueue: am_broadcast_finished: [background,1,Intent { act=X.1Sa.ACTION_ALARM.com.facebook.orca.Mqtt_Wakeup flg=0x14 pkg=com.facebook.orca (has extras) }]
06-04 22:50:55.001 1003-1003/? I/chatty: uid=3005(net_admin) /system/bin/ipacm expire 12 lines
06-04 22:50:55.024 2193-2230/? E/BatteryStatsService: no controller energy info supplied
06-04 22:50:55.026 2193-2230/? E/KernelCpuSpeedReader: Failed to read cpu-freq: /sys/devices/system/cpu/cpu4/cpufreq/stats/time_in_state (No such file or directory)
06-04 22:50:55.030 2193-2256/? I/BroadcastQueue: am_broadcast_enqueue: [background,1,Intent { act=android.net.conn.DATA_ACTIVITY_CHANGE flg=0x10 (has extras) },1]
06-04 22:50:55.032 2193-2713/? I/BroadcastQueue: am_broadcast_finished: [background,1,Intent { act=android.net.conn.DATA_ACTIVITY_CHANGE flg=0x10 (has extras) }]
06-04 22:50:57.464 2193-2225/? E/KernelCpuSpeedReader: Failed to read cpu-freq: /sys/devices/system/cpu/cpu4/cpufreq/stats/time_in_state (No such file or directory)
06-04 22:50:57.904 973-973/? I/MSM-irqbalance: Decided to move IRQ304 from CPU0 to CPU2
06-04 22:51:21.208 2193-2472/? I/BroadcastQueue: am_broadcast_enqueue: [foreground,1,Intent { act=android.intent.action.TIME_TICK flg=0x50000014 (has extras) },16]
06-04 22:51:21.212 2193-2472/? I/BroadcastQueue: am_broadcast_enqueue: [background,1,Intent { flg=0x14 cmp=se.torsteneriksson.timetogo/.AlarmReceiver (has extras) },1]
06-04 22:51:21.234 2605-2605/? D/KeyguardUpdateMonitor: received broadcast android.intent.action.TIME_TICK
06-04 22:51:21.235 2605-2605/? D/KeyguardUpdateMonitor: handleTimeUpdate
06-04 22:51:21.241 7828-7828/? D/AlarmReceiver: onReceive:null
06-04 22:51:21.249 2193-6488/? I/BroadcastQueue: am_broadcast_finished: [background,1,Intent { flg=0x14 (has extras) }]
06-04 22:51:21.418 2193-7110/? I/BroadcastQueue: am_broadcast_finished: [foreground,1,Intent { act=android.intent.action.TIME_TICK flg=0x50000014 (has extras) }]
06-04 22:51:22.454 2193-2472/? I/BroadcastQueue: am_broadcast_enqueue: [background,1,Intent { flg=0x14 cmp=com.tvnu.app/io.glimr.sdk.beacon.service.KATBeaconReceiver (has extras) },1]
06-04 22:51:22.467 8357-8357/? D/GlimrSDK: #Starting Glimr
06-04 22:51:22.473 973-973/? I/MSM-irqbalance: Decided to move IRQ188 from CPU0 to CPU2
06-04 22:51:22.484 8357-8357/? D/GlimrSDK: #Beacon bind
06-04 22:51:22.495 8357-8357/? W/IBeaconService: exiting
06-04 22:51:22.495 8357-8357/? W/IBeaconService: exiting
06-04 22:51:23.943 12213-12213/? W/qcom-system-dae: type=1400 audit(0.0:37673): avc: denied { read write } for name="diag" dev="tmpfs" ino=1969 scontext=u:r:qcomsysd:s0 tcontext=u:object_r:diag_device:s0 tclass=chr_file permissive=0 ppid=1 pcomm="init" pgid=1 pgcomm="init"
06-04 22:51:23.957 12213-12213/? I/libmdmdetect: ESOC framework not supported
06-04 22:51:23.957 12213-12213/? I/libmdmdetect: Found internal modem: modem
06-04 22:51:23.958 12213-12213/? E/QCOMSysDaemon: Can't find/open bootselect node: (No such file or directory)
06-04 22:51:23.958 12213-12213/? I/QCOMSysDaemon: Starting qcom system daemon
06-04 22:51:23.958 12213-12213/? E/Diag_Lib:  Diag_LSM_Init: Failed to open handle to diag driver, error = 13
06-04 22:51:23.958 12213-12213/? E/QCOMSysDaemon:  Diag_LSM_Init failed : 0
06-04 22:51:24.332 8357-8357/? D/GlimrSDK: #Stopping Glimr
06-04 22:51:24.338 8357-8357/? D/GlimrSDK: #Beacon unbind
06-04 22:51:24.341 8357-8357/? W/IBeaconService: exiting
06-04 22:51:26.220 2193-2225/? E/KernelCpuSpeedReader: Failed to read cpu-freq: /sys/devices/system/cpu/cpu4/cpufreq/stats/time_in_state (No such file or directory)
06-04 22:51:28.534 8357-8357/? D/GlimrSDK: #Reschedule Glimr
06-04 22:51:28.538 8357-8357/? D/GlimrSDK: #Next in 30
06-04 22:51:28.542 8357-8357/? D/GlimrSDK: #Shutting Glimr
06-04 22:51:28.545 2193-3306/? I/BroadcastQueue: am_broadcast_finished: [background,1,Intent { flg=0x14 (has extras) }]
06-04 22:51:29.050 12214-12214/? I/libmdmdetect: ESOC framework not supported
06-04 22:51:29.051 12214-12214/? I/libmdmdetect: Found internal modem: modem
06-04 22:51:29.043 12214-12214/? W/qcom-system-dae: type=1400 audit(0.0:37674): avc: denied { read write } for name="diag" dev="tmpfs" ino=1969 scontext=u:r:qcomsysd:s0 tcontext=u:object_r:diag_device:s0 tclass=chr_file permissive=0 ppid=1 pcomm="init" pgid=1 pgcomm="init"
06-04 22:51:29.052 12214-12214/? E/QCOMSysDaemon: Can't find/open bootselect node: (No such file or directory)
06-04 22:51:29.052 12214-12214/? I/QCOMSysDaemon: Starting qcom system daemon
06-04 22:51:29.053 12214-12214/? E/Diag_Lib:  Diag_LSM_Init: Failed to open handle to diag driver, error = 13
06-04 22:51:29.053 12214-12214/? E/QCOMSysDaemon:  Diag_LSM_Init failed : 0
06-04 22:51:59.488 2193-2256/? I/BroadcastQueue: am_broadcast_enqueue: [background,1,Intent { act=android.net.conn.DATA_ACTIVITY_CHANGE flg=0x10 (has extras) },1]
06-04 22:51:59.491 2193-2472/? I/BroadcastQueue: am_broadcast_enqueue: [background,1,Intent { flg=0x14 cmp=com.tvnu.app/io.glimr.sdk.beacon.service.KATBeaconReceiver (has extras) },1]
06-04 22:51:59.493 2193-2230/? E/BatteryStatsService: no controller energy info supplied
06-04 22:51:59.495 2193-2207/? I/BroadcastQueue: am_broadcast_finished: [background,1,Intent { act=android.net.conn.DATA_ACTIVITY_CHANGE flg=0x10 (has extras) }]
06-04 22:51:59.496 2193-2230/? E/KernelCpuSpeedReader: Failed to read cpu-freq: /sys/devices/system/cpu/cpu4/cpufreq/stats/time_in_state (No such file or directory)
06-04 22:51:59.508 8357-8357/? D/GlimrSDK: #Starting Glimr
06-04 22:51:59.519 8357-8357/? D/GlimrSDK: #Beacon bind
06-04 22:51:59.527 2193-2256/? I/BroadcastQueue: am_broadcast_enqueue: [background,1,Intent { act=android.net.conn.DATA_ACTIVITY_CHANGE flg=0x10 (has extras) },1]
06-04 22:51:59.530 2193-2230/? E/BatteryStatsService: no controller energy info supplied
06-04 22:51:59.531 2193-2230/? E/KernelCpuSpeedReader: Failed to read cpu-freq: /sys/devices/system/cpu/cpu4/cpufreq/stats/time_in_state (No such file or directory)
06-04 22:51:59.532 8357-8357/? W/IBeaconService: exiting
06-04 22:51:59.532 8357-8357/? W/IBeaconService: exiting
06-04 22:51:59.557 2193-6489/? I/BroadcastQueue: am_broadcast_enqueue: [background,1,Intent { act=com.google.android.c2dm.intent.RECEIVE cat=[com.google.android.gsf.subscribedfeeds] flg=0x10 (has extras) },1]
06-04 22:51:59.891 2193-2256/? I/BroadcastQueue: am_broadcast_enqueue: [background,1,Intent { act=android.net.conn.DATA_ACTIVITY_CHANGE flg=0x10 (has extras) },1]
06-04 22:51:59.892 2193-2230/? E/BatteryStatsService: no controller energy info supplied
06-04 22:51:59.893 2193-2230/? E/KernelCpuSpeedReader: Failed to read cpu-freq: /sys/devices/system/cpu/cpu4/cpufreq/stats/time_in_state (No such file or directory)
06-04 22:52:00.712 973-973/? I/MSM-irqbalance: Decided to move IRQ188 from CPU0 to CPU2
06-04 22:52:01.369 8357-8357/? D/GlimrSDK: #Stopping Glimr
06-04 22:52:01.374 8357-8357/? D/GlimrSDK: #Beacon unbind
06-04 22:52:01.377 8357-8357/? W/IBeaconService: exiting
06-04 22:52:01.572 2193-2225/? E/KernelCpuSpeedReader: Failed to read cpu-freq: /sys/devices/system/cpu/cpu4/cpufreq/stats/time_in_state (No such file or directory)
