06-04 22:46:56.959 973-973/? I/MSM-irqbalance: Decided to move IRQ240 from CPU3 to CPU0
06-04 22:46:57.372 2193-2514/? I/chatty: uid=1000(system) Binder:2193_3 expire 1 line
06-04 22:46:57.447 5414-5414/? W/MixpanelAPI.ConfigurationChecker: com.mixpanel.android.surveys.SurveyActivity is not registered as an activity in your application, so surveys can't be shown.
06-04 22:46:57.447 5414-5414/? I/MixpanelAPI.ConfigurationChecker: Please add the child tag <activity android:name="com.mixpanel.android.surveys.SurveyActivity" /> to your <application> tag.
06-04 22:46:57.467 2193-11539/? I/BroadcastQueue: am_broadcast_enqueue: [background,0,Intent { act=android.net.conn.CONNECTIVITY_CHANGE flg=0x4000010 (has extras) },1]
06-04 22:46:57.467 2193-2225/? I/BroadcastQueue: am_broadcast_finished: [background,0,Intent { act=android.net.conn.CONNECTIVITY_CHANGE flg=0x4000010 (has extras) }]
06-04 22:46:57.474 2193-4319/? I/chatty: uid=1000(system) IzatServiceBase expire 12 lines
06-04 22:46:57.816 5414-5414/? I/Timeline: Timeline: Activity_idle id: android.os.BinderProxy@6d8be4b time:39957555
06-04 22:46:57.926 11828-11828/? I/chatty: uid=0(root) expire 7 lines
06-04 22:46:57.994 676-860/? E/PPDaemon: void ScreenRefresher::ProcessRefreshWork(): pthread_cond_timedwait failed. err: Success
06-04 22:46:58.119 7828-7828/? D/MainActivity: onStop
06-04 22:46:58.119 7828-7828/? D/MainActivity: onDestroy
06-04 22:46:58.128 2193-8766/? I/WindowManager: Destroying surface Surface(name=se.torsteneriksson.timetogo/se.torsteneriksson.timetogo.MainActivity) called by com.android.server.wm.WindowStateAnimator.destroySurface:2022 com.android.server.wm.WindowStateAnimator.destroySurfaceLocked:889 com.android.server.wm.WindowState.removeLocked:1470 com.android.server.wm.WindowManagerService.removeWindowInnerLocked:2576 com.android.server.wm.WindowManagerService.removeWindowLocked:2534 com.android.server.wm.WindowManagerService.removeWindowLocked:2403 com.android.server.wm.WindowManagerService.removeWindow:2398 com.android.server.wm.Session.remove:193 
06-04 22:47:00.002 2193-2472/? I/BroadcastQueue: am_broadcast_enqueue: [foreground,1,Intent { act=android.intent.action.TIME_TICK flg=0x50000014 (has extras) },17]
06-04 22:47:00.011 2605-2605/? D/KeyguardUpdateMonitor: received broadcast android.intent.action.TIME_TICK
06-04 22:47:00.012 2605-2605/? D/KeyguardUpdateMonitor: handleTimeUpdate
06-04 22:47:00.148 2193-6700/? I/BroadcastQueue: am_broadcast_enqueue: [background,1,Intent { act=android.appwidget.action.APPWIDGET_UPDATE flg=0x10 cmp=com.yahoo.mobile.client.android.weather/.WeatherWidgetProvider (has extras) },1]
06-04 22:47:00.164 2193-2208/? I/BroadcastQueue: am_broadcast_finished: [background,1,Intent { act=android.appwidget.action.APPWIDGET_UPDATE flg=0x10 (has extras) }]
06-04 22:47:00.182 2193-2208/? I/BroadcastQueue: am_broadcast_finished: [foreground,1,Intent { act=android.intent.action.TIME_TICK flg=0x50000014 (has extras) }]
06-04 22:47:03.005 11834-11834/? I/chatty: uid=0(root) /system/bin/qcom-system-daemon expire 7 lines
06-04 22:47:03.213 7828-7840/? W/SQLiteConnectionPool: A SQLiteConnection object for database '/data/user/0/se.torsteneriksson.timetogo/databases/se.torsteneriksson.timetogo.previousaddresses' was leaked!  Please fix your application to end transactions in progress properly and to close the database when it is no longer needed.
06-04 22:47:07.300 5414-5414/? W/cr_BindingManager: Cannot call determinedVisibility() - never saw a connection for the pid: 5414
06-04 22:47:07.365 5414-5414/? I/chromium: [INFO:CONSOLE(6)] "Uncaught SyntaxError: Unexpected token else", source:  (6)
06-04 22:47:07.681 5414-5414/? W/cr_BindingManager: Cannot call determinedVisibility() - never saw a connection for the pid: 5414
06-04 22:47:07.783 5414-5414/? I/chromium: [INFO:CONSOLE(2)] "JQMIGRATE: Migrate is installed, version 1.4.1", source: http://timetogo.torsteneriksson.se/wp-includes/js/jquery/jquery-migrate.min.js?ver=1.4.1 (2)
06-04 22:47:07.869 5414-5414/? W/cr_Ime: updateState: type [0->0], flags [0], show [false], 
06-04 22:47:07.946 5414-5414/? I/chromium: [INFO:CONSOLE(6)] "Uncaught SyntaxError: Unexpected token else", source:  (6)
06-04 22:47:08.056 11846-11846/? I/chatty: uid=0(root) /system/bin/qcom-system-daemon expire 7 lines
06-04 22:47:10.660 2193-2498/? I/BroadcastQueue: am_broadcast_enqueue: [background,0,Intent { act=android.net.wifi.RSSI_CHANGED flg=0x4000010 (has extras) },3]
06-04 22:47:10.660 2193-2225/? I/BroadcastQueue: am_broadcast_finished: [background,0,Intent { act=android.net.wifi.RSSI_CHANGED flg=0x4000010 (has extras) }]
06-04 22:47:12.053 973-973/? I/MSM-irqbalance: Decided to move IRQ48 from CPU3 to CPU0
06-04 22:47:13.076 11858-11858/? I/chatty: uid=0(root) expire 7 lines
06-04 22:47:13.701 2193-2498/? I/BroadcastQueue: am_broadcast_enqueue: [background,0,Intent { act=android.net.wifi.RSSI_CHANGED flg=0x4000010 (has extras) },3]
06-04 22:47:13.703 2193-2225/? I/BroadcastQueue: am_broadcast_finished: [background,0,Intent { act=android.net.wifi.RSSI_CHANGED flg=0x4000010 (has extras) }]
06-04 22:47:16.136 2193-2226/? I/ActivityManager: Config changes=480 {1.0 240mcc1mnc [sv_SE,en_SE] ldltr sw360dp w592dp h336dp 480dpi nrml land finger -keyb/v/h -nav/h as.1 s.26}
06-04 22:47:16.156 2193-2226/? I/BroadcastQueue: am_broadcast_enqueue: [foreground,0,Intent { act=android.intent.action.CONFIGURATION_CHANGED flg=0x70000010 },13]
06-04 22:47:16.164 5414-5414/? W/TunnyBrowser_11.5.19: [MyWebView]Field 'mSelectingText' not found.
06-04 22:47:16.191 2193-2225/? I/BroadcastQueue: am_broadcast_finished: [foreground,0,Intent { act=android.intent.action.CONFIGURATION_CHANGED flg=0x70000010 }]
06-04 22:47:16.207 9026-11873/? D/OkHttp: --> GET http://unibailproxyaws.cardicloud.com/rest/v1/center/mallofscandinavia/languages?v=1&app_version=4.18.6&lang=sv-SE http/1.1
06-04 22:47:16.207 9026-11873/? D/OkHttp: Cache-Control: no-cache
06-04 22:47:16.207 9026-11873/? D/OkHttp: User-Agent: Dalvik/2.1.0 (Linux; U; Android 7.0; E6553 Build/32.3.A.2.33)
06-04 22:47:16.207 9026-11873/? D/OkHttp: charset: utf-8
06-04 22:47:16.207 9026-11873/? D/OkHttp: --> END GET
06-04 22:47:16.337 2193-2258/? I/WindowManager: Screen frozen for +225ms due to Window{2dd223e u0 NavigationBar}
06-04 22:47:16.732 2193-2498/? I/BroadcastQueue: am_broadcast_enqueue: [background,0,Intent { act=android.net.wifi.RSSI_CHANGED flg=0x4000010 (has extras) },3]
06-04 22:47:16.733 2193-2225/? I/BroadcastQueue: am_broadcast_finished: [background,0,Intent { act=android.net.wifi.RSSI_CHANGED flg=0x4000010 (has extras) }]
06-04 22:47:17.053 973-973/? I/MSM-irqbalance: Decided to move IRQ216 from CPU3 to CPU0
06-04 22:47:18.126 11881-11881/? I/chatty: uid=0(root) expire 7 lines
06-04 22:47:21.446 2193-2472/? I/BroadcastQueue: am_broadcast_enqueue: [background,1,Intent { flg=0x14 cmp=com.tvnu.app/io.glimr.sdk.beacon.service.KATBeaconReceiver (has extras) },1]
06-04 22:47:21.459 8357-8357/? D/GlimrSDK: #Starting Glimr
06-04 22:47:21.464 2193-2472/? I/BroadcastQueue: am_broadcast_enqueue: [background,1,Intent { act=com.google.android.location.ALARM_WAKEUP_SENSOR_UPLOADER flg=0x14 (has extras) },1]
06-04 22:47:21.467 2193-2472/? I/BroadcastQueue: am_broadcast_enqueue: [background,1,Intent { act=com.tencent.mm.TrafficStatsReceiver flg=0x14 (has extras) },1]
06-04 22:47:21.473 8357-8357/? D/GlimrSDK: #Beacon bind
06-04 22:47:21.493 8357-8357/? W/IBeaconService: exiting
06-04 22:47:21.493 8357-8357/? W/IBeaconService: exiting
06-04 22:47:22.097 973-973/? I/MSM-irqbalance: Decided to move IRQ215 from CPU3 to CPU0
06-04 22:47:22.844 2193-2498/? I/BroadcastQueue: am_broadcast_enqueue: [background,0,Intent { act=android.net.wifi.RSSI_CHANGED flg=0x4000010 (has extras) },3]
06-04 22:47:22.847 2193-2225/? I/BroadcastQueue: am_broadcast_finished: [background,0,Intent { act=android.net.wifi.RSSI_CHANGED flg=0x4000010 (has extras) }]
06-04 22:47:23.206 11888-11888/? I/chatty: uid=0(root) expire 7 lines
06-04 22:47:23.303 8357-8357/? D/GlimrSDK: #Stopping Glimr
06-04 22:47:23.304 8357-8357/? D/GlimrSDK: #Beacon unbind
06-04 22:47:23.305 8357-8357/? W/IBeaconService: exiting
06-04 22:47:25.907 2193-2498/? I/BroadcastQueue: am_broadcast_enqueue: [background,0,Intent { act=android.net.wifi.RSSI_CHANGED flg=0x4000010 (has extras) },3]
06-04 22:47:25.912 2193-2225/? I/BroadcastQueue: am_broadcast_finished: [background,0,Intent { act=android.net.wifi.RSSI_CHANGED flg=0x4000010 (has extras) }]
06-04 22:47:27.144 973-973/? I/MSM-irqbalance: Decided to move IRQ57 from CPU3 to CPU0
06-04 22:47:27.523 8357-8357/? D/GlimrSDK: #Reschedule Glimr
06-04 22:47:27.524 8357-8357/? D/GlimrSDK: #Next in 30
06-04 22:47:27.527 8357-8357/? D/GlimrSDK: #Shutting Glimr
06-04 22:47:27.528 2193-3306/? I/BroadcastQueue: am_broadcast_finished: [background,1,Intent { flg=0x14 (has extras) }]
06-04 22:47:27.541 2193-3306/? I/BroadcastQueue: am_broadcast_finished: [background,1,Intent { act=com.google.android.location.ALARM_WAKEUP_SENSOR_UPLOADER flg=0x14 (has extras) }]
06-04 22:47:27.586 2193-3315/? I/BroadcastQueue: am_broadcast_finished: [background,1,Intent { act=com.tencent.mm.TrafficStatsReceiver flg=0x14 (has extras) }]
06-04 22:47:28.311 11902-11902/? I/chatty: uid=0(root) /system/bin/qcom-system-daemon expire 7 lines
06-04 22:47:28.953 2193-2498/? I/BroadcastQueue: am_broadcast_enqueue: [background,0,Intent { act=android.net.wifi.RSSI_CHANGED flg=0x4000010 (has extras) },3]
06-04 22:47:28.963 2193-2225/? I/BroadcastQueue: am_broadcast_finished: [background,0,Intent { act=android.net.wifi.RSSI_CHANGED flg=0x4000010 (has extras) }]
06-04 22:47:32.154 973-973/? I/MSM-irqbalance: Decided to move IRQ222 from CPU3 to CPU0
06-04 22:47:32.396 11909-11909/? I/chatty: uid=0(root) expire 7 lines
06-04 22:47:34.628 5414-11926/? E/TunnyBrowser_11.5.19: [HttpUtils]request error java.io.IOException: java.lang.IllegalArgumentException: unexpected url: about://null/favicon.ico
06-04 22:47:34.739 5414-11918/? E/TunnyBrowser_11.5.19: [HttpUtils]server reply error:404
06-04 22:47:34.765 5414-11926/? E/TunnyBrowser_11.5.19: [HttpUtils]server reply error:404
06-04 22:47:34.830 5414-11916/? E/TunnyBrowser_11.5.19: [HttpUtils]server reply error:404
06-04 22:47:34.835 5414-11928/? E/TunnyBrowser_11.5.19: [HttpUtils]server reply error:404
06-04 22:47:34.886 5414-11915/? E/TunnyBrowser_11.5.19: [HttpUtils]Big Image Load failed:  32988 limtLength: 20480
06-04 22:47:35.074 5414-11913/? E/TunnyBrowser_11.5.19: [HttpUtils]Big Image Load failed:  32038 limtLength: 20480
06-04 22:47:35.643 5414-11925/? E/TunnyBrowser_11.5.19: [HttpUtils]server reply error:404
06-04 22:47:35.644 5414-11920/? E/TunnyBrowser_11.5.19: [HttpUtils]server reply error:404
06-04 22:47:36.398 9026-11873/? D/OkHttp: <-- HTTP FAILED: java.net.SocketTimeoutException: connect timed out
06-04 22:47:37.491 11936-11936/? I/chatty: uid=0(root) /system/bin/qcom-system-daemon expire 7 lines
06-04 22:47:37.502 2193-2472/? I/BroadcastQueue: am_broadcast_enqueue: [background,1,Intent { act=com.google.android.location.ALARM_WAKEUP_LOCATOR flg=0x14 (has extras) },1]
06-04 22:47:37.512 2193-6700/? D/WifiService: acquireWifiLockLocked: WifiLock{NlpWifiLock type=2 uid=10038}
06-04 22:47:37.515 2193-2207/? I/BroadcastQueue: am_broadcast_finished: [background,1,Intent { act=com.google.android.location.ALARM_WAKEUP_LOCATOR flg=0x14 (has extras) }]
06-04 22:47:39.132 1112-2539/? E/LOWI-7.7.2.5.a: [LOWIUtils] channelBandToFreq: Invalid band,channel = 1,0
06-04 22:47:39.133 1112-2539/? E/LOWI-7.7.2.5.a: [LOWIUtils] channelBandToFreq: Invalid band,channel = 1,0
06-04 22:47:39.240 2193-6488/? D/WifiService: releaseWifiLockLocked: WifiLock{NlpWifiLock type=2 uid=10038}
06-04 22:47:39.262 2193-2514/? I/BroadcastQueue: am_broadcast_enqueue: [background,1,Intent { act=com.facebook.intent.action.prod.BACKGROUND_LOCATION_REPORTING_ACTION_LOCATION_UPDATE flg=0x10 pkg=com.facebook.katana (has extras) },1]
06-04 22:47:39.269 3167-9155/? W/ctxmgr: [AclManager]No 2 for (accnt=account#850801081#, com.google.android.gms(10038):UserLocationProducer, vrsn=10298000, 0, 3pPkg = null ,  3pMdlId = null). Was: 2 for 1, account#850801081#
06-04 22:47:39.272 2193-3312/? I/BroadcastQueue: am_broadcast_finished: [background,1,Intent { act=com.facebook.intent.action.prod.BACKGROUND_LOCATION_REPORTING_ACTION_LOCATION_UPDATE flg=0x10 pkg=com.facebook.katana (has extras) }]
06-04 22:47:39.322 2193-2207/? I/BroadcastQueue: am_broadcast_enqueue: [background,1,Intent { act=com.google.android.gms.gcm.ACTION_SCHEDULE flg=0x10 pkg=com.google.android.gms (has extras) },1]
06-04 22:47:39.327 2193-6679/? I/BroadcastQueue: am_broadcast_finished: [background,1,Intent { act=com.google.android.gms.gcm.ACTION_SCHEDULE flg=0x10 pkg=com.google.android.gms (has extras) }]
06-04 22:47:39.606 1001-1001/? I/chatty: uid=3005(net_admin) /system/bin/ipacm expire 15 lines
06-04 22:47:42.575 11941-11941/? I/chatty: uid=0(root) expire 7 lines
06-04 22:47:47.656 11950-11950/? I/chatty: uid=0(root) expire 7 lines
06-04 22:47:52.764 11967-11967/? I/chatty: uid=0(root) /system/bin/qcom-system-daemon expire 7 lines
06-04 22:47:53.776 1000-1000/? I/chatty: uid=3005(net_admin) /system/bin/ipacm expire 11 lines
06-04 22:47:57.846 11973-11973/? I/chatty: uid=0(root) expire 7 lines
06-04 22:48:00.004 2193-2472/? I/BroadcastQueue: am_broadcast_enqueue: [foreground,1,Intent { act=android.intent.action.TIME_TICK flg=0x50000014 (has extras) },17]
06-04 22:48:00.014 2605-2605/? D/KeyguardUpdateMonitor: received broadcast android.intent.action.TIME_TICK
06-04 22:48:00.015 2605-2605/? D/KeyguardUpdateMonitor: handleTimeUpdate
06-04 22:48:00.143 2193-6700/? I/BroadcastQueue: am_broadcast_enqueue: [background,1,Intent { act=android.appwidget.action.APPWIDGET_UPDATE flg=0x10 cmp=com.yahoo.mobile.client.android.weather/.WeatherWidgetProvider (has extras) },1]
06-04 22:48:00.158 2193-6488/? I/BroadcastQueue: am_broadcast_finished: [foreground,1,Intent { act=android.intent.action.TIME_TICK flg=0x50000014 (has extras) }]
06-04 22:48:00.164 2193-6488/? I/BroadcastQueue: am_broadcast_finished: [background,1,Intent { act=android.appwidget.action.APPWIDGET_UPDATE flg=0x10 (has extras) }]
06-04 22:48:02.420 2193-2713/? D/ConnectivityService: Returning unblocked NetworkInfo to uid=10129
06-04 22:48:02.946 11981-11981/? I/chatty: uid=0(root) expire 7 lines
06-04 22:48:08.036 11987-11987/? I/chatty: uid=0(root) expire 2 lines
06-04 22:48:08.048 11987-11987/? I/libmdmdetect: Found internal modem: modem
06-04 22:48:08.048 11987-11987/? E/QCOMSysDaemon: Can't find/open bootselect node: (No such file or directory)
06-04 22:48:08.048 11987-11987/? I/QCOMSysDaemon: Starting qcom system daemon
06-04 22:48:08.049 11987-11987/? E/Diag_Lib:  Diag_LSM_Init: Failed to open handle to diag driver, error = 13
06-04 22:48:08.049 11987-11987/? E/QCOMSysDaemon:  Diag_LSM_Init failed : 0
06-04 22:48:11.990 677-677/? D/illumination-service: 'backlight': Color ffa1a1a1, BrMode 0, OnMS 0, OffMS 0, Mode 0
06-04 22:48:12.006 677-677/? D/illumination-service: 'backlight': Color ff9e9e9e, BrMode 0, OnMS 0, OffMS 0, Mode 0
06-04 22:48:12.024 677-677/? D/illumination-service: 'backlight': Color ff9b9b9b, BrMode 0, OnMS 0, OffMS 0, Mode 0
06-04 22:48:12.040 677-677/? D/illumination-service: 'backlight': Color ff979797, BrMode 0, OnMS 0, OffMS 0, Mode 0
06-04 22:48:12.057 677-677/? D/illumination-service: 'backlight': Color ff949494, BrMode 0, OnMS 0, OffMS 0, Mode 0
06-04 22:48:12.073 677-677/? D/illumination-service: 'backlight': Color ff919191, BrMode 0, OnMS 0, OffMS 0, Mode 0
06-04 22:48:12.090 677-677/? D/illumination-service: 'backlight': Color ff8d8d8d, BrMode 0, OnMS 0, OffMS 0, Mode 0
06-04 22:48:12.114 677-677/? D/illumination-service: 'backlight': Color ff888888, BrMode 0, OnMS 0, OffMS 0, Mode 0
06-04 22:48:12.130 677-677/? D/illumination-service: 'backlight': Color ff858585, BrMode 0, OnMS 0, OffMS 0, Mode 0
06-04 22:48:12.146 677-677/? D/illumination-service: 'backlight': Color ff828282, BrMode 0, OnMS 0, OffMS 0, Mode 0
06-04 22:48:12.162 677-677/? D/illumination-service: 'backlight': Color ff7f7f7f, BrMode 0, OnMS 0, OffMS 0, Mode 0
06-04 22:48:12.180 677-677/? D/illumination-service: 'backlight': Color ff7b7b7b, BrMode 0, OnMS 0, OffMS 0, Mode 0
06-04 22:48:12.195 677-677/? D/illumination-service: 'backlight': Color ff787878, BrMode 0, OnMS 0, OffMS 0, Mode 0
06-04 22:48:12.212 677-677/? D/illumination-service: 'backlight': Color ff757575, BrMode 0, OnMS 0, OffMS 0, Mode 0
06-04 22:48:12.228 677-677/? D/illumination-service: 'backlight': Color ff717171, BrMode 0, OnMS 0, OffMS 0, Mode 0
06-04 22:48:12.244 677-677/? D/illumination-service: 'backlight': Color ff6e6e6e, BrMode 0, OnMS 0, OffMS 0, Mode 0
06-04 22:48:12.261 677-677/? D/illumination-service: 'backlight': Color ff6b6b6b, BrMode 0, OnMS 0, OffMS 0, Mode 0
06-04 22:48:12.277 677-677/? D/illumination-service: 'backlight': Color ff676767, BrMode 0, OnMS 0, OffMS 0, Mode 0
06-04 22:48:12.294 677-677/? D/illumination-service: 'backlight': Color ff646464, BrMode 0, OnMS 0, OffMS 0, Mode 0
06-04 22:48:12.310 677-677/? D/illumination-service: 'backlight': Color ff616161, BrMode 0, OnMS 0, OffMS 0, Mode 0
06-04 22:48:12.330 677-677/? D/illumination-service: 'backlight': Color ff646464, BrMode 0, OnMS 0, OffMS 0, Mode 0
06-04 22:48:12.342 677-677/? D/illumination-service: 'backlight': Color ff676767, BrMode 0, OnMS 0, OffMS 0, Mode 0
06-04 22:48:12.336 1001-1001/? I/chatty: uid=3005(net_admin) /system/bin/ipacm expire 10 lines
06-04 22:48:12.359 677-677/? D/illumination-service: 'backlight': Color ff6b6b6b, BrMode 0, OnMS 0, OffMS 0, Mode 0
06-04 22:48:12.376 677-677/? D/illumination-service: 'backlight': Color ff6e6e6e, BrMode 0, OnMS 0, OffMS 0, Mode 0
06-04 22:48:12.394 677-677/? D/illumination-service: 'backlight': Color ff717171, BrMode 0, OnMS 0, OffMS 0, Mode 0
06-04 22:48:12.408 677-677/? D/illumination-service: 'backlight': Color ff757575, BrMode 0, OnMS 0, OffMS 0, Mode 0
06-04 22:48:12.426 677-677/? D/illumination-service: 'backlight': Color ff787878, BrMode 0, OnMS 0, OffMS 0, Mode 0
06-04 22:48:12.443 677-677/? D/illumination-service: 'backlight': Color ff7b7b7b, BrMode 0, OnMS 0, OffMS 0, Mode 0
06-04 22:48:12.459 677-677/? D/illumination-service: 'backlight': Color ff7f7f7f, BrMode 0, OnMS 0, OffMS 0, Mode 0
06-04 22:48:12.476 677-677/? D/illumination-service: 'backlight': Color ff828282, BrMode 0, OnMS 0, OffMS 0, Mode 0
06-04 22:48:12.492 677-677/? D/illumination-service: 'backlight': Color ff858585, BrMode 0, OnMS 0, OffMS 0, Mode 0
06-04 22:48:12.509 677-677/? D/illumination-service: 'backlight': Color ff898989, BrMode 0, OnMS 0, OffMS 0, Mode 0
06-04 22:48:12.526 677-677/? D/illumination-service: 'backlight': Color ff8c8c8c, BrMode 0, OnMS 0, OffMS 0, Mode 0
06-04 22:48:12.542 677-677/? D/illumination-service: 'backlight': Color ff8f8f8f, BrMode 0, OnMS 0, OffMS 0, Mode 0
06-04 22:48:12.559 677-677/? D/illumination-service: 'backlight': Color ff929292, BrMode 0, OnMS 0, OffMS 0, Mode 0
06-04 22:48:12.577 677-677/? D/illumination-service: 'backlight': Color ff969696, BrMode 0, OnMS 0, OffMS 0, Mode 0
06-04 22:48:12.589 677-677/? D/illumination-service: 'backlight': Color ff999999, BrMode 0, OnMS 0, OffMS 0, Mode 0
06-04 22:48:12.605 677-677/? D/illumination-service: 'backlight': Color ff9c9c9c, BrMode 0, OnMS 0, OffMS 0, Mode 0
06-04 22:48:12.622 677-677/? D/illumination-service: 'backlight': Color ffa0a0a0, BrMode 0, OnMS 0, OffMS 0, Mode 0
06-04 22:48:12.639 677-677/? D/illumination-service: 'backlight': Color ffa3a3a3, BrMode 0, OnMS 0, OffMS 0, Mode 0
06-04 22:48:12.655 677-677/? D/illumination-service: 'backlight': Color ffa5a5a5, BrMode 0, OnMS 0, OffMS 0, Mode 0
06-04 22:48:13.076 12017-12017/? W/qcom-system-dae: type=1400 audit(0.0:37568): avc: denied { read write } for name="diag" dev="tmpfs" ino=1969 scontext=u:r:qcomsysd:s0 tcontext=u:object_r:diag_device:s0 tclass=chr_file permissive=0 ppid=1 pcomm="init" pgid=1 pgcomm="init"
06-04 22:48:13.084 12017-12017/? I/libmdmdetect: ESOC framework not supported
06-04 22:48:13.085 12017-12017/? I/libmdmdetect: Found internal modem: modem
06-04 22:48:13.085 12017-12017/? E/QCOMSysDaemon: Can't find/open bootselect node: (No such file or directory)
06-04 22:48:13.085 12017-12017/? I/QCOMSysDaemon: Starting qcom system daemon
06-04 22:48:13.085 12017-12017/? E/Diag_Lib:  Diag_LSM_Init: Failed to open handle to diag driver, error = 13
06-04 22:48:13.085 12017-12017/? E/QCOMSysDaemon:  Diag_LSM_Init failed : 0
06-04 22:48:13.337 2193-2226/? I/ActivityManager: Config changes=480 {1.0 240mcc1mnc [sv_SE,en_SE] ldltr sw360dp w360dp h568dp 480dpi nrml port finger -keyb/v/h -nav/h as.1 s.27}
06-04 22:48:13.356 2193-2226/? I/BroadcastQueue: am_broadcast_enqueue: [foreground,0,Intent { act=android.intent.action.CONFIGURATION_CHANGED flg=0x70000010 },13]
06-04 22:48:13.381 2193-2225/? I/BroadcastQueue: am_broadcast_finished: [foreground,0,Intent { act=android.intent.action.CONFIGURATION_CHANGED flg=0x70000010 }]
06-04 22:48:13.391 9026-12019/? D/OkHttp: --> GET http://unibailproxyaws.cardicloud.com/rest/v1/center/mallofscandinavia/languages?v=1&app_version=4.18.6&lang=sv-SE http/1.1
06-04 22:48:13.391 9026-12019/? D/OkHttp: Cache-Control: no-cache
06-04 22:48:13.391 9026-12019/? D/OkHttp: User-Agent: Dalvik/2.1.0 (Linux; U; Android 7.0; E6553 Build/32.3.A.2.33)
06-04 22:48:13.391 9026-12019/? D/OkHttp: charset: utf-8
06-04 22:48:13.391 9026-12019/? D/OkHttp: --> END GET
06-04 22:48:13.498 2193-2258/? I/WindowManager: Screen frozen for +182ms due to Window{2dd223e u0 NavigationBar}
06-04 22:48:14.527 2193-2498/? I/BroadcastQueue: am_broadcast_enqueue: [background,0,Intent { act=android.net.wifi.RSSI_CHANGED flg=0x4000010 (has extras) },3]
06-04 22:48:14.530 2193-2225/? I/BroadcastQueue: am_broadcast_finished: [background,0,Intent { act=android.net.wifi.RSSI_CHANGED flg=0x4000010 (has extras) }]
06-04 22:48:17.203 973-973/? I/MSM-irqbalance: Decided to move IRQ51 from CPU3 to CPU0
06-04 22:48:18.146 12028-12028/? W/qcom-system-dae: type=1400 audit(0.0:37569): avc: denied { read write } for name="diag" dev="tmpfs" ino=1969 scontext=u:r:qcomsysd:s0 tcontext=u:object_r:diag_device:s0 tclass=chr_file permissive=0 ppid=1 pcomm="init" pgid=1 pgcomm="init"
06-04 22:48:18.158 12028-12028/? I/libmdmdetect: ESOC framework not supported
06-04 22:48:18.158 12028-12028/? I/libmdmdetect: Found internal modem: modem
06-04 22:48:18.158 12028-12028/? E/QCOMSysDaemon: Can't find/open bootselect node: (No such file or directory)
06-04 22:48:18.158 12028-12028/? I/QCOMSysDaemon: Starting qcom system daemon
06-04 22:48:18.158 12028-12028/? E/Diag_Lib:  Diag_LSM_Init: Failed to open handle to diag driver, error = 13
06-04 22:48:18.158 12028-12028/? E/QCOMSysDaemon:  Diag_LSM_Init failed : 0
06-04 22:48:18.240 5414-5414/? W/cr_BindingManager: Cannot call determinedVisibility() - never saw a connection for the pid: 5414
06-04 22:48:18.341 5414-5414/? I/chromium: [INFO:CONSOLE(2)] "JQMIGRATE: Migrate is installed, version 1.4.1", source: http://timetogo.torsteneriksson.se/wp-includes/js/jquery/jquery-migrate.min.js?ver=1.4.1 (2)
06-04 22:48:18.499 5414-5414/? I/chromium: [INFO:CONSOLE(6)] "Uncaught SyntaxError: Unexpected token else", source:  (6)
06-04 22:48:19.407 2193-2472/? I/BroadcastQueue: am_broadcast_enqueue: [background,1,Intent { flg=0x14 cmp=com.tvnu.app/io.glimr.sdk.beacon.service.KATBeaconReceiver (has extras) },1]
06-04 22:48:19.411 2193-2472/? I/BroadcastQueue: am_broadcast_enqueue: [background,1,Intent { act=X.09G.ACTION_INEXACT_ALARM.FBNS.com.facebook.katana flg=0x14 pkg=com.facebook.katana (has extras) },1]
06-04 22:48:19.412 8357-8357/? D/GlimrSDK: #Starting Glimr
06-04 22:48:19.415 8357-8357/? D/GlimrSDK: #Beacon bind
06-04 22:48:19.420 8357-8357/? W/IBeaconService: exiting
06-04 22:48:19.420 8357-8357/? W/IBeaconService: exiting
06-04 22:48:19.861 5414-5414/? W/System.err: java.lang.NumberFormatException: For input string: "download"
06-04 22:48:19.869 5414-5414/? W/System.err:     at java.lang.Long.parseLong(Long.java:443)
06-04 22:48:19.869 5414-5414/? W/System.err:     at java.lang.Long.parseLong(Long.java:485)
06-04 22:48:19.870 5414-5414/? W/System.err:     at android.content.ContentUris.parseId(ContentUris.java:86)
06-04 22:48:19.870 5414-5414/? W/System.err:     at com.dolphin.browser.downloads.DownloadProvider.a(SourceFile:623)
06-04 22:48:19.870 5414-5414/? W/System.err:     at com.dolphin.browser.content.SQLiteDataProvider.b(SourceFile:382)
06-04 22:48:19.870 5414-5414/? W/System.err:     at com.dolphin.browser.content.UriBasedDataProvider.a(SourceFile:238)
06-04 22:48:19.870 5414-5414/? W/System.err:     at com.dolphin.browser.content.DataService.a(SourceFile:669)
06-04 22:48:19.870 5414-5414/? W/System.err:     at com.dolphin.browser.downloads.o.c(SourceFile:871)
06-04 22:48:19.870 5414-5414/? W/System.err:     at mobi.mgeek.TunnyBrowser.s.d(SourceFile:364)
06-04 22:48:19.870 5414-5414/? W/System.err:     at mobi.mgeek.TunnyBrowser.s.c(SourceFile:394)
06-04 22:48:19.870 5414-5414/? W/System.err:     at mobi.mgeek.TunnyBrowser.s.a(SourceFile:245)
06-04 22:48:19.870 5414-5414/? W/System.err:     at mobi.mgeek.TunnyBrowser.BrowserActivity.a(SourceFile:3426)
06-04 22:48:19.870 5414-5414/? W/System.err:     at mobi.mgeek.TunnyBrowser.BrowserActivity$b.a(SourceFile:4885)
06-04 22:48:19.870 5414-5414/? W/System.err:     at mobi.mgeek.TunnyBrowser.BrowserActivity.m(SourceFile:2869)
06-04 22:48:19.870 5414-5414/? W/System.err:     at mobi.mgeek.TunnyBrowser.BrowserActivity.onKeyUp(SourceFile:3072)
06-04 22:48:19.870 5414-5414/? W/System.err:     at android.view.KeyEvent.dispatch(KeyEvent.java:2719)
06-04 22:48:19.870 5414-5414/? W/System.err:     at android.app.Activity.dispatchKeyEvent(Activity.java:3031)
06-04 22:48:19.870 5414-5414/? W/System.err:     at mobi.mgeek.TunnyBrowser.BrowserActivity.dispatchKeyEvent(SourceFile:3992)
06-04 22:48:19.870 5414-5414/? W/System.err:     at com.android.internal.policy.DecorView.dispatchKeyEvent(DecorView.java:320)
06-04 22:48:19.870 5414-5414/? W/System.err:     at android.view.ViewRootImpl$ViewPostImeInputStage.processKeyEvent(ViewRootImpl.java:4337)
06-04 22:48:19.870 5414-5414/? W/System.err:     at android.view.ViewRootImpl$ViewPostImeInputStage.onProcess(ViewRootImpl.java:4308)
06-04 22:48:19.870 5414-5414/? W/System.err:     at android.view.ViewRootImpl$InputStage.deliver(ViewRootImpl.java:3859)
06-04 22:48:19.870 5414-5414/? W/System.err:     at android.view.ViewRootImpl$InputStage.onDeliverToNext(ViewRootImpl.java:3912)
06-04 22:48:19.870 5414-5414/? W/System.err:     at android.view.ViewRootImpl$InputStage.forward(ViewRootImpl.java:3878)
06-04 22:48:19.870 5414-5414/? W/System.err:     at android.view.ViewRootImpl$AsyncInputStage.forward(ViewRootImpl.java:4005)
06-04 22:48:19.870 5414-5414/? W/System.err:     at android.view.ViewRootImpl$InputStage.apply(ViewRootImpl.java:3886)
06-04 22:48:19.870 5414-5414/? W/System.err:     at android.view.ViewRootImpl$AsyncInputStage.apply(ViewRootImpl.java:4062)
06-04 22:48:19.870 5414-5414/? W/System.err:     at android.view.ViewRootImpl$InputStage.deliver(ViewRootImpl.java:3859)
06-04 22:48:19.871 5414-5414/? W/System.err:     at android.view.ViewRootImpl$InputStage.onDeliverToNext(ViewRootImpl.java:3912)
06-04 22:48:19.871 5414-5414/? W/System.err:     at android.view.ViewRootImpl$InputStage.forward(ViewRootImpl.java:3878)
06-04 22:48:19.871 5414-5414/? W/System.err:     at android.view.ViewRootImpl$InputStage.apply(ViewRootImpl.java:3886)
06-04 22:48:19.871 5414-5414/? W/System.err:     at android.view.ViewRootImpl$InputStage.deliver(ViewRootImpl.java:3859)
06-04 22:48:19.871 5414-5414/? W/System.err:     at android.view.ViewRootImpl$InputStage.onDeliverToNext(ViewRootImpl.java:3912)
06-04 22:48:19.871 5414-5414/? W/System.err:     at android.view.ViewRootImpl$InputStage.forward(ViewRootImpl.java:3878)
06-04 22:48:19.871 5414-5414/? W/System.err:     at android.view.ViewRootImpl$AsyncInputStage.forward(ViewRootImpl.java:4038)
06-04 22:48:19.871 5414-5414/? W/System.err:     at android.view.ViewRootImpl$ImeInputStage.onFinishedInputEvent(ViewRootImpl.java:4199)
06-04 22:48:19.871 5414-5414/? W/System.err:     at android.view.inputmethod.InputMethodManager$PendingEvent.run(InputMethodManager.java:2363)
06-04 22:48:19.871 5414-5414/? W/System.err:     at android.view.inputmethod.InputMethodManager.invokeFinishedInputEventCallback(InputMethodManager.java:1961)
06-04 22:48:19.871 5414-5414/? W/System.err:     at android.view.inputmethod.InputMethodManager.finishedInputEvent(InputMethodManager.java:1952)
06-04 22:48:19.871 5414-5414/? W/System.err:     at android.view.inputmethod.InputMethodManager$ImeInputEventSender.onInputEventFinished(InputMethodManager.java:2340)
06-04 22:48:19.871 5414-5414/? W/System.err:     at android.view.InputEventSender.dispatchInputEventFinished(InputEventSender.java:141)
06-04 22:48:19.871 5414-5414/? W/System.err:     at android.os.MessageQueue.nativePollOnce(Native Method)
06-04 22:48:19.871 5414-5414/? W/System.err:     at android.os.MessageQueue.next(MessageQueue.java:331)
06-04 22:48:19.871 5414-5414/? W/System.err:     at android.os.Looper.loop(Looper.java:219)
06-04 22:48:19.871 5414-5414/? W/System.err:     at android.app.ActivityThread.main(ActivityThread.java:6217)
06-04 22:48:19.871 5414-5414/? W/System.err:     at java.lang.reflect.Method.invoke(Native Method)
06-04 22:48:19.871 5414-5414/? W/System.err:     at com.android.internal.os.ZygoteInit$MethodAndArgsCaller.run(ZygoteInit.java:865)
06-04 22:48:19.872 5414-5414/? W/System.err:     at com.android.internal.os.ZygoteInit.main(ZygoteInit.java:755)
06-04 22:48:19.918 5414-5414/? E/AlarmManager: cancel() called with a null PendingIntent
06-04 22:48:19.926 5414-5414/? W/ek.TunnyBrowser: type=1400 audit(0.0:37570): avc: denied { read } for name="rdtag" dev="proc" ino=4026535319 scontext=u:r:untrusted_app:s0:c512,c768 tcontext=u:object_r:rdtag_procfile:s0 tclass=file permissive=0 ppid=726 pcomm="main" pgid=726 pgcomm="main"
06-04 22:48:19.958 5414-5414/? E/TunnyBrowser_11.5.19: BaseNetworkObserable
                                                       java.lang.IllegalArgumentException: Receiver not registered: com.dolphin.browser.core.b$1@42bbb9
                                                           at android.app.LoadedApk.forgetReceiverDispatcher(LoadedApk.java:1008)
                                                           at android.app.ContextImpl.unregisterReceiver(ContextImpl.java:1331)
                                                           at android.content.ContextWrapper.unregisterReceiver(ContextWrapper.java:608)
                                                           at com.dolphin.browser.core.b.c(SourceFile:103)
                                                           at com.dolphin.browser.push.o.e(SourceFile:134)
                                                           at mobi.mgeek.TunnyBrowser.s.c(SourceFile:421)
                                                           at mobi.mgeek.TunnyBrowser.s.a(SourceFile:245)
                                                           at mobi.mgeek.TunnyBrowser.BrowserActivity.a(SourceFile:3426)
                                                           at mobi.mgeek.TunnyBrowser.BrowserActivity$b.a(SourceFile:4885)
                                                           at mobi.mgeek.TunnyBrowser.BrowserActivity.m(SourceFile:2869)
                                                           at mobi.mgeek.TunnyBrowser.BrowserActivity.onKeyUp(SourceFile:3072)
                                                           at android.view.KeyEvent.dispatch(KeyEvent.java:2719)
                                                           at android.app.Activity.dispatchKeyEvent(Activity.java:3031)
                                                           at mobi.mgeek.TunnyBrowser.BrowserActivity.dispatchKeyEvent(SourceFile:3992)
                                                           at com.android.internal.policy.DecorView.dispatchKeyEvent(DecorView.java:320)
                                                           at android.view.ViewRootImpl$ViewPostImeInputStage.processKeyEvent(ViewRootImpl.java:4337)
                                                           at android.view.ViewRootImpl$ViewPostImeInputStage.onProcess(ViewRootImpl.java:4308)
                                                           at android.view.ViewRootImpl$InputStage.deliver(ViewRootImpl.java:3859)
                                                           at android.view.ViewRootImpl$InputStage.onDeliverToNext(ViewRootImpl.java:3912)
                                                           at android.view.ViewRootImpl$InputStage.forward(ViewRootImpl.java:3878)
                                                           at android.view.ViewRootImpl$AsyncInputStage.forward(ViewRootImpl.java:4005)
                                                           at android.view.ViewRootImpl$InputStage.apply(ViewRootImpl.java:3886)
                                                           at android.view.ViewRootImpl$AsyncInputStage.apply(ViewRootImpl.java:4062)
                                                           at android.view.ViewRootImpl$InputStage.deliver(ViewRootImpl.java:3859)
                                                           at android.view.ViewRootImpl$InputStage.onDeliverToNext(ViewRootImpl.java:3912)
                                                           at android.view.ViewRootImpl$InputStage.forward(ViewRootImpl.java:3878)
                                                           at android.view.ViewRootImpl$InputStage.apply(ViewRootImpl.java:3886)
                                                           at android.view.ViewRootImpl$InputStage.deliver(ViewRootImpl.java:3859)
                                                           at android.view.ViewRootImpl$InputStage.onDeliverToNext(ViewRootImpl.java:3912)
                                                           at android.view.ViewRootImpl$InputStage.forward(ViewRootImpl.java:3878)
                                                           at android.view.ViewRootImpl$AsyncInputStage.forward(ViewRootImpl.java:4038)
                                                           at android.view.ViewRootImpl$ImeInputStage.onFinishedInputEvent(ViewRootImpl.java:4199)
                                                           at android.view.inputmethod.InputMethodManager$PendingEvent.run(InputMethodManager.java:2363)
                                                           at android.view.inputmethod.InputMethodManager.invokeFinishedInputEventCallback(InputMethodManager.java:1961)
                                                           at android.view.inputmethod.InputMethodManager.finishedInputEvent(InputMethodManager.java:1952)
                                                           at android.view.inputmethod.InputMethodManager$ImeInputEventSender.onInputEventFinished(InputMethodManager.java:2340)
                                                           at android.view.InputEventSender.dispatchInputEventFinished(InputEventSender.java:141)
                                                           at android.os.MessageQueue.nativePollOnce(Native Method)
                                                           at android.os.MessageQueue.next(MessageQueue.java:331)
                                                           at android.os.Looper.loop(Looper.java:219)
                                                           at android.app.ActivityThread.main(ActivityThread.java:6217)
                                                           at java.lang.reflect.Method.invoke(Native Method)
                                                           at com.android.internal.os.ZygoteInit$MethodAndArgsCaller.run(ZygoteInit.java:865)
                                                           at com.android.internal.os.ZygoteInit.main(ZygoteInit.java:755)
06-04 22:48:19.970 2193-15293/? I/chatty: uid=1000(system) Binder:2193_17 expire 2 lines
06-04 22:48:20.101 2193-6665/? I/BroadcastQueue: am_broadcast_enqueue: [background,1,Intent { act=org.codeaurora.action.stk.idle_screen flg=0x10 (has extras) },1]
06-04 22:48:20.281 3345-3345/? I/Timeline: Timeline: Activity_idle id: android.os.BinderProxy@73ecc9e time:40040019
06-04 22:48:20.407 2193-2258/? I/chatty: uid=1000(system) android.display expire 5 lines
06-04 22:48:20.435 5414-5414/? D/BrowserActivity: Performance InitTask onCancelled
06-04 22:48:20.439 5414-5414/? W/TunnyBrowser_11.5.19: [TabManager]destroy com.dolphin.browser.core.TabManager@1a7ccbe
06-04 22:48:20.443 5414-5414/? W/TunnyBrowser_11.5.19: [TabManager]destroyInstance com.dolphin.browser.core.TabManager@1a7ccbe
06-04 22:48:20.456 5414-5455/? W/cr_BindingManager: Cannot setInForeground() - never saw a connection for the pid: 5414
06-04 22:48:20.462 2193-2258/? I/WindowManager: Destroying surface Surface(name=mobi.mgeek.TunnyBrowser/mobi.mgeek.TunnyBrowser.BrowserActivity) called by com.android.server.wm.WindowStateAnimator.destroySurface:2022 com.android.server.wm.WindowStateAnimator.destroySurfaceLocked:889 com.android.server.wm.WindowState.removeLocked:1470 com.android.server.wm.WindowManagerService.removeWindowInnerLocked:2576 com.android.server.wm.AppWindowToken.destroySurfaces:365 com.android.server.wm.WindowStateAnimator.finishExit:569 com.android.server.wm.AppWindowAnimator.stepAnimationLocked:431 com.android.server.wm.WindowAnimator.updateAppWindowsLocked:196 
06-04 22:48:21.260 8357-8357/? D/GlimrSDK: #Stopping Glimr
06-04 22:48:21.265 8357-8357/? D/GlimrSDK: #Beacon unbind
06-04 22:48:21.268 8357-8357/? W/IBeaconService: exiting
06-04 22:48:21.943 2193-2226/? I/ActivityManager: Config changes=480 {1.0 240mcc1mnc [sv_SE,en_SE] ldltr sw360dp w592dp h336dp 480dpi nrml land finger -keyb/v/h -nav/h as.1 s.28}
06-04 22:48:21.961 2193-2226/? I/BroadcastQueue: am_broadcast_enqueue: [foreground,0,Intent { act=android.intent.action.CONFIGURATION_CHANGED flg=0x70000010 },13]
06-04 22:48:21.976 2193-2226/? I/WindowManager: Destroying surface Surface(name=Toast) called by com.android.server.wm.WindowStateAnimator.destroySurface:2022 com.android.server.wm.WindowStateAnimator.destroySurfaceLocked:889 com.android.server.wm.WindowState.destroyOrSaveSurface:2117 com.android.server.wm.WindowSurfacePlacer.performSurfacePlacementInner:435 com.android.server.wm.WindowSurfacePlacer.performSurfacePlacementLoop:238 com.android.server.wm.WindowSurfacePlacer.performSurfacePlacement:186 com.android.server.wm.WindowSurfacePlacer.continueLayout:175 com.android.server.wm.WindowManagerService.continueSurfaceLayout:5375 
06-04 22:48:21.979 2193-2225/? I/BroadcastQueue: am_broadcast_finished: [foreground,0,Intent { act=android.intent.action.CONFIGURATION_CHANGED flg=0x70000010 }]
06-04 22:48:21.995 9026-12045/? D/OkHttp: --> GET http://unibailproxyaws.cardicloud.com/rest/v1/center/mallofscandinavia/languages?v=1&app_version=4.18.6&lang=sv-SE http/1.1
06-04 22:48:21.995 9026-12045/? D/OkHttp: Cache-Control: no-cache
06-04 22:48:21.995 9026-12045/? D/OkHttp: User-Agent: Dalvik/2.1.0 (Linux; U; Android 7.0; E6553 Build/32.3.A.2.33)
06-04 22:48:21.995 9026-12045/? D/OkHttp: charset: utf-8
06-04 22:48:21.995 9026-12045/? D/OkHttp: --> END GET
06-04 22:48:22.027 2193-6661/? I/WindowManager: Destroying surface Surface(name=com.sonyericsson.home/com.sonymobile.home.HomeActivity) called by com.android.server.wm.WindowStateAnimator.destroySurface:2022 com.android.server.wm.WindowStateAnimator.destroySurfaceLocked:889 com.android.server.wm.WindowState.removeLocked:1470 com.android.server.wm.WindowManagerService.removeWindowInnerLocked:2576 com.android.server.wm.WindowManagerService.removeWindowLocked:2534 com.android.server.wm.WindowManagerService.removeWindowLocked:2403 com.android.server.wm.WindowManagerService.removeWindow:2398 com.android.server.wm.Session.remove:193 
06-04 22:48:22.061 2193-3278/? I/BroadcastQueue: am_broadcast_enqueue: [background,1,Intent { act=org.codeaurora.action.stk.idle_screen flg=0x10 (has extras) },1]
06-04 22:48:22.105 3345-3345/? I/MainView: onSizeChanged: 1920x1080, orientation=landscape
06-04 22:48:22.113 3345-3345/? I/Desktop: updateConfiguration(): Grid{rows=5, cols=4, cellWidth=450, cellHeight=246}
06-04 22:48:22.337 3345-3345/? E/RecyclerView: No adapter attached; skipping layout
06-04 22:48:22.552 3345-3345/? I/Timeline: Timeline: Activity_idle id: android.os.BinderProxy@73ecc9e time:40042290
06-04 22:48:22.556 2193-2258/? I/WindowManager: Screen frozen for +631ms due to Window{dd51b67 u0 com.sonyericsson.home/com.sonymobile.home.HomeActivity}
06-04 22:48:22.996 5414-12036/? I/Process: Sending signal. PID: 5414 SIG: 9
06-04 22:48:23.111 2193-15333/? D/ConnectivityService: ConnectivityService NetworkRequestInfo binderDied(NetworkRequest [ id=328, legacyType=-1, [ Capabilities: INTERNET&NOT_RESTRICTED&TRUSTED] ], android.os.BinderProxy@6aa1c2d)
06-04 22:48:23.112 2193-8766/? I/ActivityManager: Process mobi.mgeek.TunnyBrowser (pid 5414) has died
06-04 22:48:23.112 2193-8766/? D/ActivityManager: cleanUpApplicationRecord -- 5414
06-04 22:48:23.112 2193-8766/? W/ActivityManager: Scheduling restart of crashed service mobi.mgeek.TunnyBrowser/com.ticlock.AnalyticsService in 16765454ms
06-04 22:48:23.113 2193-2505/? E/ConnectivityService: RemoteException caught trying to send a callback msg for NetworkRequest [ id=328, legacyType=-1, [ Capabilities: INTERNET&NOT_RESTRICTED&TRUSTED] ]
06-04 22:48:23.205 12059-12059/? I/libmdmdetect: ESOC framework not supported
06-04 22:48:23.196 12059-12059/? W/qcom-system-dae: type=1400 audit(0.0:37571): avc: denied { read write } for name="diag" dev="tmpfs" ino=1969 scontext=u:r:qcomsysd:s0 tcontext=u:object_r:diag_device:s0 tclass=chr_file permissive=0 ppid=1 pcomm="init" pgid=1 pgcomm="init"
06-04 22:48:23.205 12059-12059/? I/libmdmdetect: Found internal modem: modem
06-04 22:48:23.206 12059-12059/? E/QCOMSysDaemon: Can't find/open bootselect node: (No such file or directory)
06-04 22:48:23.206 12059-12059/? I/QCOMSysDaemon: Starting qcom system daemon
06-04 22:48:23.206 12059-12059/? E/Diag_Lib:  Diag_LSM_Init: Failed to open handle to diag driver, error = 13
06-04 22:48:23.206 12059-12059/? E/QCOMSysDaemon:  Diag_LSM_Init failed : 0
06-04 22:48:23.643 2193-2498/? I/BroadcastQueue: am_broadcast_enqueue: [background,0,Intent { act=android.net.wifi.RSSI_CHANGED flg=0x4000010 (has extras) },3]
06-04 22:48:23.649 2193-2225/? I/BroadcastQueue: am_broadcast_finished: [background,0,Intent { act=android.net.wifi.RSSI_CHANGED flg=0x4000010 (has extras) }]
06-04 22:48:25.460 8357-8357/? D/GlimrSDK: #Reschedule Glimr
06-04 22:48:25.465 8357-8357/? D/GlimrSDK: #Next in 30
06-04 22:48:25.468 8357-8357/? D/GlimrSDK: #Shutting Glimr
06-04 22:48:25.469 2193-6488/? I/BroadcastQueue: am_broadcast_finished: [background,1,Intent { flg=0x14 (has extras) }]
06-04 22:48:25.499 2193-2207/? I/BroadcastQueue: am_broadcast_finished: [background,1,Intent { act=X.09G.ACTION_INEXACT_ALARM.FBNS.com.facebook.katana flg=0x14 pkg=com.facebook.katana (has extras) }]
06-04 22:48:25.516 2193-2713/? I/BroadcastQueue: am_broadcast_finished: [background,1,Intent { act=org.codeaurora.action.stk.idle_screen flg=0x10 (has extras) }]
06-04 22:48:25.523 2193-2713/? I/BroadcastQueue: am_broadcast_finished: [background,1,Intent { act=org.codeaurora.action.stk.idle_screen flg=0x10 (has extras) }]
06-04 22:48:25.526 759-12041/? W/SocketClient: write error (Broken pipe)
06-04 22:48:25.526 759-12041/? W/DnsProxyListener: Error writing DNS result to client
06-04 22:48:28.286 12068-12068/? W/qcom-system-dae: type=1400 audit(0.0:37581): avc: denied { read write } for name="diag" dev="tmpfs" ino=1969 scontext=u:r:qcomsysd:s0 tcontext=u:object_r:diag_device:s0 tclass=chr_file permissive=0 ppid=1 pcomm="init" pgid=1 pgcomm="init"
06-04 22:48:28.292 12068-12068/? I/libmdmdetect: ESOC framework not supported
06-04 22:48:28.293 12068-12068/? I/libmdmdetect: Found internal modem: modem
06-04 22:48:28.293 12068-12068/? E/QCOMSysDaemon: Can't find/open bootselect node: (No such file or directory)
06-04 22:48:28.293 12068-12068/? I/QCOMSysDaemon: Starting qcom system daemon
06-04 22:48:28.294 12068-12068/? E/Diag_Lib:  Diag_LSM_Init: Failed to open handle to diag driver, error = 13
06-04 22:48:28.294 12068-12068/? E/QCOMSysDaemon:  Diag_LSM_Init failed : 0
06-04 22:48:29.689 2193-2498/? I/BroadcastQueue: am_broadcast_enqueue: [background,0,Intent { act=android.net.wifi.RSSI_CHANGED flg=0x4000010 (has extras) },3]
06-04 22:48:29.703 2193-2225/? I/BroadcastQueue: am_broadcast_finished: [background,0,Intent { act=android.net.wifi.RSSI_CHANGED flg=0x4000010 (has extras) }]
06-04 22:48:29.969 2193-2264/? I/BroadcastQueue: am_broadcast_enqueue: [package,0,Intent { act=android.intent.action.PACKAGE_CHANGED dat=package:mobi.mgeek.TunnyBrowser flg=0x44100010 (has extras) },47]
06-04 22:48:29.970 2193-2365/? D/OverlayManager: onTargetPackageChanged packageName=mobi.mgeek.TunnyBrowser userId=0
06-04 22:48:29.973 2193-2225/? I/BroadcastQueue: am_broadcast_finished: [package,0,Intent { act=android.intent.action.PACKAGE_CHANGED dat=package:mobi.mgeek.TunnyBrowser flg=0x44100010 (has extras) }]
06-04 22:48:29.987 676-860/? E/PPDaemon: void ScreenRefresher::ProcessRefreshWork(): pthread_cond_timedwait failed. err: Success
06-04 22:48:29.990 2193-2579/? W/ActivityManager: Permission Denial: Accessing service ComponentInfo{com.sonyericsson.album/com.sonymobile.somcmediarouter.provider.dlna.DlnaMediaRouteProviderService} from pid=3452, uid=10038 that is not exported from uid 10056
06-04 22:48:29.990 2193-2713/? W/ActivityManager: Permission Denial: Accessing service ComponentInfo{com.sonyericsson.album/com.sonymobile.somcmediarouter.provider.dlna.DlnaMediaRouteProviderService} from pid=11148, uid=10302 that is not exported from uid 10056
06-04 22:48:29.995 2193-7110/? W/ActivityManager: Permission Denial: Accessing service ComponentInfo{com.sonyericsson.music/com.sonymobile.somcmediarouter.provider.dlna.DlnaMediaRouteProviderService} from pid=11148, uid=10302 that is not exported from uid 10061
06-04 22:48:29.998 2193-6661/? W/ActivityManager: Permission Denial: Accessing service ComponentInfo{com.sonyericsson.music/com.sonymobile.somcmediarouter.provider.dlna.DlnaMediaRouteProviderService} from pid=3452, uid=10038 that is not exported from uid 10061
06-04 22:48:30.083 3258-3258/? I/chatty: uid=1027(nfc) com.android.nfc expire 7 lines
06-04 22:48:30.205 2622-2622/? D/CarrierSvcBindHelper: No carrier app for: 0
06-04 22:48:32.127 2193-2224/? I/ActivityManager: Start proc 12074:com.android.printspooler/u0a160 for service com.android.printspooler/.model.PrintSpoolerService
06-04 22:48:32.278 12074-12074/? I/LoadedApk: No resource references to update in package alias:android.res.overlay_310_2
06-04 22:48:32.279 12074-12074/? I/LoadedApk: No resource references to update in package alias:com.sonymobile.dummy
06-04 22:48:32.326 12088-12088/? W/qcom-system-dae: type=1400 audit(0.0:37582): avc: denied { read write } for name="diag" dev="tmpfs" ino=1969 scontext=u:r:qcomsysd:s0 tcontext=u:object_r:diag_device:s0 tclass=chr_file permissive=0 ppid=1 pcomm="init" pgid=1 pgcomm="init"
06-04 22:48:32.339 12088-12088/? I/libmdmdetect: ESOC framework not supported
06-04 22:48:32.339 12088-12088/? I/libmdmdetect: Found internal modem: modem
06-04 22:48:32.339 12088-12088/? E/QCOMSysDaemon: Can't find/open bootselect node: (No such file or directory)
06-04 22:48:32.339 12088-12088/? I/QCOMSysDaemon: Starting qcom system daemon
06-04 22:48:32.340 12088-12088/? E/Diag_Lib:  Diag_LSM_Init: Failed to open handle to diag driver, error = 13
06-04 22:48:32.340 12088-12088/? E/QCOMSysDaemon:  Diag_LSM_Init failed : 0
06-04 22:48:33.494 9026-12019/? D/OkHttp: <-- HTTP FAILED: java.net.SocketTimeoutException: connect timed out
06-04 22:48:36.796 1001-1001/? I/chatty: uid=3005(net_admin) /system/bin/ipacm expire 17 lines
06-04 22:48:37.416 12090-12090/? W/qcom-system-dae: type=1400 audit(0.0:37588): avc: denied { read write } for name="diag" dev="tmpfs" ino=1969 scontext=u:r:qcomsysd:s0 tcontext=u:object_r:diag_device:s0 tclass=chr_file permissive=0 ppid=1 pcomm="init" pgid=1 pgcomm="init"
06-04 22:48:37.424 12090-12090/? I/libmdmdetect: ESOC framework not supported
06-04 22:48:37.425 12090-12090/? I/libmdmdetect: Found internal modem: modem
06-04 22:48:37.425 12090-12090/? E/QCOMSysDaemon: Can't find/open bootselect node: (No such file or directory)
06-04 22:48:37.425 12090-12090/? I/QCOMSysDaemon: Starting qcom system daemon
06-04 22:48:37.425 12090-12090/? E/Diag_Lib:  Diag_LSM_Init: Failed to open handle to diag driver, error = 13
06-04 22:48:37.425 12090-12090/? E/QCOMSysDaemon:  Diag_LSM_Init failed : 0
06-04 22:48:38.953 2193-2498/? I/BroadcastQueue: am_broadcast_enqueue: [background,0,Intent { act=android.net.wifi.RSSI_CHANGED flg=0x4000010 (has extras) },3]
06-04 22:48:38.955 2193-2225/? I/BroadcastQueue: am_broadcast_finished: [background,0,Intent { act=android.net.wifi.RSSI_CHANGED flg=0x4000010 (has extras) }]
06-04 22:48:38.987 676-860/? E/PPDaemon: void ScreenRefresher::ProcessRefreshWork(): pthread_cond_timedwait failed. err: Success
06-04 22:48:42.093 9026-12045/? D/OkHttp: <-- HTTP FAILED: java.net.SocketTimeoutException: connect timed out
06-04 22:48:42.486 12107-12107/? W/qcom-system-dae: type=1400 audit(0.0:37593): avc: denied { read write } for name="diag" dev="tmpfs" ino=1969 scontext=u:r:qcomsysd:s0 tcontext=u:object_r:diag_device:s0 tclass=chr_file permissive=0 ppid=1 pcomm="init" pgid=1 pgcomm="init"
06-04 22:48:42.497 12107-12107/? I/libmdmdetect: ESOC framework not supported
06-04 22:48:42.497 12107-12107/? I/libmdmdetect: Found internal modem: modem
