                                                            A1UEChMLR29vZ2xlIEluYy4xEDAOBgNVBAsTB0FuZHJvaWQxEDAOBgNVBAMTB0FuZHJvaWSCCQDC
                                                            4IdGZEowjTAMBgNVHRMEBTADAQH/MA0GCSqGSIb3DQEBBAUAA4IBAQBt0lLO74UwLDYKqs6Tm8/y
                                                            zKkEu116FmH4rkaymUIE0P9KaMftGlMexFlaYjzmB2OxZyl6euNXEsQH8gjwyxCUKRJNexBiGcCE
                                                            yj6z+a1fuHHvkiaai+KL8W1EyNmgjmyy8AW7P+LLlkR+ho5zEHatRbM/YAnqGcFh5iZBqpknHf1S
                                                            KMXFh4dd239FJ1jWYfbMDMy3NS5CTMQ2XFI1MvcyUTdZPErjQfTbQe3aDQsQcafEQPD+nqActifK
                                                            Z0Np0IS9L9kR/wbNvyz6ENwPiTrjV2KRkEjH78ZMcUQXg0L3BYHJ3lc69Vs5Ddf9uUGGMYldX3Wf
                                                            MBEmh/9iFBDAaTCK
06-04 23:00:39.885 12504-12545/? I/blue: BluePreferences load took 152ms on thread preferences_loader
06-04 23:00:40.537 12504-12504/? D/BlueNotifier: Registered and ready to handle exceptions.
06-04 23:00:40.596 2193-7110/? W/NetworkIdentity: Active mobile network without subscriber!
06-04 23:00:40.596 2193-7110/? W/NetworkIdentity: Active mobile network without subscriber!
06-04 23:00:40.596 2193-7110/? W/NetworkIdentity: Active mobile network without subscriber!
06-04 23:00:40.596 2193-7110/? W/NetworkIdentity: Active mobile network without subscriber!
06-04 23:00:40.596 2193-7110/? W/NetworkIdentity: Active mobile network without subscriber!
06-04 23:00:40.596 2193-7110/? W/NetworkIdentity: Active mobile network without subscriber!
06-04 23:00:40.596 2193-7110/? W/NetworkIdentity: Active mobile network without subscriber!
06-04 23:00:40.597 2193-7110/? W/NetworkIdentity: Active mobile network without subscriber!
06-04 23:00:40.646 12504-12504/? I/blue: Registered: unmount receiver
06-04 23:00:40.648 12504-12504/? I/blue: Registered: shutdown receiver
06-04 23:00:40.648 12504-12504/? V/blue: Registering content resolver notifier
06-04 23:00:40.670 2193-15294/? W/NetworkIdentity: Active mobile network without subscriber!
06-04 23:00:40.671 2193-15294/? W/NetworkIdentity: Active mobile network without subscriber!
06-04 23:00:40.671 2193-15294/? W/NetworkIdentity: Active mobile network without subscriber!
06-04 23:00:40.672 2193-15294/? W/NetworkIdentity: Active mobile network without subscriber!
06-04 23:00:40.672 2193-15294/? W/NetworkIdentity: Active mobile network without subscriber!
06-04 23:00:40.672 2193-15294/? W/NetworkIdentity: Active mobile network without subscriber!
06-04 23:00:40.672 2193-15294/? W/NetworkIdentity: Active mobile network without subscriber!
06-04 23:00:40.672 2193-15294/? W/NetworkIdentity: Active mobile network without subscriber!
06-04 23:00:40.689 2193-3306/? I/BroadcastQueue: am_broadcast_finished: [background,1,Intent { flg=0x14 (has extras) }]
06-04 23:00:40.689 12504-12504/? D/Exchange: Cursor with 0 accounts returned
06-04 23:00:40.702 2193-8765/? D/ConnectivityService: Returning blocked NetworkInfo to uid=10396
06-04 23:00:40.706 2193-2713/? I/BroadcastQueue: am_broadcast_enqueue: [background,1,Intent { act=com.trtf.blue.service.BroadcastReceiver.cancelIntent flg=0x10 cmp=com.trtf.blue/.service.BootReceiver (has extras) },1]
06-04 23:00:40.840 973-973/? I/MSM-irqbalance: Decided to move IRQ170 from CPU0 to CPU3
06-04 23:00:40.870 9970-9970/? E/GcmReceiver: Failed to resolve target intent service, skipping classname enforcement
06-04 23:00:40.872 2193-2579/? W/ActivityManager: Unable to start service Intent { act=com.google.android.c2dm.intent.RECEIVE flg=0x10 pkg=com.ifttt.ifttt (has extras) } U=0: not found
06-04 23:00:40.872 9970-9970/? E/GcmReceiver: Error while delivering the message: ServiceIntent not found.
06-04 23:00:40.910 9970-12579/? I/FA: Tag Manager is not found and thus will not be used
06-04 23:00:40.911 9970-12579/? E/FA: Name must consist of letters, digits or _ (underscores). Type, name: event param, google.sent_time
06-04 23:00:40.913 9970-12579/? E/FA: Name must consist of letters, digits or _ (underscores). Type, name: event param, google.message_id
06-04 23:00:40.921 2193-3312/? D/ConnectivityService: Returning blocked NetworkInfo to uid=10017
06-04 23:00:40.924 9970-9970/? E/FirebaseInstanceId: Failed to resolve target intent service, skipping classname enforcement
06-04 23:00:40.925 2193-8766/? W/ActivityManager: Unable to start service Intent { act=com.google.firebase.MESSAGING_EVENT pkg=com.ifttt.ifttt (has extras) } U=0: not found
06-04 23:00:40.926 9970-9970/? E/FirebaseInstanceId: Error while delivering the message: ServiceIntent not found.
06-04 23:00:40.927 2193-6666/? I/BroadcastQueue: am_broadcast_finished: [background,1,Intent { act=com.google.android.c2dm.intent.RECEIVE flg=0x10 pkg=com.ifttt.ifttt (has extras) }]
06-04 23:00:40.954 2193-5318/? I/BroadcastQueue: am_broadcast_finished: [background,1,Intent { act=com.trtf.blue.service.BroadcastReceiver.cancelIntent flg=0x10 (has extras) }]
06-04 23:00:40.955 2193-5318/? I/ActivityManager: Killing 12074:com.android.printspooler/u0a160 (adj 906): empty #17
06-04 23:00:40.969 2193-6675/? D/ActivityManager: cleanUpApplicationRecord -- 12074
06-04 23:00:41.045 1003-1003/? W/ipacm: type=1400 audit(0.0:37846): avc: denied { sendto } for path="/dev/socket/ipacm_log_file" scontext=u:r:ipacm:s0 tcontext=u:r:ipacm-diag:s0 tclass=unix_dgram_socket permissive=0 ppid=1 pcomm="init" pgid=986 pgcomm="ipacm"
06-04 23:00:41.045 1003-1003/? W/ipacm: type=1400 audit(0.0:37847): avc: denied { sendto } for path="/dev/socket/ipacm_log_file" scontext=u:r:ipacm:s0 tcontext=u:r:ipacm-diag:s0 tclass=unix_dgram_socket permissive=0 ppid=1 pcomm="init" pgid=986 pgcomm="ipacm"
06-04 23:00:45.706 1003-1003/? W/ipacm: type=1400 audit(0.0:37848): avc: denied { sendto } for path="/dev/socket/ipacm_log_file" scontext=u:r:ipacm:s0 tcontext=u:r:ipacm-diag:s0 tclass=unix_dgram_socket permissive=0 ppid=1 pcomm="init" pgid=986 pgcomm="ipacm"
06-04 23:00:45.706 1003-1003/? W/ipacm: type=1400 audit(0.0:37849): avc: denied { sendto } for path="/dev/socket/ipacm_log_file" scontext=u:r:ipacm:s0 tcontext=u:r:ipacm-diag:s0 tclass=unix_dgram_socket permissive=0 ppid=1 pcomm="init" pgid=986 pgcomm="ipacm"
06-04 23:01:30.147 1003-1003/? W/ipacm: type=1400 audit(0.0:37850): avc: denied { sendto } for path="/dev/socket/ipacm_log_file" scontext=u:r:ipacm:s0 tcontext=u:r:ipacm-diag:s0 tclass=unix_dgram_socket permissive=0 ppid=1 pcomm="init" pgid=986 pgcomm="ipacm"
06-04 23:01:30.147 1003-1003/? W/ipacm: type=1400 audit(0.0:37851): avc: denied { sendto } for path="/dev/socket/ipacm_log_file" scontext=u:r:ipacm:s0 tcontext=u:r:ipacm-diag:s0 tclass=unix_dgram_socket permissive=0 ppid=1 pcomm="init" pgid=986 pgcomm="ipacm"
06-04 23:01:30.166 2193-2256/? I/BroadcastQueue: am_broadcast_enqueue: [background,1,Intent { act=android.net.conn.DATA_ACTIVITY_CHANGE flg=0x10 (has extras) },1]
06-04 23:01:30.168 2193-2230/? E/BatteryStatsService: no controller energy info supplied
06-04 23:01:30.170 2193-6489/? I/BroadcastQueue: am_broadcast_finished: [background,1,Intent { act=android.net.conn.DATA_ACTIVITY_CHANGE flg=0x10 (has extras) }]
06-04 23:01:30.170 2193-2230/? E/KernelCpuSpeedReader: Failed to read cpu-freq: /sys/devices/system/cpu/cpu4/cpufreq/stats/time_in_state (No such file or directory)
06-04 23:02:07.389 2193-2472/? I/BroadcastQueue: am_broadcast_enqueue: [foreground,1,Intent { act=android.intent.action.TIME_TICK flg=0x50000014 (has extras) },16]
06-04 23:02:07.391 2193-2472/? I/BroadcastQueue: am_broadcast_enqueue: [background,1,Intent { act=X.1Sa.ACTION_ALARM.com.facebook.orca flg=0x14 pkg=com.facebook.orca (has extras) },1]
06-04 23:02:07.397 2193-2472/? I/BroadcastQueue: am_broadcast_enqueue: [background,1,Intent { act=com.google.android.gms.location.fused.SEND_LOCATION_IN_SMD_MODE flg=0x14 pkg=com.google.android.gms (has extras) },1]
06-04 23:02:07.402 2605-2605/? D/KeyguardUpdateMonitor: received broadcast android.intent.action.TIME_TICK
06-04 23:02:07.402 2605-2605/? D/KeyguardUpdateMonitor: handleTimeUpdate
06-04 23:02:07.375 1003-1003/? W/ipacm: type=1400 audit(0.0:37852): avc: denied { sendto } for path="/dev/socket/ipacm_log_file" scontext=u:r:ipacm:s0 tcontext=u:r:ipacm-diag:s0 tclass=unix_dgram_socket permissive=0 ppid=1 pcomm="init" pgid=986 pgcomm="ipacm"
06-04 23:02:07.410 2193-2722/? I/BroadcastQueue: am_broadcast_finished: [background,1,Intent { act=X.1Sa.ACTION_ALARM.com.facebook.orca flg=0x14 pkg=com.facebook.orca (has extras) }]
06-04 23:02:07.375 1003-1003/? W/ipacm: type=1400 audit(0.0:37853): avc: denied { sendto } for path="/dev/socket/ipacm_log_file" scontext=u:r:ipacm:s0 tcontext=u:r:ipacm-diag:s0 tclass=unix_dgram_socket permissive=0 ppid=1 pcomm="init" pgid=986 pgcomm="ipacm"
06-04 23:02:07.430 2193-2713/? I/BroadcastQueue: am_broadcast_enqueue: [background,1,Intent { act=com.facebook.intent.action.prod.BACKGROUND_LOCATION_REPORTING_ACTION_LOCATION_UPDATE flg=0x10 pkg=com.facebook.katana (has extras) },1]
06-04 23:02:07.436 2193-3306/? I/BroadcastQueue: am_broadcast_finished: [background,1,Intent { act=com.google.android.gms.location.fused.SEND_LOCATION_IN_SMD_MODE flg=0x14 pkg=com.google.android.gms (has extras) }]
06-04 23:02:07.437 3167-8737/? W/ctxmgr: [AclManager]No 2 for (accnt=account#850801081#, com.google.android.gms(10038):UserLocationProducer, vrsn=10298000, 0, 3pPkg = null ,  3pMdlId = null). Was: 2 for 1, account#850801081#
06-04 23:02:07.446 2193-11539/? I/BroadcastQueue: am_broadcast_finished: [background,1,Intent { act=com.facebook.intent.action.prod.BACKGROUND_LOCATION_REPORTING_ACTION_LOCATION_UPDATE flg=0x10 pkg=com.facebook.katana (has extras) }]
06-04 23:02:07.488 2193-11539/? I/BroadcastQueue: am_broadcast_enqueue: [background,1,Intent { act=com.google.android.gms.gcm.ACTION_SCHEDULE flg=0x10 pkg=com.google.android.gms (has extras) },1]
06-04 23:02:07.493 2193-3312/? I/BroadcastQueue: am_broadcast_finished: [background,1,Intent { act=com.google.android.gms.gcm.ACTION_SCHEDULE flg=0x10 pkg=com.google.android.gms (has extras) }]
06-04 23:02:07.565 2193-6661/? I/BroadcastQueue: am_broadcast_finished: [foreground,1,Intent { act=android.intent.action.TIME_TICK flg=0x50000014 (has extras) }]
06-04 23:02:07.615 1003-1003/? W/ipacm: type=1400 audit(0.0:37854): avc: denied { sendto } for path="/dev/socket/ipacm_log_file" scontext=u:r:ipacm:s0 tcontext=u:r:ipacm-diag:s0 tclass=unix_dgram_socket permissive=0 ppid=1 pcomm="init" pgid=986 pgcomm="ipacm"
06-04 23:02:07.615 1003-1003/? W/ipacm: type=1400 audit(0.0:37855): avc: denied { sendto } for path="/dev/socket/ipacm_log_file" scontext=u:r:ipacm:s0 tcontext=u:r:ipacm-diag:s0 tclass=unix_dgram_socket permissive=0 ppid=1 pcomm="init" pgid=986 pgcomm="ipacm"
06-04 23:02:07.615 1001-1001/? W/ipacm: type=1400 audit(0.0:37856): avc: denied { sendto } for path="/dev/socket/ipacm_log_file" scontext=u:r:ipacm:s0 tcontext=u:r:ipacm-diag:s0 tclass=unix_dgram_socket permissive=0 ppid=1 pcomm="init" pgid=986 pgcomm="ipacm"
06-04 23:02:07.615 1001-1001/? W/ipacm: type=1400 audit(0.0:37857): avc: denied { sendto } for path="/dev/socket/ipacm_log_file" scontext=u:r:ipacm:s0 tcontext=u:r:ipacm-diag:s0 tclass=unix_dgram_socket permissive=0 ppid=1 pcomm="init" pgid=986 pgcomm="ipacm"
06-04 23:02:07.615 1001-1001/? W/ipacm: type=1400 audit(0.0:37858): avc: denied { sendto } for path="/dev/socket/ipacm_log_file" scontext=u:r:ipacm:s0 tcontext=u:r:ipacm-diag:s0 tclass=unix_dgram_socket permissive=0 ppid=1 pcomm="init" pgid=986 pgcomm="ipacm"
06-04 23:02:07.615 1000-1000/? W/ipacm: type=1400 audit(0.0:37859): avc: denied { sendto } for path="/dev/socket/ipacm_log_file" scontext=u:r:ipacm:s0 tcontext=u:r:ipacm-diag:s0 tclass=unix_dgram_socket permissive=0 ppid=1 pcomm="init" pgid=986 pgcomm="ipacm"
06-04 23:02:07.615 1000-1000/? W/ipacm: type=1400 audit(0.0:37860): avc: denied { sendto } for path="/dev/socket/ipacm_log_file" scontext=u:r:ipacm:s0 tcontext=u:r:ipacm-diag:s0 tclass=unix_dgram_socket permissive=0 ppid=1 pcomm="init" pgid=986 pgcomm="ipacm"
06-04 23:02:16.125 1003-1003/? W/ipacm: type=1400 audit(0.0:37861): avc: denied { sendto } for path="/dev/socket/ipacm_log_file" scontext=u:r:ipacm:s0 tcontext=u:r:ipacm-diag:s0 tclass=unix_dgram_socket permissive=0 ppid=1 pcomm="init" pgid=986 pgcomm="ipacm"
06-04 23:02:16.138 2193-2256/? I/BroadcastQueue: am_broadcast_enqueue: [background,1,Intent { act=android.net.conn.DATA_ACTIVITY_CHANGE flg=0x10 (has extras) },1]
06-04 23:02:16.125 1003-1003/? W/ipacm: type=1400 audit(0.0:37862): avc: denied { sendto } for path="/dev/socket/ipacm_log_file" scontext=u:r:ipacm:s0 tcontext=u:r:ipacm-diag:s0 tclass=unix_dgram_socket permissive=0 ppid=1 pcomm="init" pgid=986 pgcomm="ipacm"
06-04 23:02:16.147 2193-2230/? E/BatteryStatsService: no controller energy info supplied
06-04 23:02:16.147 2193-6665/? I/BroadcastQueue: am_broadcast_finished: [background,1,Intent { act=android.net.conn.DATA_ACTIVITY_CHANGE flg=0x10 (has extras) }]
06-04 23:02:16.148 2193-2230/? E/KernelCpuSpeedReader: Failed to read cpu-freq: /sys/devices/system/cpu/cpu4/cpufreq/stats/time_in_state (No such file or directory)
06-04 23:02:30.145 1003-1003/? W/ipacm: type=1400 audit(0.0:37863): avc: denied { sendto } for path="/dev/socket/ipacm_log_file" scontext=u:r:ipacm:s0 tcontext=u:r:ipacm-diag:s0 tclass=unix_dgram_socket permissive=0 ppid=1 pcomm="init" pgid=986 pgcomm="ipacm"
06-04 23:02:30.145 1003-1003/? W/ipacm: type=1400 audit(0.0:37864): avc: denied { sendto } for path="/dev/socket/ipacm_log_file" scontext=u:r:ipacm:s0 tcontext=u:r:ipacm-diag:s0 tclass=unix_dgram_socket permissive=0 ppid=1 pcomm="init" pgid=986 pgcomm="ipacm"
06-04 23:02:30.159 2193-2225/? E/KernelCpuSpeedReader: Failed to read cpu-freq: /sys/devices/system/cpu/cpu4/cpufreq/stats/time_in_state (No such file or directory)
06-04 23:02:30.163 973-973/? I/MSM-irqbalance: Decided to move IRQ304 from CPU0 to CPU3
06-04 23:02:32.304 1003-1003/? W/ipacm: type=1400 audit(0.0:37865): avc: denied { sendto } for path="/dev/socket/ipacm_log_file" scontext=u:r:ipacm:s0 tcontext=u:r:ipacm-diag:s0 tclass=unix_dgram_socket permissive=0 ppid=1 pcomm="init" pgid=986 pgcomm="ipacm"
06-04 23:02:32.304 1003-1003/? W/ipacm: type=1400 audit(0.0:37866): avc: denied { sendto } for path="/dev/socket/ipacm_log_file" scontext=u:r:ipacm:s0 tcontext=u:r:ipacm-diag:s0 tclass=unix_dgram_socket permissive=0 ppid=1 pcomm="init" pgid=986 pgcomm="ipacm"
06-04 23:02:46.139 1003-1003/? W/ipacm: type=1400 audit(0.0:37867): avc: denied { sendto } for path="/dev/socket/ipacm_log_file" scontext=u:r:ipacm:s0 tcontext=u:r:ipacm-diag:s0 tclass=unix_dgram_socket permissive=0 ppid=1 pcomm="init" pgid=986 pgcomm="ipacm"
06-04 23:02:46.139 1003-1003/? W/ipacm: type=1400 audit(0.0:37868): avc: denied { sendto } for path="/dev/socket/ipacm_log_file" scontext=u:r:ipacm:s0 tcontext=u:r:ipacm-diag:s0 tclass=unix_dgram_socket permissive=0 ppid=1 pcomm="init" pgid=986 pgcomm="ipacm"
06-04 23:03:30.297 2193-2256/? I/BroadcastQueue: am_broadcast_enqueue: [background,1,Intent { act=android.net.conn.DATA_ACTIVITY_CHANGE flg=0x10 (has extras) },1]
06-04 23:03:30.301 2193-2230/? E/BatteryStatsService: no controller energy info supplied
06-04 23:03:30.303 2193-2230/? E/KernelCpuSpeedReader: Failed to read cpu-freq: /sys/devices/system/cpu/cpu4/cpufreq/stats/time_in_state (No such file or directory)
06-04 23:03:30.310 2193-15293/? I/BroadcastQueue: am_broadcast_finished: [background,1,Intent { act=android.net.conn.DATA_ACTIVITY_CHANGE flg=0x10 (has extras) }]
06-04 23:03:30.274 1003-1003/? W/ipacm: type=1400 audit(0.0:37869): avc: denied { sendto } for path="/dev/socket/ipacm_log_file" scontext=u:r:ipacm:s0 tcontext=u:r:ipacm-diag:s0 tclass=unix_dgram_socket permissive=0 ppid=1 pcomm="init" pgid=986 pgcomm="ipacm"
06-04 23:03:46.252 2193-2472/? I/BroadcastQueue: am_broadcast_enqueue: [foreground,1,Intent { act=android.intent.action.TIME_TICK flg=0x50000014 (has extras) },16]
06-04 23:03:46.253 973-973/? I/MSM-irqbalance: Decided to move IRQ170 from CPU0 to CPU3
06-04 23:03:46.255 2193-2256/? I/BroadcastQueue: am_broadcast_enqueue: [background,1,Intent { act=android.net.conn.DATA_ACTIVITY_CHANGE flg=0x10 (has extras) },1]
06-04 23:03:46.258 2193-2472/? I/BroadcastQueue: am_broadcast_enqueue: [background,1,Intent { act=X.09G.ACTION_BACKUP_ALARM.FBNS.com.facebook.katana flg=0x14 pkg=com.facebook.katana (has extras) },1]
06-04 23:03:46.262 2605-2605/? D/KeyguardUpdateMonitor: received broadcast android.intent.action.TIME_TICK
06-04 23:03:46.263 2605-2605/? D/KeyguardUpdateMonitor: handleTimeUpdate
06-04 23:03:46.265 2193-2722/? I/BroadcastQueue: am_broadcast_finished: [background,1,Intent { act=android.net.conn.DATA_ACTIVITY_CHANGE flg=0x10 (has extras) }]
06-04 23:03:46.265 2193-2230/? E/BatteryStatsService: no controller energy info supplied
06-04 23:03:46.267 2193-2230/? E/KernelCpuSpeedReader: Failed to read cpu-freq: /sys/devices/system/cpu/cpu4/cpufreq/stats/time_in_state (No such file or directory)
06-04 23:03:30.274 1003-1003/? W/ipacm: type=1400 audit(0.0:37870): avc: denied { sendto } for path="/dev/socket/ipacm_log_file" scontext=u:r:ipacm:s0 tcontext=u:r:ipacm-diag:s0 tclass=unix_dgram_socket permissive=0 ppid=1 pcomm="init" pgid=986 pgcomm="ipacm"
06-04 23:03:46.283 2193-6661/? D/ConnectivityService: Returning blocked NetworkInfo to uid=10379
06-04 23:03:46.291 2193-15293/? I/BroadcastQueue: am_broadcast_finished: [background,1,Intent { act=X.09G.ACTION_BACKUP_ALARM.FBNS.com.facebook.katana flg=0x14 pkg=com.facebook.katana (has extras) }]
06-04 23:03:46.431 2193-2207/? I/BroadcastQueue: am_broadcast_finished: [foreground,1,Intent { act=android.intent.action.TIME_TICK flg=0x50000014 (has extras) }]
06-04 23:03:46.239 1003-1003/? W/ipacm: type=1400 audit(0.0:37871): avc: denied { sendto } for path="/dev/socket/ipacm_log_file" scontext=u:r:ipacm:s0 tcontext=u:r:ipacm-diag:s0 tclass=unix_dgram_socket permissive=0 ppid=1 pcomm="init" pgid=986 pgcomm="ipacm"
06-04 23:03:46.239 1003-1003/? W/ipacm: type=1400 audit(0.0:37872): avc: denied { sendto } for path="/dev/socket/ipacm_log_file" scontext=u:r:ipacm:s0 tcontext=u:r:ipacm-diag:s0 tclass=unix_dgram_socket permissive=0 ppid=1 pcomm="init" pgid=986 pgcomm="ipacm"
06-04 23:04:06.515 1003-1003/? W/ipacm: type=1400 audit(0.0:37873): avc: denied { sendto } for path="/dev/socket/ipacm_log_file" scontext=u:r:ipacm:s0 tcontext=u:r:ipacm-diag:s0 tclass=unix_dgram_socket permissive=0 ppid=1 pcomm="init" pgid=986 pgcomm="ipacm"
06-04 23:04:06.515 1003-1003/? W/ipacm: type=1400 audit(0.0:37874): avc: denied { sendto } for path="/dev/socket/ipacm_log_file" scontext=u:r:ipacm:s0 tcontext=u:r:ipacm-diag:s0 tclass=unix_dgram_socket permissive=0 ppid=1 pcomm="init" pgid=986 pgcomm="ipacm"
06-04 23:04:06.528 2193-2256/? I/BroadcastQueue: am_broadcast_enqueue: [background,1,Intent { act=android.net.conn.DATA_ACTIVITY_CHANGE flg=0x10 (has extras) },1]
06-04 23:04:06.533 2193-3315/? I/BroadcastQueue: am_broadcast_finished: [background,1,Intent { act=android.net.conn.DATA_ACTIVITY_CHANGE flg=0x10 (has extras) }]
06-04 23:04:06.537 2193-2230/? E/BatteryStatsService: no controller energy info supplied
06-04 23:04:06.538 2193-2230/? E/KernelCpuSpeedReader: Failed to read cpu-freq: /sys/devices/system/cpu/cpu4/cpufreq/stats/time_in_state (No such file or directory)
06-04 23:04:06.547 2541-2541/? I/wpa_supplicant: wlan0: WPA: Group rekeying completed with c6:ea:1d:48:70:4b [GTK=CCMP]
06-04 23:04:06.564 2193-2498/? I/BroadcastQueue: am_broadcast_enqueue: [background,0,Intent { act=android.net.wifi.supplicant.STATE_CHANGE flg=0x24000010 (has extras) },1]
06-04 23:04:06.565 2193-2225/? I/BroadcastQueue: am_broadcast_finished: [background,0,Intent { act=android.net.wifi.supplicant.STATE_CHANGE flg=0x24000010 (has extras) }]
06-04 23:04:06.566 2193-2498/? I/BroadcastQueue: am_broadcast_enqueue: [background,0,Intent { act=android.net.wifi.supplicant.STATE_CHANGE flg=0x24000010 (has extras) },1]
06-04 23:04:06.567 2193-2225/? I/BroadcastQueue: am_broadcast_finished: [background,0,Intent { act=android.net.wifi.supplicant.STATE_CHANGE flg=0x24000010 (has extras) }]
06-04 23:04:06.573 2193-2256/? I/BroadcastQueue: am_broadcast_enqueue: [background,1,Intent { act=android.net.conn.DATA_ACTIVITY_CHANGE flg=0x10 (has extras) },1]
06-04 23:04:06.574 2193-2230/? E/BatteryStatsService: no controller energy info supplied
06-04 23:04:06.575 2193-6679/? I/BroadcastQueue: am_broadcast_finished: [background,1,Intent { act=android.net.conn.DATA_ACTIVITY_CHANGE flg=0x10 (has extras) }]
06-04 23:04:06.575 2193-2230/? E/KernelCpuSpeedReader: Failed to read cpu-freq: /sys/devices/system/cpu/cpu4/cpufreq/stats/time_in_state (No such file or directory)
06-04 23:04:46.357 973-973/? I/MSM-irqbalance: Decided to move IRQ304 from CPU0 to CPU3
06-04 23:04:46.338 1003-1003/? W/ipacm: type=1400 audit(0.0:37875): avc: denied { sendto } for path="/dev/socket/ipacm_log_file" scontext=u:r:ipacm:s0 tcontext=u:r:ipacm-diag:s0 tclass=unix_dgram_socket permissive=0 ppid=1 pcomm="init" pgid=986 pgcomm="ipacm"
06-04 23:04:46.365 2193-2225/? E/KernelCpuSpeedReader: Failed to read cpu-freq: /sys/devices/system/cpu/cpu4/cpufreq/stats/time_in_state (No such file or directory)
06-04 23:04:46.338 1003-1003/? W/ipacm: type=1400 audit(0.0:37876): avc: denied { sendto } for path="/dev/socket/ipacm_log_file" scontext=u:r:ipacm:s0 tcontext=u:r:ipacm-diag:s0 tclass=unix_dgram_socket permissive=0 ppid=1 pcomm="init" pgid=986 pgcomm="ipacm"
06-04 23:04:46.385 2193-2256/? I/BroadcastQueue: am_broadcast_enqueue: [background,1,Intent { act=android.net.conn.DATA_ACTIVITY_CHANGE flg=0x10 (has extras) },1]
06-04 23:04:46.388 2193-2230/? E/BatteryStatsService: no controller energy info supplied
06-04 23:04:46.389 2193-2230/? E/KernelCpuSpeedReader: Failed to read cpu-freq: /sys/devices/system/cpu/cpu4/cpufreq/stats/time_in_state (No such file or directory)
06-04 23:04:46.465 2193-15294/? I/BroadcastQueue: am_broadcast_finished: [background,1,Intent { act=android.net.conn.DATA_ACTIVITY_CHANGE flg=0x10 (has extras) }]
06-04 23:04:46.670 2193-2256/? I/BroadcastQueue: am_broadcast_enqueue: [background,1,Intent { act=android.net.conn.DATA_ACTIVITY_CHANGE flg=0x10 (has extras) },1]
06-04 23:04:46.673 2193-2230/? E/BatteryStatsService: no controller energy info supplied
06-04 23:04:46.675 2193-2230/? E/KernelCpuSpeedReader: Failed to read cpu-freq: /sys/devices/system/cpu/cpu4/cpufreq/stats/time_in_state (No such file or directory)
06-04 23:04:46.677 2193-2713/? I/BroadcastQueue: am_broadcast_finished: [background,1,Intent { act=android.net.conn.DATA_ACTIVITY_CHANGE flg=0x10 (has extras) }]
06-04 23:05:00.387 2193-2472/? I/BroadcastQueue: am_broadcast_enqueue: [foreground,1,Intent { act=android.intent.action.TIME_TICK flg=0x50000014 (has extras) },16]
06-04 23:05:00.376 1003-1003/? W/ipacm: type=1400 audit(0.0:37877): avc: denied { sendto } for path="/dev/socket/ipacm_log_file" scontext=u:r:ipacm:s0 tcontext=u:r:ipacm-diag:s0 tclass=unix_dgram_socket permissive=0 ppid=1 pcomm="init" pgid=986 pgcomm="ipacm"
06-04 23:05:00.376 1003-1003/? W/ipacm: type=1400 audit(0.0:37878): avc: denied { sendto } for path="/dev/socket/ipacm_log_file" scontext=u:r:ipacm:s0 tcontext=u:r:ipacm-diag:s0 tclass=unix_dgram_socket permissive=0 ppid=1 pcomm="init" pgid=986 pgcomm="ipacm"
06-04 23:05:00.389 2193-2472/? I/BroadcastQueue: am_broadcast_enqueue: [background,1,Intent { act=com.android.server.action.NETWORK_STATS_POLL flg=0x14 (has extras) },1]
06-04 23:05:00.390 2193-2472/? I/BroadcastQueue: am_broadcast_enqueue: [background,1,Intent { act=com.google.android.location.ALARM_WAKEUP_SENSOR_COLLECTOR flg=0x14 (has extras) },1]
06-04 23:05:00.391 2193-2472/? I/BroadcastQueue: am_broadcast_enqueue: [background,1,Intent { act=com.autonavi.minimap.action.Badge flg=0x14 (has extras) },1]
06-04 23:05:00.397 2193-2472/? I/BroadcastQueue: am_broadcast_enqueue: [background,1,Intent { act=com.google.android.gms.location.fused.SEND_LOCATION_IN_SMD_MODE flg=0x14 pkg=com.google.android.gms (has extras) },1]
06-04 23:05:00.397 2193-2472/? I/BroadcastQueue: am_broadcast_enqueue: [background,1,Intent { act=com.google.android.location.ALARM_WAKEUP_LOCATOR flg=0x14 (has extras) },1]
06-04 23:05:00.398 2193-2472/? I/BroadcastQueue: am_broadcast_enqueue: [background,1,Intent { act=com.tencent.mm.TrafficStatsReceiver flg=0x14 (has extras) },1]
06-04 23:05:00.403 2193-2472/? I/BroadcastQueue: am_broadcast_enqueue: [background,1,Intent { flg=0x14 cmp=com.oryanmat.trellowidget/com.github.oryanmat.trellowidget.widget.AlarmReceiver (has extras) },1]
06-04 23:05:00.415 2605-2605/? D/KeyguardUpdateMonitor: received broadcast android.intent.action.TIME_TICK
06-04 23:05:00.415 2605-2605/? D/KeyguardUpdateMonitor: handleTimeUpdate
06-04 23:05:00.423 3245-13649/? D/QtiTetherService/IpaWrapper: getStats(false)
06-04 23:05:00.516 2193-2487/? I/BroadcastQueue: am_broadcast_enqueue: [background,0,Intent { act=com.android.server.action.NETWORK_STATS_UPDATED flg=0x40000010 },1]
06-04 23:05:00.516 2193-2225/? I/BroadcastQueue: am_broadcast_finished: [background,0,Intent { act=com.android.server.action.NETWORK_STATS_UPDATED flg=0x40000010 }]
06-04 23:05:00.519 2193-2487/? I/BroadcastQueue: am_broadcast_finished: [background,1,Intent { act=com.android.server.action.NETWORK_STATS_POLL flg=0x14 (has extras) }]
06-04 23:05:00.531 2193-5318/? I/BroadcastQueue: am_broadcast_finished: [background,1,Intent { act=com.google.android.location.ALARM_WAKEUP_SENSOR_COLLECTOR flg=0x14 (has extras) }]
06-04 23:05:00.562 2193-3312/? I/BroadcastQueue: am_broadcast_finished: [foreground,1,Intent { act=android.intent.action.TIME_TICK flg=0x50000014 (has extras) }]
06-04 23:05:00.568 2193-6669/? I/BroadcastQueue: am_broadcast_finished: [background,1,Intent { act=com.autonavi.minimap.action.Badge flg=0x14 (has extras) }]
06-04 23:05:00.577 2193-6489/? I/BroadcastQueue: am_broadcast_enqueue: [background,1,Intent { act=com.facebook.intent.action.prod.BACKGROUND_LOCATION_REPORTING_ACTION_LOCATION_UPDATE flg=0x10 pkg=com.facebook.katana (has extras) },1]
06-04 23:05:00.583 3167-8737/? W/ctxmgr: [AclManager]No 2 for (accnt=account#850801081#, com.google.android.gms(10038):UserLocationProducer, vrsn=10298000, 0, 3pPkg = null ,  3pMdlId = null). Was: 2 for 1, account#850801081#
06-04 23:05:00.588 2193-6700/? I/BroadcastQueue: am_broadcast_finished: [background,1,Intent { act=com.google.android.gms.location.fused.SEND_LOCATION_IN_SMD_MODE flg=0x14 pkg=com.google.android.gms (has extras) }]
06-04 23:05:00.593 2193-2208/? D/WifiService: acquireWifiLockLocked: WifiLock{NlpWifiLock type=2 uid=10038}
06-04 23:05:00.597 2193-5318/? I/BroadcastQueue: am_broadcast_finished: [background,1,Intent { act=com.google.android.location.ALARM_WAKEUP_LOCATOR flg=0x14 (has extras) }]
06-04 23:05:00.617 2193-3315/? I/BroadcastQueue: am_broadcast_finished: [background,1,Intent { act=com.tencent.mm.TrafficStatsReceiver flg=0x14 (has extras) }]
06-04 23:05:00.629 2193-3312/? I/BroadcastQueue: am_broadcast_enqueue: [background,1,Intent { act=android.appwidget.action.APPWIDGET_UPDATE flg=0x10 cmp=com.oryanmat.trellowidget/com.github.oryanmat.trellowidget.widget.TrelloWidgetProvider (has extras) },1]
06-04 23:05:00.631 2193-6675/? I/BroadcastQueue: am_broadcast_finished: [background,1,Intent { flg=0x14 (has extras) }]
06-04 23:05:00.641 2193-2722/? I/BroadcastQueue: am_broadcast_finished: [background,1,Intent { act=com.facebook.intent.action.prod.BACKGROUND_LOCATION_REPORTING_ACTION_LOCATION_UPDATE flg=0x10 pkg=com.facebook.katana (has extras) }]
06-04 23:05:00.648 2193-2722/? I/BroadcastQueue: am_broadcast_finished: [background,1,Intent { act=android.appwidget.action.APPWIDGET_UPDATE flg=0x10 (has extras) }]
06-04 23:05:00.688 8708-8741/? W/com.google.protobuf.ey: copyMemory is missing from platform - proto runtime falling back to safer methods.
06-04 23:05:00.693 2193-3306/? I/BroadcastQueue: am_broadcast_enqueue: [background,1,Intent { act=com.google.android.gms.gcm.ACTION_SCHEDULE flg=0x10 pkg=com.google.android.gms (has extras) },1]
06-04 23:05:00.698 2193-15333/? I/BroadcastQueue: am_broadcast_finished: [background,1,Intent { act=com.google.android.gms.gcm.ACTION_SCHEDULE flg=0x10 pkg=com.google.android.gms (has extras) }]
06-04 23:05:00.751 8708-12596/? W/LocationOracle: getBestLocation(): no location is available
06-04 23:05:00.784 8708-12596/? I/WebViewFactory: Loading com.android.chrome version 58.0.3029.83 (code 302908352)
06-04 23:05:00.982 8708-12596/? I/cr_LibraryLoader: Time to load native libraries: 11 ms (timestamps 3871-3882)
06-04 23:05:01.020 8708-12596/? I/chromium: [INFO:library_loader_hooks.cc(140)] Chromium logging enabled: level = 0, default verbosity = 0
06-04 23:05:01.020 8708-12596/? I/cr_LibraryLoader: Expected native library version number "58.0.3029.83", actual native library version number "58.0.3029.83"
06-04 23:05:01.245 8708-12594/? I/cr_CronetLibraryLoader: Cronet version: 58.0.3019.3, arch: aarch64
06-04 23:05:01.251 2193-8766/? I/BroadcastQueue: am_broadcast_enqueue: [background,0,Intent { act=android.net.conn.CONNECTIVITY_CHANGE flg=0x4000010 (has extras) },1]
06-04 23:05:01.252 2193-2225/? I/BroadcastQueue: am_broadcast_finished: [background,0,Intent { act=android.net.conn.CONNECTIVITY_CHANGE flg=0x4000010 (has extras) }]
06-04 23:05:01.378 8708-12615/? D/NetworkSecurityConfig: Using Network Security Config from resource network_security_config debugBuild: false
06-04 23:05:01.632 973-973/? I/MSM-irqbalance: Decided to move IRQ215 from CPU0 to CPU3
06-04 23:05:02.215 1112-2539/? E/LOWI-7.7.2.5.a: [LOWIUtils] channelBandToFreq: Invalid band,channel = 1,0
06-04 23:05:02.216 1112-2539/? E/LOWI-7.7.2.5.a: [LOWIUtils] channelBandToFreq: Invalid band,channel = 1,0
06-04 23:05:02.216 1112-2539/? E/LOWI-7.7.2.5.a: [LOWIUtils] channelBandToFreq: Invalid band,channel = 1,0
06-04 23:05:02.311 2193-15333/? D/WifiService: releaseWifiLockLocked: WifiLock{NlpWifiLock type=2 uid=10038}
06-04 23:05:02.314 3167-10697/? W/ctxmgr: [AclManager]No 2 for (accnt=account#850801081#, com.google.android.gms(10038):UserLocationProducer, vrsn=10298000, 0, 3pPkg = null ,  3pMdlId = null). Was: 2 for 1, account#850801081#
06-04 23:05:04.356 1003-1003/? W/ipacm: type=1400 audit(0.0:37879): avc: denied { sendto } for path="/dev/socket/ipacm_log_file" scontext=u:r:ipacm:s0 tcontext=u:r:ipacm-diag:s0 tclass=unix_dgram_socket permissive=0 ppid=1 pcomm="init" pgid=986 pgcomm="ipacm"
06-04 23:05:04.356 1003-1003/? W/ipacm: type=1400 audit(0.0:37880): avc: denied { sendto } for path="/dev/socket/ipacm_log_file" scontext=u:r:ipacm:s0 tcontext=u:r:ipacm-diag:s0 tclass=unix_dgram_socket permissive=0 ppid=1 pcomm="init" pgid=986 pgcomm="ipacm"
06-04 23:05:05.390 2193-2225/? E/KernelCpuSpeedReader: Failed to read cpu-freq: /sys/devices/system/cpu/cpu4/cpufreq/stats/time_in_state (No such file or directory)
06-04 23:05:05.617 2193-2230/? I/chatty: uid=1000(system) batterystats-sy expire 1 line
06-04 23:05:05.618 2193-2193/? I/BroadcastQueue: am_broadcast_enqueue: [background,0,Intent { act=android.intent.action.BATTERY_CHANGED flg=0x60000010 (has extras) },28]
06-04 23:05:05.623 2193-2225/? E/KernelCpuSpeedReader: Failed to read cpu-freq: /sys/devices/system/cpu/cpu4/cpufreq/stats/time_in_state (No such file or directory)
06-04 23:05:05.628 2193-2230/? E/BatteryStatsService: no controller energy info supplied
06-04 23:05:05.628 2193-2230/? E/BatteryStatsService: no controller energy info supplied
06-04 23:05:05.650 2622-2622/? D/TransmitPowerReceiver: Old PowerLevel: 5, current PowerLevel: 5
06-04 23:05:05.651 2605-2605/? D/KeyguardUpdateMonitor: received broadcast android.intent.action.BATTERY_CHANGED
06-04 23:05:05.652 3245-3355/? W/QCNEJ: |CORE| CNE received unexpected action: android.intent.action.BATTERY_CHANGED
06-04 23:05:05.656 2605-2605/? D/KeyguardUpdateMonitor: handleBatteryUpdate
06-04 23:05:05.657 2193-2225/? I/BroadcastQueue: am_broadcast_finished: [background,0,Intent { act=android.intent.action.BATTERY_CHANGED flg=0x60000010 (has extras) }]
06-04 23:05:05.658 2193-2230/? E/KernelCpuSpeedReader: Failed to read cpu-freq: /sys/devices/system/cpu/cpu4/cpufreq/stats/time_in_state (No such file or directory)
06-04 23:05:05.684 2193-2230/? E/BatteryStatsService: modem info is invalid: ModemActivityInfo{ mTimestamp=0 mSleepTimeMs=0 mIdleTimeMs=0 mTxTimeMs[]=[0, 0, 0, 0, 0] mRxTimeMs=0 mEnergyUsed=0}
06-04 23:05:05.735 8019-8041/? D/ConnectivityManager: getMobileDataEnabled()+ subId=3
06-04 23:05:05.736 8019-8041/? D/ConnectivityManager: getMobileDataEnabled()- subId=3 retVal=true
06-04 23:05:07.409 973-973/? I/MSM-irqbalance: Decided to move IRQ304 from CPU0 to CPU3
06-04 23:05:07.656 1001-1001/? W/ipacm: type=1400 audit(0.0:37881): avc: denied { sendto } for path="/dev/socket/ipacm_log_file" scontext=u:r:ipacm:s0 tcontext=u:r:ipacm-diag:s0 tclass=unix_dgram_socket permissive=0 ppid=1 pcomm="init" pgid=986 pgcomm="ipacm"
06-04 23:05:07.656 1001-1001/? W/ipacm: type=1400 audit(0.0:37882): avc: denied { sendto } for path="/dev/socket/ipacm_log_file" scontext=u:r:ipacm:s0 tcontext=u:r:ipacm-diag:s0 tclass=unix_dgram_socket permissive=0 ppid=1 pcomm="init" pgid=986 pgcomm="ipacm"
06-04 23:05:07.656 1001-1001/? W/ipacm: type=1400 audit(0.0:37883): avc: denied { sendto } for path="/dev/socket/ipacm_log_file" scontext=u:r:ipacm:s0 tcontext=u:r:ipacm-diag:s0 tclass=unix_dgram_socket permissive=0 ppid=1 pcomm="init" pgid=986 pgcomm="ipacm"
06-04 23:05:07.656 1000-1000/? W/ipacm: type=1400 audit(0.0:37884): avc: denied { sendto } for path="/dev/socket/ipacm_log_file" scontext=u:r:ipacm:s0 tcontext=u:r:ipacm-diag:s0 tclass=unix_dgram_socket permissive=0 ppid=1 pcomm="init" pgid=986 pgcomm="ipacm"
06-04 23:05:42.395 2193-2256/? I/BroadcastQueue: am_broadcast_enqueue: [background,1,Intent { act=android.net.conn.DATA_ACTIVITY_CHANGE flg=0x10 (has extras) },1]
06-04 23:05:42.397 2193-2579/? I/BroadcastQueue: am_broadcast_finished: [background,1,Intent { act=android.net.conn.DATA_ACTIVITY_CHANGE flg=0x10 (has extras) }]
06-04 23:05:42.367 1003-1003/? W/ipacm: type=1400 audit(0.0:37885): avc: denied { sendto } for path="/dev/socket/ipacm_log_file" scontext=u:r:ipacm:s0 tcontext=u:r:ipacm-diag:s0 tclass=unix_dgram_socket permissive=0 ppid=1 pcomm="init" pgid=986 pgcomm="ipacm"
06-04 23:05:42.367 1003-1003/? W/ipacm: type=1400 audit(0.0:37886): avc: denied { sendto } for path="/dev/socket/ipacm_log_file" scontext=u:r:ipacm:s0 tcontext=u:r:ipacm-diag:s0 tclass=unix_dgram_socket permissive=0 ppid=1 pcomm="init" pgid=986 pgcomm="ipacm"
06-04 23:05:42.417 12627-12627/? W/qcom-system-dae: type=1400 audit(0.0:37887): avc: denied { read write } for name="diag" dev="tmpfs" ino=1969 scontext=u:r:qcomsysd:s0 tcontext=u:object_r:diag_device:s0 tclass=chr_file permissive=0 ppid=1 pcomm="init" pgid=1 pgcomm="init"
06-04 23:05:42.420 12627-12627/? I/libmdmdetect: ESOC framework not supported
06-04 23:05:42.421 12627-12627/? I/libmdmdetect: Found internal modem: modem
06-04 23:05:42.421 12627-12627/? E/QCOMSysDaemon: Can't find/open bootselect node: (No such file or directory)
06-04 23:05:42.421 12627-12627/? I/QCOMSysDaemon: Starting qcom system daemon
06-04 23:05:42.421 12627-12627/? E/Diag_Lib:  Diag_LSM_Init: Failed to open handle to diag driver, error = 13
06-04 23:05:42.421 12627-12627/? E/QCOMSysDaemon:  Diag_LSM_Init failed : 0
06-04 23:05:42.619 2193-9344/? I/chatty: uid=1000(system) DhcpClient expire 5 lines
06-04 23:05:42.623 2193-2230/? E/BatteryStatsService: no controller energy info supplied
06-04 23:05:42.625 2193-2230/? E/KernelCpuSpeedReader: Failed to read cpu-freq: /sys/devices/system/cpu/cpu4/cpufreq/stats/time_in_state (No such file or directory)
06-04 23:05:42.626 2193-9346/? I/chatty: uid=1000(system) Thread-596 expire 1 line
06-04 23:05:42.654 2193-2256/? I/BroadcastQueue: am_broadcast_enqueue: [background,1,Intent { act=android.net.conn.DATA_ACTIVITY_CHANGE flg=0x10 (has extras) },1]
06-04 23:05:42.627 1003-1003/? W/ipacm: type=1400 audit(0.0:37888): avc: denied { sendto } for path="/dev/socket/ipacm_log_file" scontext=u:r:ipacm:s0 tcontext=u:r:ipacm-diag:s0 tclass=unix_dgram_socket permissive=0 ppid=1 pcomm="init" pgid=986 pgcomm="ipacm"
06-04 23:05:42.627 1003-1003/? W/ipacm: type=1400 audit(0.0:37889): avc: denied { sendto } for path="/dev/socket/ipacm_log_file" scontext=u:r:ipacm:s0 tcontext=u:r:ipacm-diag:s0 tclass=unix_dgram_socket permissive=0 ppid=1 pcomm="init" pgid=986 pgcomm="ipacm"
06-04 23:05:42.656 2193-5318/? I/BroadcastQueue: am_broadcast_finished: [background,1,Intent { act=android.net.conn.DATA_ACTIVITY_CHANGE flg=0x10 (has extras) }]
06-04 23:05:42.694 2193-2498/? I/BroadcastQueue: am_broadcast_enqueue: [background,0,Intent { act=android.net.wifi.STATE_CHANGE flg=0x4000010 (has extras) },12]
06-04 23:05:42.694 2193-2498/? I/BroadcastQueue: am_broadcast_enqueue: [background,1,Intent { act=android.net.wifi.STATE_CHANGE flg=0x4000010 (has extras) },4]
06-04 23:05:42.697 2193-2225/? I/BroadcastQueue: am_broadcast_finished: [background,0,Intent { act=android.net.wifi.STATE_CHANGE flg=0x4000010 (has extras) }]
06-04 23:05:42.704 2193-2498/? I/BroadcastQueue: am_broadcast_enqueue: [background,0,Intent { act=android.net.wifi.LINK_CONFIGURATION_CHANGED flg=0x4000010 (has extras) },1]
06-04 23:05:42.705 2193-2225/? I/BroadcastQueue: am_broadcast_finished: [background,0,Intent { act=android.net.wifi.LINK_CONFIGURATION_CHANGED flg=0x4000010 (has extras) }]
06-04 23:05:42.706 2193-2230/? E/BatteryStatsService: no controller energy info supplied
06-04 23:05:42.708 2193-2230/? E/KernelCpuSpeedReader: Failed to read cpu-freq: /sys/devices/system/cpu/cpu4/cpufreq/stats/time_in_state (No such file or directory)
06-04 23:05:42.735 2193-2193/? W/ContextImpl: Calling a method in the system process without a qualified user: android.app.ContextImpl.startService:1358 android.content.ContextWrapper.startService:613 android.content.ContextWrapper.startService:613 com.sonymobile.wifi.idd.IddUtils.startIddService:16 com.sonymobile.wifi.idd.IddReceiver.onReceive:27 
06-04 23:05:42.736 2193-2193/? D/ActivityManager: SystemUid, not FirstBoot, not Upgrade, use SERVICE_TIMEOUT
06-04 23:05:42.766 10031-10031/? E/WifiStateBroadcast: android.net.wifi.STATE_CHANGE : CONNECTED
06-04 23:05:42.767 2193-3306/? I/BroadcastQueue: am_broadcast_finished: [background,1,Intent { act=android.net.wifi.STATE_CHANGE flg=0x4000010 (has extras) }]
06-04 23:06:46.550 1003-1003/? W/ipacm: type=1400 audit(0.0:37890): avc: denied { sendto } for path="/dev/socket/ipacm_log_file" scontext=u:r:ipacm:s0 tcontext=u:r:ipacm-diag:s0 tclass=unix_dgram_socket permissive=0 ppid=1 pcomm="init" pgid=986 pgcomm="ipacm"
06-04 23:06:46.550 1003-1003/? W/ipacm: type=1400 audit(0.0:37891): avc: denied { sendto } for path="/dev/socket/ipacm_log_file" scontext=u:r:ipacm:s0 tcontext=u:r:ipacm-diag:s0 tclass=unix_dgram_socket permissive=0 ppid=1 pcomm="init" pgid=986 pgcomm="ipacm"
06-04 23:06:46.577 2193-2256/? I/BroadcastQueue: am_broadcast_enqueue: [background,1,Intent { act=android.net.conn.DATA_ACTIVITY_CHANGE flg=0x10 (has extras) },1]
06-04 23:06:46.578 2193-2230/? E/BatteryStatsService: no controller energy info supplied
06-04 23:06:46.580 2193-2230/? E/KernelCpuSpeedReader: Failed to read cpu-freq: /sys/devices/system/cpu/cpu4/cpufreq/stats/time_in_state (No such file or directory)
06-04 23:06:46.580 2193-3315/? I/BroadcastQueue: am_broadcast_finished: [background,1,Intent { act=android.net.conn.DATA_ACTIVITY_CHANGE flg=0x10 (has extras) }]
06-04 23:07:30.405 1003-1003/? W/ipacm: type=1400 audit(0.0:37892): avc: denied { sendto } for path="/dev/socket/ipacm_log_file" scontext=u:r:ipacm:s0 tcontext=u:r:ipacm-diag:s0 tclass=unix_dgram_socket permissive=0 ppid=1 pcomm="init" pgid=986 pgcomm="ipacm"
06-04 23:07:30.405 1003-1003/? W/ipacm: type=1400 audit(0.0:37893): avc: denied { sendto } for path="/dev/socket/ipacm_log_file" scontext=u:r:ipacm:s0 tcontext=u:r:ipacm-diag:s0 tclass=unix_dgram_socket permissive=0 ppid=1 pcomm="init" pgid=986 pgcomm="ipacm"
06-04 23:07:30.415 2193-2225/? E/KernelCpuSpeedReader: Failed to read cpu-freq: /sys/devices/system/cpu/cpu4/cpufreq/stats/time_in_state (No such file or directory)
06-04 23:07:30.436 2193-6666/? I/BroadcastQueue: am_broadcast_enqueue: [background,1,Intent { flg=0x10 cmp=com.tencent.mm/.booter.NotifyReceiver (has extras) },1]
06-04 23:07:30.447 2193-2256/? I/BroadcastQueue: am_broadcast_enqueue: [background,1,Intent { act=android.net.conn.DATA_ACTIVITY_CHANGE flg=0x10 (has extras) },1]
06-04 23:07:30.449 2193-2256/? I/BroadcastQueue: am_broadcast_enqueue: [background,1,Intent { act=android.net.conn.DATA_ACTIVITY_CHANGE flg=0x10 (has extras) },1]
06-04 23:07:30.456 2193-2230/? E/BatteryStatsService: no controller energy info supplied
06-04 23:07:30.457 2193-2230/? E/KernelCpuSpeedReader: Failed to read cpu-freq: /sys/devices/system/cpu/cpu4/cpufreq/stats/time_in_state (No such file or directory)
06-04 23:07:30.480 2193-2230/? E/BatteryStatsService: no controller energy info supplied
06-04 23:07:30.481 2193-2230/? E/KernelCpuSpeedReader: Failed to read cpu-freq: /sys/devices/system/cpu/cpu4/cpufreq/stats/time_in_state (No such file or directory)
06-04 23:07:30.552 2193-5318/? I/BroadcastQueue: am_broadcast_finished: [background,1,Intent { flg=0x10 (has extras) }]
06-04 23:07:30.556 2193-5318/? I/BroadcastQueue: am_broadcast_finished: [background,1,Intent { act=android.net.conn.DATA_ACTIVITY_CHANGE flg=0x10 (has extras) }]
06-04 23:07:30.559 2193-5318/? I/BroadcastQueue: am_broadcast_finished: [background,1,Intent { act=android.net.conn.DATA_ACTIVITY_CHANGE flg=0x10 (has extras) }]
06-04 23:07:38.393 2193-2472/? I/BroadcastQueue: am_broadcast_enqueue: [foreground,1,Intent { act=android.intent.action.TIME_TICK flg=0x50000014 (has extras) },16]
06-04 23:07:38.398 2193-2472/? I/BroadcastQueue: am_broadcast_enqueue: [background,1,Intent { act=com.google.android.gms.location.fused.SEND_LOCATION_IN_SMD_MODE flg=0x14 pkg=com.google.android.gms (has extras) },1]
06-04 23:07:38.402 2193-2472/? I/BroadcastQueue: am_broadcast_enqueue: [background,1,Intent { act=CONTEXT_MANAGER_ALARM_WAKEUP_228263 flg=0x14 (has extras) },1]
06-04 23:07:38.406 2605-2605/? D/KeyguardUpdateMonitor: received broadcast android.intent.action.TIME_TICK
06-04 23:07:38.407 2605-2605/? D/KeyguardUpdateMonitor: handleTimeUpdate
06-04 23:07:38.387 1003-1003/? W/ipacm: type=1400 audit(0.0:37894): avc: denied { sendto } for path="/dev/socket/ipacm_log_file" scontext=u:r:ipacm:s0 tcontext=u:r:ipacm-diag:s0 tclass=unix_dgram_socket permissive=0 ppid=1 pcomm="init" pgid=986 pgcomm="ipacm"
06-04 23:07:38.387 1003-1003/? W/ipacm: type=1400 audit(0.0:37895): avc: denied { sendto } for path="/dev/socket/ipacm_log_file" scontext=u:r:ipacm:s0 tcontext=u:r:ipacm-diag:s0 tclass=unix_dgram_socket permissive=0 ppid=1 pcomm="init" pgid=986 pgcomm="ipacm"
06-04 23:07:38.420 2193-2207/? I/BroadcastQueue: am_broadcast_enqueue: [background,1,Intent { act=com.facebook.intent.action.prod.BACKGROUND_LOCATION_REPORTING_ACTION_LOCATION_UPDATE flg=0x10 pkg=com.facebook.katana (has extras) },1]
06-04 23:07:38.426 3167-8737/? W/ctxmgr: [AclManager]No 2 for (accnt=account#850801081#, com.google.android.gms(10038):UserLocationProducer, vrsn=10298000, 0, 3pPkg = null ,  3pMdlId = null). Was: 2 for 1, account#850801081#
06-04 23:07:38.426 2193-6489/? I/BroadcastQueue: am_broadcast_finished: [background,1,Intent { act=com.google.android.gms.location.fused.SEND_LOCATION_IN_SMD_MODE flg=0x14 pkg=com.google.android.gms (has extras) }]
06-04 23:07:38.438 2193-2208/? I/BroadcastQueue: am_broadcast_finished: [background,1,Intent { act=CONTEXT_MANAGER_ALARM_WAKEUP_228263 flg=0x14 (has extras) }]
06-04 23:07:38.446 2193-6666/? I/BroadcastQueue: am_broadcast_finished: [background,1,Intent { act=com.facebook.intent.action.prod.BACKGROUND_LOCATION_REPORTING_ACTION_LOCATION_UPDATE flg=0x10 pkg=com.facebook.katana (has extras) }]
06-04 23:07:38.483 2193-15334/? I/BroadcastQueue: am_broadcast_enqueue: [background,1,Intent { act=com.google.android.gms.gcm.ACTION_SCHEDULE flg=0x10 pkg=com.google.android.gms (has extras) },1]
06-04 23:07:38.488 2193-6666/? I/BroadcastQueue: am_broadcast_finished: [background,1,Intent { act=com.google.android.gms.gcm.ACTION_SCHEDULE flg=0x10 pkg=com.google.android.gms (has extras) }]
06-04 23:07:38.561 2193-6681/? I/BroadcastQueue: am_broadcast_finished: [foreground,1,Intent { act=android.intent.action.TIME_TICK flg=0x50000014 (has extras) }]
06-04 23:07:47.997 1003-1003/? W/ipacm: type=1400 audit(0.0:37896): avc: denied { sendto } for path="/dev/socket/ipacm_log_file" scontext=u:r:ipacm:s0 tcontext=u:r:ipacm-diag:s0 tclass=unix_dgram_socket permissive=0 ppid=1 pcomm="init" pgid=986 pgcomm="ipacm"
06-04 23:07:47.997 1003-1003/? W/ipacm: type=1400 audit(0.0:37897): avc: denied { sendto } for path="/dev/socket/ipacm_log_file" scontext=u:r:ipacm:s0 tcontext=u:r:ipacm-diag:s0 tclass=unix_dgram_socket permissive=0 ppid=1 pcomm="init" pgid=986 pgcomm="ipacm"
06-04 23:07:48.001 633-633/? I/rmt_storage: rmt_storage_connect_cb: clnt_h=0x3d conn_h=0x7f7f42a3e0
06-04 23:07:48.002 633-633/? I/rmt_storage: rmt_storage_rw_iovec_cb: /boot/modem_fs2: clnt_h=0x3d: req_h=0x3d msg_id=3: R/W request received
06-04 23:07:48.002 633-633/? I/rmt_storage: wakelock acquired: 1, error no: 42
06-04 23:07:48.003 633-1078/? I/rmt_storage: rmt_storage_client_thread: /boot/modem_fs2: clnt_h=0x3d Unblock worker thread (th_id: 547593135184)
06-04 23:07:48.005 973-973/? I/MSM-irqbalance: Decided to move IRQ170 from CPU0 to CPU3
06-04 23:07:48.060 633-1078/? I/rmt_storage: rmt_storage_client_thread: /boot/modem_fs2: clnt_h=0x3d: req_h=0x3d msg_id=3: Bytes written = 1572864
06-04 23:07:48.060 633-1078/? I/rmt_storage: rmt_storage_client_thread: /boot/modem_fs2: clnt_h=0x3d: req_h=0x3d msg_id=3: Send response: res=0 err=0
06-04 23:07:48.060 633-1078/? I/rmt_storage: rmt_storage_client_thread: /boot/modem_fs2: clnt_h=0x3d About to block rmt_storage client thread (th_id: 547593135184) wakelock released: 1, error no: 0
06-04 23:07:48.064 633-633/? I/rmt_storage: rmt_storage_disconnect_cb: clnt_h=0x3d conn_h=0x7f7f42a3e0
06-04 23:09:00.406 1003-1003/? W/ipacm: type=1400 audit(0.0:37898): avc: denied { sendto } for path="/dev/socket/ipacm_log_file" scontext=u:r:ipacm:s0 tcontext=u:r:ipacm-diag:s0 tclass=unix_dgram_socket permissive=0 ppid=1 pcomm="init" pgid=986 pgcomm="ipacm"
06-04 23:09:00.406 1003-1003/? W/ipacm: type=1400 audit(0.0:37899): avc: denied { sendto } for path="/dev/socket/ipacm_log_file" scontext=u:r:ipacm:s0 tcontext=u:r:ipacm-diag:s0 tclass=unix_dgram_socket permissive=0 ppid=1 pcomm="init" pgid=986 pgcomm="ipacm"
06-04 23:09:00.428 2193-2256/? I/BroadcastQueue: am_broadcast_enqueue: [background,1,Intent { act=android.net.conn.DATA_ACTIVITY_CHANGE flg=0x10 (has extras) },1]
06-04 23:09:00.429 2193-2230/? E/BatteryStatsService: no controller energy info supplied
06-04 23:09:00.430 2193-6679/? I/BroadcastQueue: am_broadcast_finished: [background,1,Intent { act=android.net.conn.DATA_ACTIVITY_CHANGE flg=0x10 (has extras) }]
06-04 23:09:00.431 2193-2230/? E/KernelCpuSpeedReader: Failed to read cpu-freq: /sys/devices/system/cpu/cpu4/cpufreq/stats/time_in_state (No such file or directory)
06-04 23:09:00.457 2193-2256/? I/BroadcastQueue: am_broadcast_enqueue: [background,1,Intent { act=android.net.conn.DATA_ACTIVITY_CHANGE flg=0x10 (has extras) },1]
06-04 23:09:00.459 2193-6488/? I/BroadcastQueue: am_broadcast_finished: [background,1,Intent { act=android.net.conn.DATA_ACTIVITY_CHANGE flg=0x10 (has extras) }]
06-04 23:09:00.460 2193-2230/? E/BatteryStatsService: no controller energy info supplied
06-04 23:09:00.461 2193-2230/? E/KernelCpuSpeedReader: Failed to read cpu-freq: /sys/devices/system/cpu/cpu4/cpufreq/stats/time_in_state (No such file or directory)
06-04 23:09:01.933 1003-1003/? W/ipacm: type=1400 audit(0.0:37900): avc: denied { sendto } for path="/dev/socket/ipacm_log_file" scontext=u:r:ipacm:s0 tcontext=u:r:ipacm-diag:s0 tclass=unix_dgram_socket permissive=0 ppid=1 pcomm="init" pgid=986 pgcomm="ipacm"
06-04 23:09:01.933 1003-1003/? W/ipacm: type=1400 audit(0.0:37901): avc: denied { sendto } for path="/dev/socket/ipacm_log_file" scontext=u:r:ipacm:s0 tcontext=u:r:ipacm-diag:s0 tclass=unix_dgram_socket permissive=0 ppid=1 pcomm="init" pgid=986 pgcomm="ipacm"
06-04 23:09:01.960 2193-2256/? I/BroadcastQueue: am_broadcast_enqueue: [background,1,Intent { act=android.net.conn.DATA_ACTIVITY_CHANGE flg=0x10 (has extras) },1]
06-04 23:09:01.963 2193-2230/? E/BatteryStatsService: no controller energy info supplied
06-04 23:09:01.964 2193-3304/? I/BroadcastQueue: am_broadcast_finished: [background,1,Intent { act=android.net.conn.DATA_ACTIVITY_CHANGE flg=0x10 (has extras) }]
06-04 23:09:01.964 2193-2230/? E/KernelCpuSpeedReader: Failed to read cpu-freq: /sys/devices/system/cpu/cpu4/cpufreq/stats/time_in_state (No such file or directory)
06-04 23:10:00.413 1003-1003/? W/ipacm: type=1400 audit(0.0:37902): avc: denied { sendto } for path="/dev/socket/ipacm_log_file" scontext=u:r:ipacm:s0 tcontext=u:r:ipacm-diag:s0 tclass=unix_dgram_socket permissive=0 ppid=1 pcomm="init" pgid=986 pgcomm="ipacm"
06-04 23:10:00.413 1003-1003/? W/ipacm: type=1400 audit(0.0:37903): avc: denied { sendto } for path="/dev/socket/ipacm_log_file" scontext=u:r:ipacm:s0 tcontext=u:r:ipacm-diag:s0 tclass=unix_dgram_socket permissive=0 ppid=1 pcomm="init" pgid=986 pgcomm="ipacm"
06-04 23:10:00.441 2193-2256/? I/BroadcastQueue: am_broadcast_enqueue: [background,1,Intent { act=android.net.conn.DATA_ACTIVITY_CHANGE flg=0x10 (has extras) },1]
06-04 23:10:00.443 2193-8765/? I/BroadcastQueue: am_broadcast_finished: [background,1,Intent { act=android.net.conn.DATA_ACTIVITY_CHANGE flg=0x10 (has extras) }]
